Component: ARM Compiler 5.06 update 7 (build 960) Tool: armlink [4d3601]

==============================================================================

Section Cross References

    startup_stm32f427xx.o(STACK) refers (Special) to heapauxi.o(.text) for __use_two_region_memory
    startup_stm32f427xx.o(HEAP) refers (Special) to heapauxi.o(.text) for __use_two_region_memory
    startup_stm32f427xx.o(RESET) refers (Special) to heapauxi.o(.text) for __use_two_region_memory
    startup_stm32f427xx.o(RESET) refers to startup_stm32f427xx.o(STACK) for __initial_sp
    startup_stm32f427xx.o(RESET) refers to startup_stm32f427xx.o(.text) for Reset_Handler
    startup_stm32f427xx.o(RESET) refers to stm32f4xx_it.o(i.NMI_Handler) for NMI_Handler
    startup_stm32f427xx.o(RESET) refers to stm32f4xx_it.o(i.HardFault_Handler) for HardFault_Handler
    startup_stm32f427xx.o(RESET) refers to stm32f4xx_it.o(i.MemManage_Handler) for MemManage_Handler
    startup_stm32f427xx.o(RESET) refers to stm32f4xx_it.o(i.BusFault_Handler) for BusFault_Handler
    startup_stm32f427xx.o(RESET) refers to stm32f4xx_it.o(i.UsageFault_Handler) for UsageFault_Handler
    startup_stm32f427xx.o(RESET) refers to port.o(.emb_text) for SVC_Handler
    startup_stm32f427xx.o(RESET) refers to stm32f4xx_it.o(i.DebugMon_Handler) for DebugMon_Handler
    startup_stm32f427xx.o(RESET) refers to cmsis_os2.o(i.SysTick_Handler) for SysTick_Handler
    startup_stm32f427xx.o(RESET) refers to stm32f4xx_it.o(i.DMA1_Stream5_IRQHandler) for DMA1_Stream5_IRQHandler
    startup_stm32f427xx.o(RESET) refers to stm32f4xx_it.o(i.DMA1_Stream6_IRQHandler) for DMA1_Stream6_IRQHandler
    startup_stm32f427xx.o(RESET) refers to stm32f4xx_it.o(i.CAN1_RX0_IRQHandler) for CAN1_RX0_IRQHandler
    startup_stm32f427xx.o(RESET) refers to stm32f4xx_it.o(i.CAN1_RX1_IRQHandler) for CAN1_RX1_IRQHandler
    startup_stm32f427xx.o(RESET) refers to stm32f4xx_it.o(i.USART2_IRQHandler) for USART2_IRQHandler
    startup_stm32f427xx.o(RESET) refers to stm32f4xx_it.o(i.TIM8_TRG_COM_TIM14_IRQHandler) for TIM8_TRG_COM_TIM14_IRQHandler
    startup_stm32f427xx.o(.text) refers (Special) to heapauxi.o(.text) for __use_two_region_memory
    startup_stm32f427xx.o(.text) refers to system_stm32f4xx.o(i.SystemInit) for SystemInit
    startup_stm32f427xx.o(.text) refers to __main.o(!!!main) for __main
    startup_stm32f427xx.o(.text) refers to startup_stm32f427xx.o(HEAP) for Heap_Mem
    startup_stm32f427xx.o(.text) refers to startup_stm32f427xx.o(STACK) for Stack_Mem
    main.o(i._Z14TIM14_Callbackv) refers to stm32f4xx_hal.o(i.HAL_IncTick) for HAL_IncTick
    main.o(i._Z18SystemClock_Configv) refers to rt_memclr_w.o(.text) for __aeabi_memclr4
    main.o(i._Z18SystemClock_Configv) refers to stm32f4xx_hal_rcc.o(i.HAL_RCC_OscConfig) for HAL_RCC_OscConfig
    main.o(i._Z18SystemClock_Configv) refers to main.o(i.Error_Handler) for Error_Handler
    main.o(i._Z18SystemClock_Configv) refers to stm32f4xx_hal_pwr_ex.o(i.HAL_PWREx_EnableOverDrive) for HAL_PWREx_EnableOverDrive
    main.o(i._Z18SystemClock_Configv) refers to stm32f4xx_hal_rcc.o(i.HAL_RCC_ClockConfig) for HAL_RCC_ClockConfig
    main.o(i._Z19CAN_Motor_Call_BackP20Struct_CAN_Rx_Buffer) refers to motor_dji_task.o(i.DJI_M3508_CAN_RxCpltCallback) for DJI_M3508_CAN_RxCpltCallback
    main.o(i._Z19CAN_Motor_Call_BackP20Struct_CAN_Rx_Buffer) refers to motor_dm_task.o(i.J4310_CAN_RxCpltCallback) for J4310_CAN_RxCpltCallback
    main.o(i._Z25UART_Serialplot_Call_BackPht) refers to dvc_serialplot.o(i._ZN16Class_Serialplot19UART_RxCpltCallbackEPh) for Class_Serialplot::UART_RxCpltCallback(unsigned char*)
    main.o(i._Z25UART_Serialplot_Call_BackPht) refers to dvc_serialplot.o(i._ZN16Class_Serialplot18Get_Variable_IndexEv) for Class_Serialplot::Get_Variable_Index()
    main.o(i._Z25UART_Serialplot_Call_BackPht) refers to main.o(.bss) for serialplot
    main.o(i.__sti___6_main_c_fdcc5e8f) refers to main.o(.bss) for serialplot
    main.o(i.main) refers to stm32f4xx_hal.o(i.HAL_Init) for HAL_Init
    main.o(i.main) refers to main.o(i._Z18SystemClock_Configv) for SystemClock_Config()
    main.o(i.main) refers to gpio.o(i.MX_GPIO_Init) for MX_GPIO_Init
    main.o(i.main) refers to dma.o(i.MX_DMA_Init) for MX_DMA_Init
    main.o(i.main) refers to can.o(i.MX_CAN1_Init) for MX_CAN1_Init
    main.o(i.main) refers to usart.o(i.MX_USART2_UART_Init) for MX_USART2_UART_Init
    main.o(i.main) refers to drv_bsp.o(i._Z8BSP_Initjff) for BSP_Init(unsigned, float, float)
    main.o(i.main) refers to drv_can.o(i._Z8CAN_InitP17CAN_HandleTypeDefPFvP20Struct_CAN_Rx_BufferE) for CAN_Init(CAN_HandleTypeDef*, void(*)(Struct_CAN_Rx_Buffer*))
    main.o(i.main) refers to drv_uart.o(i._Z9UART_InitP20__UART_HandleTypeDefPFvPhtEt) for UART_Init(__UART_HandleTypeDef*, void(*)(unsigned char*, unsigned short), unsigned short)
[...]
    CAN1_TX_IRQHandler                       0x0800036b   Thumb Code     0  startup_stm32f427xx.o(.text)
    CAN2_RX0_IRQHandler                      0x0800036b   Thumb Code     0  startup_stm32f427xx.o(.text)
    CAN2_RX1_IRQHandler                      0x0800036b   Thumb Code     0  startup_stm32f427xx.o(.text)
    CAN2_SCE_IRQHandler                      0x0800036b   Thumb Code     0  startup_stm32f427xx.o(.text)
    CAN2_TX_IRQHandler                       0x0800036b   Thumb Code     0  startup_stm32f427xx.o(.text)
    DCMI_IRQHandler                          0x0800036b   Thumb Code     0  startup_stm32f427xx.o(.text)
    DMA1_Stream0_IRQHandler                  0x0800036b   Thumb Code     0  startup_stm32f427xx.o(.text)
    DMA1_Stream1_IRQHandler                  0x0800036b   Thumb Code     0  startup_stm32f427xx.o(.text)
    DMA1_Stream2_IRQHandler                  0x0800036b   Thumb Code     0  startup_stm32f427xx.o(.text)
    DMA1_Stream3_IRQHandler                  0x0800036b   Thumb Code     0  startup_stm32f427xx.o(.text)
    DMA1_Stream4_IRQHandler                  0x0800036b   Thumb Code     0  startup_stm32f427xx.o(.text)
    DMA1_Stream7_IRQHandler                  0x0800036b   Thumb Code     0  startup_stm32f427xx.o(.text)
    DMA2D_IRQHandler                         0x0800036b   Thumb Code     0  startup_stm32f427xx.o(.text)
    DMA2_Stream0_IRQHandler                  0x0800036b   Thumb Code     0  startup_stm32f427xx.o(.text)
    DMA2_Stream1_IRQHandler                  0x0800036b   Thumb Code     0  startup_stm32f427xx.o(.text)
    DMA2_Stream2_IRQHandler                  0x0800036b   Thumb Code     0  startup_stm32f427xx.o(.text)
    DMA2_Stream3_IRQHandler                  0x0800036b   Thumb Code     0  startup_stm32f427xx.o(.text)
    DMA2_Stream4_IRQHandler                  0x0800036b   Thumb Code     0  startup_stm32f427xx.o(.text)
    DMA2_Stream5_IRQHandler                  0x0800036b   Thumb Code     0  startup_stm32f427xx.o(.text)
    DMA2_Stream6_IRQHandler                  0x0800036b   Thumb Code     0  startup_stm32f427xx.o(.text)
    DMA2_Stream7_IRQHandler                  0x0800036b   Thumb Code     0  startup_stm32f427xx.o(.text)
    ETH_IRQHandler                           0x0800036b   Thumb Code     0  startup_stm32f427xx.o(.text)
    ETH_WKUP_IRQHandler                      0x0800036b   Thumb Code     0  startup_stm32f427xx.o(.text)
    EXTI0_IRQHandler                         0x0800036b   Thumb Code     0  startup_stm32f427xx.o(.text)
    EXTI15_10_IRQHandler                     0x0800036b   Thumb Code     0  startup_stm32f427xx.o(.text)
    EXTI1_IRQHandler                         0x0800036b   Thumb Code     0  startup_stm32f427xx.o(.text)
    EXTI2_IRQHandler                         0x0800036b   Thumb Code     0  startup_stm32f427xx.o(.text)
    EXTI3_IRQHandler                         0x0800036b   Thumb Code     0  startup_stm32f427xx.o(.text)
    EXTI4_IRQHandler                         0x0800036b   Thumb Code     0  startup_stm32f427xx.o(.text)
    EXTI9_5_IRQHandler                       0x0800036b   Thumb Code     0  startup_stm32f427xx.o(.text)
    FLASH_IRQHandler                         0x0800036b   Thumb Code     0  startup_stm32f427xx.o(.text)
    FMC_IRQHandler                           0x0800036b   Thumb Code     0  startup_stm32f427xx.o(.text)
    FPU_IRQHandler                           0x0800036b   Thumb Code     0  startup_stm32f427xx.o(.text)
    HASH_RNG_IRQHandler                      0x0800036b   Thumb Code     0  startup_stm32f427xx.o(.text)
    I2C1_ER_IRQHandler                       0x0800036b   Thumb Code     0  startup_stm32f427xx.o(.text)
    I2C1_EV_IRQHandler                       0x0800036b   Thumb Code     0  startup_stm32f427xx.o(.text)
    I2C2_ER_IRQHandler                       0x0800036b   Thumb Code     0  startup_stm32f427xx.o(.text)
    I2C2_EV_IRQHandler                       0x0800036b   Thumb Code     0  startup_stm32f427xx.o(.text)
    I2C3_ER_IRQHandler                       0x0800036b   Thumb Code     0  startup_stm32f427xx.o(.text)
    I2C3_EV_IRQHandler                       0x0800036b   Thumb Code     0  startup_stm32f427xx.o(.text)
    OTG_FS_IRQHandler                        0x0800036b   Thumb Code     0  startup_stm32f427xx.o(.text)
    OTG_FS_WKUP_IRQHandler                   0x0800036b   Thumb Code     0  startup_stm32f427xx.o(.text)
    OTG_HS_EP1_IN_IRQHandler                 0x0800036b   Thumb Code     0  startup_stm32f427xx.o(.text)
    OTG_HS_EP1_OUT_IRQHandler                0x0800036b   Thumb Code     0  startup_stm32f427xx.o(.text)
    OTG_HS_IRQHandler                        0x0800036b   Thumb Code     0  startup_stm32f427xx.o(.text)
    OTG_HS_WKUP_IRQHandler                   0x0800036b   Thumb Code     0  startup_stm32f427xx.o(.text)
    PVD_IRQHandler                           0x0800036b   Thumb Code     0  startup_stm32f427xx.o(.text)
    RCC_IRQHandler                           0x0800036b   Thumb Code     0  startup_stm32f427xx.o(.text)
    RTC_Alarm_IRQHandler                     0x0800036b   Thumb Code     0  startup_stm32f427xx.o(.text)
    RTC_WKUP_IRQHandler                      0x0800036b   Thumb Code     0  startup_stm32f427xx.o(.text)
    SAI1_IRQHandler                          0x0800036b   Thumb Code     0  startup_stm32f427xx.o(.text)
    SDIO_IRQHandler                          0x0800036b   Thumb Code     0  startup_stm32f427xx.o(.text)
    SPI1_IRQHandler                          0x0800036b   Thumb Code     0  startup_stm32f427xx.o(.text)
    SPI2_IRQHandler                          0x0800036b   Thumb Code     0  startup_stm32f427xx.o(.text)
    SPI3_IRQHandler                          0x0800036b   Thumb Code     0  startup_stm32f427xx.o(.text)
    SPI4_IRQHandler                          0x0800036b   Thumb Code     0  startup_stm32f427xx.o(.text)
    SPI5_IRQHandler                          0x0800036b   Thumb Code     0  startup_stm32f427xx.o(.text)
    SPI6_IRQHandler                          0x0800036b   Thumb Code     0  startup_stm32f427xx.o(.text)
    TAMP_STAMP_IRQHandler                    0x0800036b   Thumb Code     0  startup_stm32f427xx.o(.text)
    TIM1_BRK_TIM9_IRQHandler                 0x0800036b   Thumb Code     0  startup_stm32f427xx.o(.text)
    TIM1_CC_IRQHandler                       0x0800036b   Thumb Code     0  startup_stm32f427xx.o(.text)
    TIM1_TRG_COM_TIM11_IRQHandler            0x0800036b   Thumb Code     0  startup_stm32f427xx.o(.text)
    TIM1_UP_TIM10_IRQHandler                 0x0800036b   Thumb Code     0  startup_stm32f427xx.o(.text)
    TIM2_IRQHandler                          0x0800036b   Thumb Code     0  startup_stm32f427xx.o(.text)
    TIM3_IRQHandler                          0x0800036b   Thumb Code     0  startup_stm32f427xx.o(.text)
    TIM4_IRQHandler                          0x0800036b   Thumb Code     0  startup_stm32f427xx.o(.text)
    TIM5_IRQHandler                          0x0800036b   Thumb Code     0  startup_stm32f427xx.o(.text)
    TIM6_DAC_IRQHandler                      0x0800036b   Thumb Code     0  startup_stm32f427xx.o(.text)
    TIM7_IRQHandler                          0x0800036b   Thumb Code     0  startup_stm32f427xx.o(.text)
    TIM8_BRK_TIM12_IRQHandler                0x0800036b   Thumb Code     0  startup_stm32f427xx.o(.text)
    TIM8_CC_IRQHandler                       0x0800036b   Thumb Code     0  startup_stm32f427xx.o(.text)
    TIM8_UP_TIM13_IRQHandler                 0x0800036b   Thumb Code     0  startup_stm32f427xx.o(.text)
    UART4_IRQHandler                         0x0800036b   Thumb Code     0  startup_stm32f427xx.o(.text)
    UART5_IRQHandler                         0x0800036b   Thumb Code     0  startup_stm32f427xx.o(.text)
    UART7_IRQHandler                         0x0800036b   Thumb Code     0  startup_stm32f427xx.o(.text)
    UART8_IRQHandler                         0x0800036b   Thumb Code     0  startup_stm32f427xx.o(.text)
    USART1_IRQHandler                        0x0800036b   Thumb Code     0  startup_stm32f427xx.o(.text)
    USART3_IRQHandler                        0x0800036b   Thumb Code     0  startup_stm32f427xx.o(.text)
    USART6_IRQHandler                        0x0800036b   Thumb Code     0  startup_stm32f427xx.o(.text)
    WWDG_IRQHandler                          0x0800036b   Thumb Code     0  startup_stm32f427xx.o(.text)
    __user_initial_stackheap                 0x0800036d   Thumb Code     0  startup_stm32f427xx.o(.text)
    __aeabi_uldivmod                         0x08000391   Thumb Code     0  lludivv7m.o(.text)
    _ll_udiv                                 0x08000391   Thumb Code   238  lludivv7m.o(.text)
    __aeabi_memcpy                           0x0800047f   Thumb Code     0  rt_memcpy_v6.o(.text)
    __rt_memcpy                              0x0800047f   Thumb Code   138  rt_memcpy_v6.o(.text)
    _memcpy_lastbytes                        0x080004e5   Thumb Code     0  rt_memcpy_v6.o(.text)
    __aeabi_memset                           0x08000509   Thumb Code    16  aeabi_memset.o(.text)
    __aeabi_memclr4                          0x08000519   Thumb Code     0  rt_memclr_w.o(.text)
    __aeabi_memclr8                          0x08000519   Thumb Code     0  rt_memclr_w.o(.text)
    __rt_memclr_w                            0x08000519   Thumb Code    78  rt_memclr_w.o(.text)
    _memset_w                                0x0800051d   Thumb Code     0  rt_memclr_w.o(.text)
    strcmp                                   0x08000569   Thumb Code   128  strcmpv7m.o(.text)
    __use_two_region_memory                  0x080005e9   Thumb Code     2  heapauxi.o(.text)
    __rt_heap_escrow$2region                 0x080005eb   Thumb Code     2  heapauxi.o(.text)
    __rt_heap_expand$2region                 0x080005ed   Thumb Code     2  heapauxi.o(.text)
    __cpp_initialize__aeabi_                 0x080005f1   Thumb Code    26  init_aeabi.o(.text)
    __read_errno                             0x08000615   Thumb Code    10  _rserrno.o(.text)
    __set_errno                              0x0800061f   Thumb Code    12  _rserrno.o(.text)
    __aeabi_memcpy4                          0x0800062b   Thumb Code     0  rt_memcpy_w.o(.text)
    __aeabi_memcpy8                          0x0800062b   Thumb Code     0  rt_memcpy_w.o(.text)
    __rt_memcpy_w                            0x0800062b   Thumb Code   100  rt_memcpy_w.o(.text)
    _memcpy_lastbytes_aligned                0x08000673   Thumb Code     0  rt_memcpy_w.o(.text)
    __aeabi_memclr                           0x0800068f   Thumb Code     0  rt_memclr.o(.text)
    __rt_memclr                              0x0800068f   Thumb Code    68  rt_memclr.o(.text)
    _memset                                  0x08000693   Thumb Code     0  rt_memclr.o(.text)
    __aeabi_errno_addr                       0x080006d5   Thumb Code     8  rt_errno_addr_intlibspace.o(.text)
    __errno$intlibspace                      0x080006d5   Thumb Code     0  rt_errno_addr_intlibspace.o(.text)
    __rt_errno_addr$intlibspace              0x080006d5   Thumb Code     0  rt_errno_addr_intlibspace.o(.text)
    __user_libspace                          0x080006dd   Thumb Code     8  libspace.o(.text)
    __user_perproc_libspace                  0x080006dd   Thumb Code     0  libspace.o(.text)
    __user_perthread_libspace                0x080006dd   Thumb Code     0  libspace.o(.text)
    __user_setup_stackheap                   0x080006e5   Thumb Code    74  sys_stackheap_outer.o(.text)
    exit                                     0x0800072f   Thumb Code    18  exit.o(.text)
    _sys_exit                                0x08000741   Thumb Code     8  sys_exit.o(.text)
    __I$use$semihosting                      0x0800074d   Thumb Code     0  use_no_semi.o(.text)
    __use_no_semihosting_swi                 0x0800074d   Thumb Code     2  use_no_semi.o(.text)
    BusFault_Handler                         0x0800074f   Thumb Code     4  stm32f4xx_it.o(i.BusFault_Handler)
    __semihosting_library_function           0x0800074f   Thumb Code     0  indicate_semi.o(.text)
    CAN1_RX0_IRQHandler                      0x08000755   Thumb Code    10  stm32f4xx_it.o(i.CAN1_RX0_IRQHandler)
    CAN1_RX1_IRQHandler                      0x08000765   Thumb Code    10  stm32f4xx_it.o(i.CAN1_RX1_IRQHandler)
    DJI_M3508_CAN_RxCpltCallback             0x08000775   Thumb Code    14  motor_dji_task.o(i.DJI_M3508_CAN_RxCpltCallback)
    DJI_M3508_Task                           0x08000789   Thumb Code    30  motor_dji_task.o(i.DJI_M3508_Task)
    DJI_M3508_Task_Init                      0x080007ad   Thumb Code    78  motor_dji_task.o(i.DJI_M3508_Task_Init)
    DMA1_Stream5_IRQHandler                  0x08000821   Thumb Code    10  stm32f4xx_it.o(i.DMA1_Stream5_IRQHandler)
    DMA1_Stream6_IRQHandler                  0x08000831   Thumb Code    10  stm32f4xx_it.o(i.DMA1_Stream6_IRQHandler)
    DebugMon_Handler                         0x0800094b   Thumb Code     2  stm32f4xx_it.o(i.DebugMon_Handler)
    Error_Handler                            0x0800094d   Thumb Code     6  main.o(i.Error_Handler)
    HAL_CAN_AddTxMessage                     0x08000953   Thumb Code   330  stm32f4xx_hal_can.o(i.HAL_CAN_AddTxMessage)
    HAL_CAN_ConfigFilter                     0x08000a9d   Thumb Code   284  stm32f4xx_hal_can.o(i.HAL_CAN_ConfigFilter)
    HAL_CAN_ErrorCallback                    0x08000bbd   Thumb Code     2  stm32f4xx_hal_can.o(i.HAL_CAN_ErrorCallback)
    HAL_CAN_GetRxMessage                     0x08000bbf   Thumb Code   404  stm32f4xx_hal_can.o(i.HAL_CAN_GetRxMessage)
    HAL_CAN_IRQHandler                       0x08000d53   Thumb Code   590  stm32f4xx_hal_can.o(i.HAL_CAN_IRQHandler)
    HAL_CAN_Init                             0x08000fa1   Thumb Code   372  stm32f4xx_hal_can.o(i.HAL_CAN_Init)
    HAL_CAN_MspInit                          0x08001115   Thumb Code   154  can.o(i.HAL_CAN_MspInit)
    HAL_CAN_RxFifo0FullCallback              0x080011bd   Thumb Code     2  stm32f4xx_hal_can.o(i.HAL_CAN_RxFifo0FullCallback)
    HAL_CAN_RxFifo0MsgPendingCallback        0x080011c1   Thumb Code    72  drv_can.o(i.HAL_CAN_RxFifo0MsgPendingCallback)
    HAL_CAN_RxFifo1FullCallback              0x08001219   Thumb Code     2  stm32f4xx_hal_can.o(i.HAL_CAN_RxFifo1FullCallback)
    HAL_CAN_RxFifo1MsgPendingCallback        0x0800121d   Thumb Code    72  drv_can.o(i.HAL_CAN_RxFifo1MsgPendingCallback)
    HAL_CAN_SleepCallback                    0x08001275   Thumb Code     2  stm32f4xx_hal_can.o(i.HAL_CAN_SleepCallback)
    HAL_CAN_Start                            0x08001277   Thumb Code    94  stm32f4xx_hal_can.o(i.HAL_CAN_Start)
    HAL_CAN_TxMailbox0AbortCallback          0x080012d5   Thumb Code     2  stm32f4xx_hal_can.o(i.HAL_CAN_TxMailbox0AbortCallback)
    HAL_CAN_TxMailbox0CompleteCallback       0x080012d7   Thumb Code     2  stm32f4xx_hal_can.o(i.HAL_CAN_TxMailbox0CompleteCallback)
    HAL_CAN_TxMailbox1AbortCallback          0x080012d9   Thumb Code     2  stm32f4xx_hal_can.o(i.HAL_CAN_TxMailbox1AbortCallback)
    HAL_CAN_TxMailbox1CompleteCallback       0x080012db   Thumb Code     2  stm32f4xx_hal_can.o(i.HAL_CAN_TxMailbox1CompleteCallback)
    HAL_CAN_TxMailbox2AbortCallback          0x080012dd   Thumb Code     2  stm32f4xx_hal_can.o(i.HAL_CAN_TxMailbox2AbortCallback)
    HAL_CAN_TxMailbox2CompleteCallback       0x080012df   Thumb Code     2  stm32f4xx_hal_can.o(i.HAL_CAN_TxMailbox2CompleteCallback)
    HAL_CAN_WakeUpFromRxMsgCallback          0x080012e1   Thumb Code     2  stm32f4xx_hal_can.o(i.HAL_CAN_WakeUpFromRxMsgCallback)
    HAL_DMA_Abort                            0x080012e3   Thumb Code   172  stm32f4xx_hal_dma.o(i.HAL_DMA_Abort)
    HAL_DMA_Abort_IT                         0x0800138f   Thumb Code    40  stm32f4xx_hal_dma.o(i.HAL_DMA_Abort_IT)
    HAL_DMA_IRQHandler                       0x080013b9   Thumb Code   570  stm32f4xx_hal_dma.o(i.HAL_DMA_IRQHandler)
    HAL_DMA_Init                             0x080015f9   Thumb Code   232  stm32f4xx_hal_dma.o(i.HAL_DMA_Init)
    HAL_DMA_Start_IT                         0x080016e5   Thumb Code   146  stm32f4xx_hal_dma.o(i.HAL_DMA_Start_IT)
    HAL_Delay                                0x08001779   Thumb Code    36  stm32f4xx_hal.o(i.HAL_Delay)
    HAL_GPIO_Init                            0x080017a1   Thumb Code   474  stm32f4xx_hal_gpio.o(i.HAL_GPIO_Init)
    HAL_GPIO_WritePin                        0x080019b1   Thumb Code    12  stm32f4xx_hal_gpio.o(i.HAL_GPIO_WritePin)
    HAL_GetTick                              0x080019bd   Thumb Code     6  stm32f4xx_hal.o(i.HAL_GetTick)
    HAL_IncTick                              0x080019c9   Thumb Code    16  stm32f4xx_hal.o(i.HAL_IncTick)
    HAL_Init                                 0x080019e1   Thumb Code    54  stm32f4xx_hal.o(i.HAL_Init)
    HAL_InitTick                             0x08001a1d   Thumb Code   160  stm32f4xx_hal_timebase_tim.o(i.HAL_InitTick)
    HAL_MspInit                              0x08001ad1   Thumb Code    78  stm32f4xx_hal_msp.o(i.HAL_MspInit)
    HAL_NVIC_EnableIRQ                       0x08001b25   Thumb Code    40  stm32f4xx_hal_cortex.o(i.HAL_NVIC_EnableIRQ)
    HAL_NVIC_SetPriority                     0x08001b4d   Thumb Code   124  stm32f4xx_hal_cortex.o(i.HAL_NVIC_SetPriority)
    HAL_NVIC_SetPriorityGrouping             0x08001bc9   Thumb Code    32  stm32f4xx_hal_cortex.o(i.HAL_NVIC_SetPriorityGrouping)
    HAL_PWREx_EnableOverDrive                0x08001bf1   Thumb Code   128  stm32f4xx_hal_pwr_ex.o(i.HAL_PWREx_EnableOverDrive)
    HAL_RCC_ClockConfig                      0x08001c7d   Thumb Code   368  stm32f4xx_hal_rcc.o(i.HAL_RCC_ClockConfig)
    HAL_RCC_GetClockConfig                   0x08001e01   Thumb Code    58  stm32f4xx_hal_rcc.o(i.HAL_RCC_GetClockConfig)
    HAL_RCC_GetHCLKFreq                      0x08001e45   Thumb Code     6  stm32f4xx_hal_rcc.o(i.HAL_RCC_GetHCLKFreq)
    HAL_RCC_GetPCLK1Freq                     0x08001e51   Thumb Code    22  stm32f4xx_hal_rcc.o(i.HAL_RCC_GetPCLK1Freq)
    HAL_RCC_GetPCLK2Freq                     0x08001e71   Thumb Code    22  stm32f4xx_hal_rcc.o(i.HAL_RCC_GetPCLK2Freq)
    HAL_RCC_GetSysClockFreq                  0x08001e91   Thumb Code   162  stm32f4xx_hal_rcc.o(i.HAL_RCC_GetSysClockFreq)
    HAL_RCC_OscConfig                        0x08001f41   Thumb Code  1172  stm32f4xx_hal_rcc.o(i.HAL_RCC_OscConfig)
    HAL_TIMEx_BreakCallback                  0x080023dd   Thumb Code     2  stm32f4xx_hal_tim_ex.o(i.HAL_TIMEx_BreakCallback)
    HAL_TIMEx_CommutCallback                 0x080023df   Thumb Code     2  stm32f4xx_hal_tim_ex.o(i.HAL_TIMEx_CommutCallback)
    HAL_TIM_Base_Init                        0x080023e1   Thumb Code   102  stm32f4xx_hal_tim.o(i.HAL_TIM_Base_Init)
    HAL_TIM_Base_MspInit                     0x08002447   Thumb Code     2  stm32f4xx_hal_tim.o(i.HAL_TIM_Base_MspInit)
    HAL_TIM_Base_Start_IT                    0x08002449   Thumb Code   138  stm32f4xx_hal_tim.o(i.HAL_TIM_Base_Start_IT)
    HAL_TIM_IC_CaptureCallback               0x080024f1   Thumb Code     2  stm32f4xx_hal_tim.o(i.HAL_TIM_IC_CaptureCallback)
    HAL_TIM_IRQHandler                       0x080024f3   Thumb Code   364  stm32f4xx_hal_tim.o(i.HAL_TIM_IRQHandler)
    HAL_TIM_OC_DelayElapsedCallback          0x0800265f   Thumb Code     2  stm32f4xx_hal_tim.o(i.HAL_TIM_OC_DelayElapsedCallback)
    HAL_TIM_PWM_PulseFinishedCallback        0x08002661   Thumb Code     2  stm32f4xx_hal_tim.o(i.HAL_TIM_PWM_PulseFinishedCallback)
    HAL_TIM_PeriodElapsedCallback            0x08002665   Thumb Code   338  drv_tim.o(i.HAL_TIM_PeriodElapsedCallback)
    HAL_TIM_TriggerCallback                  0x08002829   Thumb Code     2  stm32f4xx_hal_tim.o(i.HAL_TIM_TriggerCallback)
    HAL_UARTEx_ReceiveToIdle_DMA             0x0800282b   Thumb Code   112  stm32f4xx_hal_uart.o(i.HAL_UARTEx_ReceiveToIdle_DMA)
    HAL_UARTEx_RxEventCallback               0x0800289d   Thumb Code   326  drv_uart.o(i.HAL_UARTEx_RxEventCallback)
    HAL_UART_ErrorCallback                   0x08002a25   Thumb Code     2  stm32f4xx_hal_uart.o(i.HAL_UART_ErrorCallback)
    HAL_UART_IRQHandler                      0x08002a29   Thumb Code   772  stm32f4xx_hal_uart.o(i.HAL_UART_IRQHandler)
    HAL_UART_Init                            0x08002d31   Thumb Code   118  stm32f4xx_hal_uart.o(i.HAL_UART_Init)
    HAL_UART_MspInit                         0x08002da9   Thumb Code   258  usart.o(i.HAL_UART_MspInit)
    HAL_UART_RxCpltCallback                  0x08002ec5   Thumb Code     2  stm32f4xx_hal_uart.o(i.HAL_UART_RxCpltCallback)
    HAL_UART_RxHalfCpltCallback              0x08002ec7   Thumb Code     2  stm32f4xx_hal_uart.o(i.HAL_UART_RxHalfCpltCallback)
    HAL_UART_TxCpltCallback                  0x08002ec9   Thumb Code     2  stm32f4xx_hal_uart.o(i.HAL_UART_TxCpltCallback)
    HardFault_Handler                        0x08002ecb   Thumb Code     4  stm32f4xx_it.o(i.HardFault_Handler)
    J4310_CAN_RxCpltCallback                 0x08002ed1   Thumb Code    14  motor_dm_task.o(i.J4310_CAN_RxCpltCallback)
    J4310_Task                               0x08002ee5   Thumb Code   132  motor_dm_task.o(i.J4310_Task)
    J4310_Task_Init                          0x08002f81   Thumb Code    36  motor_dm_task.o(i.J4310_Task_Init)
    MX_CAN1_Init                             0x08002fb1   Thumb Code    60  can.o(i.MX_CAN1_Init)
    MX_DMA_Init                              0x08002ff5   Thumb Code    68  dma.o(i.MX_DMA_Init)
    MX_FREERTOS_Init                         0x0800303d   Thumb Code    32  freertos.o(i.MX_FREERTOS_Init)
    MX_GPIO_Init                             0x08003075   Thumb Code   142  gpio.o(i.MX_GPIO_Init)
    MX_USART2_UART_Init                      0x0800310d   Thumb Code    44  usart.o(i.MX_USART2_UART_Init)
    MemManage_Handler                        0x08003145   Thumb Code     4  stm32f4xx_it.o(i.MemManage_Handler)
    NMI_Handler                              0x08003149   Thumb Code     4  stm32f4xx_it.o(i.NMI_Handler)
    StartTask3508                            0x0800314d   Thumb Code    18  freertos.o(i.StartTask3508)
    StartTaskJ4310                           0x0800315f   Thumb Code    18  freertos.o(i.StartTaskJ4310)
    SysTick_Handler                          0x08003171   Thumb Code    22  cmsis_os2.o(i.SysTick_Handler)
    SystemInit                               0x08003189   Thumb Code    14  system_stm32f4xx.o(i.SystemInit)
    TIM8_TRG_COM_TIM14_IRQHandler            0x0800319d   Thumb Code    10  stm32f4xx_it.o(i.TIM8_TRG_COM_TIM14_IRQHandler)
    TIM_Base_SetConfig                       0x080031ad   Thumb Code   178  stm32f4xx_hal_tim.o(i.TIM_Base_SetConfig)
    UART_Start_Receive_DMA                   0x080037a1   Thumb Code   202  stm32f4xx_hal_uart.o(i.UART_Start_Receive_DMA)
    USART2_IRQHandler                        0x080038d9   Thumb Code    10  stm32f4xx_it.o(i.USART2_IRQHandler)
    UsageFault_Handler                       0x080038e9   Thumb Code     4  stm32f4xx_it.o(i.UsageFault_Handler)
    BSP_DC24_LD(Enum_BSP_DC24_Status)        0x080038ed   Thumb Code    16  drv_bsp.o(i._Z11BSP_DC24_LD20Enum_BSP_DC24_Status)
    BSP_DC24_LU(Enum_BSP_DC24_Status)        0x08003901   Thumb Code    16  drv_bsp.o(i._Z11BSP_DC24_LU20Enum_BSP_DC24_Status)
    BSP_DC24_RD(Enum_BSP_DC24_Status)        0x08003915   Thumb Code    16  drv_bsp.o(i._Z11BSP_DC24_RD20Enum_BSP_DC24_Status)
    BSP_DC24_RU(Enum_BSP_DC24_Status)        0x08003929   Thumb Code    16  drv_bsp.o(i._Z11BSP_DC24_RU20Enum_BSP_DC24_Status)
    CAN_Send_Data(CAN_HandleTypeDef*, unsigned short, unsigned char*, unsigned short) 0x0800393d   Thumb Code    40  drv_can.o(i._Z13CAN_Send_DataP17CAN_HandleTypeDeftPht)
    TIM14_Callback()                         0x08003965   Thumb Code     8  main.o(i._Z14TIM14_Callbackv)
    allocate_tx_data(CAN_HandleTypeDef*, Enum_CAN_Motor_ID) 0x0800396d   Thumb Code    92  dvc_motor.o(i._Z16allocate_tx_dataP17CAN_HandleTypeDef17Enum_CAN_Motor_ID)
    Math_Float_To_Int(float, float, float, int, int) 0x080039d9   Thumb Code    50  drv_math.o(i._Z17Math_Float_To_Intfffii)
    Math_Int_To_Float(int, int, int, float, float) 0x08003a0b   Thumb Code    50  drv_math.o(i._Z17Math_Int_To_Floatiiiff)
    SystemClock_Config()                     0x08003a3d   Thumb Code   180  main.o(i._Z18SystemClock_Configv)
    CAN_Motor_Call_Back(Struct_CAN_Rx_Buffer*) 0x08003af9   Thumb Code    34  main.o(i._Z19CAN_Motor_Call_BackP20Struct_CAN_Rx_Buffer)
    CAN_Filter_Mask_Config(CAN_HandleTypeDef*, unsigned char, unsigned, unsigned) 0x08003b1b   Thumb Code   110  drv_can.o(i._Z22CAN_Filter_Mask_ConfigP17CAN_HandleTypeDefhjj)
    Math_Endian_Reverse_16(void*, void*)     0x08003b89   Thumb Code    34  drv_math.o(i._Z22Math_Endian_Reverse_16PvS_)
    UART_Serialplot_Call_Back(unsigned char*, unsigned short) 0x08003bad   Thumb Code    24  main.o(i._Z25UART_Serialplot_Call_BackPht)
    TIM_CAN_PeriodElapsedCallback()          0x08003bc9   Thumb Code    54  drv_can.o(i._Z29TIM_CAN_PeriodElapsedCallbackv)
    BSP_Init(unsigned, float, float)         0x08003c11   Thumb Code   154  drv_bsp.o(i._Z8BSP_Initjff)
    CAN_Init(CAN_HandleTypeDef*, void(*)(Struct_CAN_Rx_Buffer*)) 0x08003cad   Thumb Code   116  drv_can.o(i._Z8CAN_InitP17CAN_HandleTypeDefPFvP20Struct_CAN_Rx_BufferE)
    TIM_Init(TIM_HandleTypeDef*, void(*)())  0x08003d31   Thumb Code   224  drv_tim.o(i._Z8TIM_InitP17TIM_HandleTypeDefPFvvE)
    BSP_LED_1(Enum_BSP_LED_Status)           0x08003e7d   Thumb Code    16  drv_bsp.o(i._Z9BSP_LED_119Enum_BSP_LED_Status)
    BSP_LED_2(Enum_BSP_LED_Status)           0x08003e91   Thumb Code    16  drv_bsp.o(i._Z9BSP_LED_219Enum_BSP_LED_Status)
    BSP_LED_3(Enum_BSP_LED_Status)           0x08003ea5   Thumb Code    16  drv_bsp.o(i._Z9BSP_LED_319Enum_BSP_LED_Status)
    BSP_LED_4(Enum_BSP_LED_Status)           0x08003eb9   Thumb Code    16  drv_bsp.o(i._Z9BSP_LED_419Enum_BSP_LED_Status)
    BSP_LED_5(Enum_BSP_LED_Status)           0x08003ecd   Thumb Code    16  drv_bsp.o(i._Z9BSP_LED_519Enum_BSP_LED_Status)
    BSP_LED_6(Enum_BSP_LED_Status)           0x08003ee1   Thumb Code    16  drv_bsp.o(i._Z9BSP_LED_619Enum_BSP_LED_Status)
    BSP_LED_7(Enum_BSP_LED_Status)           0x08003ef5   Thumb Code    16  drv_bsp.o(i._Z9BSP_LED_719Enum_BSP_LED_Status)
    BSP_LED_8(Enum_BSP_LED_Status)           0x08003f09   Thumb Code    18  drv_bsp.o(i._Z9BSP_LED_819Enum_BSP_LED_Status)
    BSP_LED_G(Enum_BSP_LED_Status)           0x08003f21   Thumb Code    18  drv_bsp.o(i._Z9BSP_LED_G19Enum_BSP_LED_Status)
    BSP_LED_R(Enum_BSP_LED_Status)           0x08003f39   Thumb Code    18  drv_bsp.o(i._Z9BSP_LED_R19Enum_BSP_LED_Status)
    UART_Init(__UART_HandleTypeDef*, void(*)(unsigned char*, unsigned short), unsigned short) 0x08003f51   Thumb Code   296  drv_uart.o(i._Z9UART_InitP20__UART_HandleTypeDefPFvPhtEt)
    Class_Motor_C620::Set_Target_Omega(float) 0x080040b9   Thumb Code     6  dvc_motor.o(i._ZN16Class_Motor_C62016Set_Target_OmegaEf)
    Class_Motor_C620::CAN_RxCpltCallback(unsigned char*) 0x080040c1   Thumb Code   218  dvc_motor.o(i._ZN16Class_Motor_C62018CAN_RxCpltCallbackEPh)
    Class_Motor_C620::TIM_PID_PeriodElapsedCallback() 0x080041a5   Thumb Code   300  dvc_motor.o(i._ZN16Class_Motor_C62029TIM_PID_PeriodElapsedCallbackEv)
    Class_Motor_C620::Init(CAN_HandleTypeDef*, Enum_CAN_Motor_ID, Enum_Control_Method, float, float) 0x080042d5   Thumb Code    70  dvc_motor.o(i._ZN16Class_Motor_C6204InitEP17CAN_HandleTypeDef17Enum_CAN_Motor_ID19Enum_Control_Methodff)
    Class_Motor_C620::Output()               0x0800432d   Thumb Code    40  dvc_motor.o(i._ZN16Class_Motor_C6206OutputEv)
    Class_Motor_C620::Set_Out(float)         0x08004355   Thumb Code     6  dvc_motor.o(i._ZN16Class_Motor_C6207Set_OutEf)
    Class_Motor_C620::Class_Motor_C620()     0x0800435d   Thumb Code   144  motor_dji_task.o(i._ZN16Class_Motor_C620C1Ev)
    Class_Motor_C620::Class_Motor_C620__sub_object() 0x0800435d   Thumb Code     0  motor_dji_task.o(i._ZN16Class_Motor_C620C1Ev)
    Class_Serialplot::Get_Variable_Index()   0x080043f9   Thumb Code     8  dvc_serialplot.o(i._ZN16Class_Serialplot18Get_Variable_IndexEv)
    Class_Serialplot::Judge_Variable_Name()  0x08004401   Thumb Code   108  dvc_serialplot.o(i._ZN16Class_Serialplot19Judge_Variable_NameEv)
    Class_Serialplot::UART_RxCpltCallback(unsigned char*) 0x0800446d   Thumb Code    24  dvc_serialplot.o(i._ZN16Class_Serialplot19UART_RxCpltCallbackEPh)
    Class_Serialplot::Judge_Variable_Value(int) 0x08004485   Thumb Code   214  dvc_serialplot.o(i._ZN16Class_Serialplot20Judge_Variable_ValueEi)
    Class_Serialplot::Init(__UART_HandleTypeDef*, unsigned char, char**, Enum_Serialplot_Data_Type, unsigned char) 0x08004561   Thumb Code   130  dvc_serialplot.o(i._ZN16Class_Serialplot4InitEP20__UART_HandleTypeDefhPPc25Enum_Serialplot_Data_Typeh)
    Class_Motor_DM_Normal::Data_Process()    0x08004625   Thumb Code   270  dvc_motor_dm.o(i._ZN21Class_Motor_DM_Normal12Data_ProcessEv)
    Class_Motor_DM_Normal::CAN_Send_Enter()  0x08004741   Thumb Code    20  dvc_motor_dm.o(i._ZN21Class_Motor_DM_Normal14CAN_Send_EnterEv)
    Class_Motor_DM_Normal::CAN_RxCpltCallback(unsigned char*) 0x08004759   Thumb Code    20  dvc_motor_dm.o(i._ZN21Class_Motor_DM_Normal18CAN_RxCpltCallbackEPh)
    Class_Motor_DM_Normal::CAN_Send_Clear_Error() 0x0800476d   Thumb Code    20  dvc_motor_dm.o(i._ZN21Class_Motor_DM_Normal20CAN_Send_Clear_ErrorEv)
    Class_Motor_DM_Normal::TIM_Send_PeriodElapsedCallback() 0x08004785   Thumb Code   186  dvc_motor_dm.o(i._ZN21Class_Motor_DM_Normal30TIM_Send_PeriodElapsedCallbackEv)
    Class_Motor_DM_Normal::TIM_Alive_PeriodElapsedCallback() 0x08004849   Thumb Code    44  dvc_motor_dm.o(i._ZN21Class_Motor_DM_Normal31TIM_Alive_PeriodElapsedCallbackEv)
    Class_Motor_DM_Normal::Init(CAN_HandleTypeDef*, unsigned char, unsigned char, Enum_Motor_DM_Control_Method, float, float, float, float) 0x08004875   Thumb Code   100  dvc_motor_dm.o(i._ZN21Class_Motor_DM_Normal4InitEP17CAN_HandleTypeDefhh28Enum_Motor_DM_Control_Methodffff)
    Class_Motor_DM_Normal::Output()          0x080048e9   Thumb Code   392  dvc_motor_dm.o(i._ZN21Class_Motor_DM_Normal6OutputEv)
    Class_PID::Set_Target(float)             0x08004a81   Thumb Code     6  alg_pid.o(i._ZN9Class_PID10Set_TargetEf)
    Class_PID::TIM_Adjust_PeriodElapsedCallback() 0x08004a89   Thumb Code   622  alg_pid.o(i._ZN9Class_PID32TIM_Adjust_PeriodElapsedCallbackEv)
    Class_PID::Init(float, float, float, float, float, float, float, float, float, float, float, Enum_PID_D_First) 0x08004cfd   Thumb Code    48  alg_pid.o(i._ZN9Class_PID4InitEfffffffffff16Enum_PID_D_First)
    Class_PID::Get_Out()                     0x08004d2d   Thumb Code     6  alg_pid.o(i._ZN9Class_PID7Get_OutEv)
    Class_PID::Set_Now(float)                0x08004d33   Thumb Code     6  alg_pid.o(i._ZN9Class_PID7Set_NowEf)
    Class_PID::Class_PID()                   0x08004d39   Thumb Code   138  motor_dji_task.o(i._ZN9Class_PIDC1Ev)
    Class_PID::Class_PID__sub_object()       0x08004d39   Thumb Code     0  motor_dji_task.o(i._ZN9Class_PIDC1Ev)
    __ARM_fpclassifyf                        0x08004dc9   Thumb Code    38  fpclassifyf.o(i.__ARM_fpclassifyf)
    __hardfp_powf                            0x08004e31   Thumb Code  1606  powf.o(i.__hardfp_powf)
    __mathlib_powf                           0x08004e31   Thumb Code     0  powf.o(i.__hardfp_powf)
    __mathlib_flt_divzero                    0x08005495   Thumb Code    14  funder.o(i.__mathlib_flt_divzero)
    __mathlib_flt_infnan2                    0x080054a9   Thumb Code     6  funder.o(i.__mathlib_flt_infnan2)
    __mathlib_flt_invalid                    0x080054b1   Thumb Code    10  funder.o(i.__mathlib_flt_invalid)
    __mathlib_flt_overflow                   0x080054c1   Thumb Code    10  funder.o(i.__mathlib_flt_overflow)
    __mathlib_flt_underflow                  0x080054d1   Thumb Code    10  funder.o(i.__mathlib_flt_underflow)
    main                                     0x0800555d   Thumb Code   122  main.o(i.main)
    osDelay                                  0x08005601   Thumb Code    30  cmsis_os2.o(i.osDelay)
    osKernelInitialize                       0x08005621   Thumb Code    38  cmsis_os2.o(i.osKernelInitialize)
    osKernelStart                            0x0800564d   Thumb Code    82  cmsis_os2.o(i.osKernelStart)
    osThreadNew                              0x080056ad   Thumb Code   184  cmsis_os2.o(i.osThreadNew)
    pvPortMalloc                             0x08006189   Thumb Code   306  heap_4.o(i.pvPortMalloc)
    pxPortInitialiseStack                    0x080062d5   Thumb Code    38  port.o(i.pxPortInitialiseStack)
    uxListRemove                             0x08006301   Thumb Code    40  list.o(i.uxListRemove)
    vApplicationGetIdleTaskMemory            0x08006329   Thumb Code    14  cmsis_os2.o(i.vApplicationGetIdleTaskMemory)
    vApplicationGetTimerTaskMemory           0x08006341   Thumb Code    16  cmsis_os2.o(i.vApplicationGetTimerTaskMemory)
    vListInitialise                          0x08006359   Thumb Code    26  list.o(i.vListInitialise)
    vListInitialiseItem                      0x08006373   Thumb Code     6  list.o(i.vListInitialiseItem)
    vListInsert                              0x08006379   Thumb Code    52  list.o(i.vListInsert)
    vListInsertEnd                           0x080063ad   Thumb Code    24  list.o(i.vListInsertEnd)
    vPortEnterCritical                       0x080063c5   Thumb Code    76  port.o(i.vPortEnterCritical)
    vPortExitCritical                        0x08006419   Thumb Code    56  port.o(i.vPortExitCritical)
    vPortFree                                0x08006455   Thumb Code   150  heap_4.o(i.vPortFree)
    vPortSetupTimerInterrupt                 0x080064f9   Thumb Code    36  port.o(i.vPortSetupTimerInterrupt)
    vPortValidateInterruptPriority           0x08006521   Thumb Code   106  port.o(i.vPortValidateInterruptPriority)
    vQueueAddToRegistry                      0x08006599   Thumb Code    38  queue.o(i.vQueueAddToRegistry)
    vQueueWaitForMessageRestricted           0x080065c5   Thumb Code    74  queue.o(i.vQueueWaitForMessageRestricted)
    vTaskDelay                               0x08006611   Thumb Code    82  tasks.o(i.vTaskDelay)
    vTaskInternalSetTimeOutState             0x0800666d   Thumb Code    14  tasks.o(i.vTaskInternalSetTimeOutState)
    vTaskMissedYield                         0x08006685   Thumb Code     8  tasks.o(i.vTaskMissedYield)
    vTaskPlaceOnEventList                    0x08006691   Thumb Code    52  tasks.o(i.vTaskPlaceOnEventList)
    vTaskPlaceOnEventListRestricted          0x080066c9   Thumb Code    60  tasks.o(i.vTaskPlaceOnEventListRestricted)
    vTaskStartScheduler                      0x08006709   Thumb Code   156  tasks.o(i.vTaskStartScheduler)
    vTaskSuspendAll                          0x080067c1   Thumb Code    12  tasks.o(i.vTaskSuspendAll)
    vTaskSwitchContext                       0x080067d1   Thumb Code   122  tasks.o(i.vTaskSwitchContext)
    xPortStartScheduler                      0x08006861   Thumb Code   330  port.o(i.xPortStartScheduler)
    xPortSysTickHandler                      0x080069c9   Thumb Code    46  port.o(i.xPortSysTickHandler)
    xQueueGenericCreateStatic                0x080069fd   Thumb Code   224  queue.o(i.xQueueGenericCreateStatic)
    xQueueGenericReset                       0x08006add   Thumb Code   146  queue.o(i.xQueueGenericReset)
    xQueueGenericSend                        0x08006b75   Thumb Code   420  queue.o(i.xQueueGenericSend)
    xQueueGenericSendFromISR                 0x08006d1d   Thumb Code   252  queue.o(i.xQueueGenericSendFromISR)
    xQueueReceive                            0x08006e19   Thumb Code   356  queue.o(i.xQueueReceive)
    xTaskCheckForTimeOut                     0x08006f81   Thumb Code   132  tasks.o(i.xTaskCheckForTimeOut)
    xTaskCreate                              0x0800700d   Thumb Code   100  tasks.o(i.xTaskCreate)
    xTaskCreateStatic                        0x08007071   Thumb Code   186  tasks.o(i.xTaskCreateStatic)
    xTaskGetSchedulerState                   0x0800712d   Thumb Code    24  tasks.o(i.xTaskGetSchedulerState)
    xTaskGetTickCount                        0x0800714d   Thumb Code     6  tasks.o(i.xTaskGetTickCount)
    xTaskIncrementTick                       0x08007159   Thumb Code   280  tasks.o(i.xTaskIncrementTick)
    xTaskPriorityDisinherit                  0x0800729d   Thumb Code   152  tasks.o(i.xTaskPriorityDisinherit)
    xTaskRemoveFromEventList                 0x08007341   Thumb Code   126  tasks.o(i.xTaskRemoveFromEventList)
    xTaskResumeAll                           0x080073d9   Thumb Code   222  tasks.o(i.xTaskResumeAll)
    xTimerCreateTimerTask                    0x080074dd   Thumb Code   100  timers.o(i.xTimerCreateTimerTask)
    xTimerGenericCommand                     0x08007555   Thumb Code   128  timers.o(i.xTimerGenericCommand)
    T1 Math_Constrain<float>(T1*, T1, T1)    0x080075d9   Thumb Code    48  alg_pid.o(t._Z14Math_ConstrainIfET_PS0_S0_S0_)
    T1 Math_Abs<float>(T1)                   0x08007609   Thumb Code    26  alg_pid.o(t._Z8Math_AbsIfET_S0_)
    _fp_init                                 0x08007623   Thumb Code    10  fpinit.o(x$fpl$fpinit)
    __fplib_config_fpu_vfp                   0x0800762b   Thumb Code     0  fpinit.o(x$fpl$fpinit)
    __fplib_config_pureend_doubles           0x0800762b   Thumb Code     0  fpinit.o(x$fpl$fpinit)
    TaskJ4310_attributes                     0x0800762c   Data          36  freertos.o(.constdata)
    __I$use$fp                               0x0800762c   Number         0  usenofp.o(x$fpl$usenofp)
    Task3508_attributes                      0x08007650   Data          36  freertos.o(.constdata)
    AHBPrescTable                            0x0800767c   Data          16  system_stm32f4xx.o(.constdata)
    APBPrescTable                            0x0800768c   Data           8  system_stm32f4xx.o(.constdata)
    Region$$Table$$Base                      0x080077ec   Number         0  anon$$obj.o(Region$$Table)
    Region$$Table$$Limit                     0x0800780c   Number         0  anon$$obj.o(Region$$Table)
    SHT$$INIT_ARRAY$$Base                    0x0800780c   Number         0  main.o(.init_array)
    SHT$$INIT_ARRAY$$Limit                   0x08007818   Number         0  init_aeabi.o(.init_array)
    init_finished                            0x20000000   Data           1  main.o(.data)
    Target_Angle_3508                        0x20000004   Data           4  main.o(.data)
    Now_Angle_3508                           0x20000008   Data           4  main.o(.data)
    Target_Omega_3508                        0x2000000c   Data           4  main.o(.data)
    Now_Omega_3508                           0x20000010   Data           4  main.o(.data)
    Counter                                  0x20000014   Data           4  main.o(.data)
    TaskJ4310Handle                          0x200001a8   Data           4  freertos.o(.data)
    Task3508Handle                           0x200001ac   Data           4  freertos.o(.data)
    uwTick                                   0x200001b0   Data           4  stm32f4xx_hal.o(.data)
    uwTickPrio                               0x200001b4   Data           4  stm32f4xx_hal.o(.data)
    uwTickFreq                               0x200001b8   Data           1  stm32f4xx_hal.o(.data)
    SystemCoreClock                          0x200001bc   Data           4  system_stm32f4xx.o(.data)
    pxCurrentTCB                             0x200001c0   Data           4  tasks.o(.data)
    CAN1_0x1ff_Tx_Data                       0x20000240   Data           8  drv_can.o(.data)
    CAN1_0x200_Tx_Data                       0x20000248   Data           8  drv_can.o(.data)
    CAN1_0x2ff_Tx_Data                       0x20000250   Data           8  drv_can.o(.data)
    CAN1_0x3fe_Tx_Data                       0x20000258   Data           8  drv_can.o(.data)
    CAN1_0x4fe_Tx_Data                       0x20000260   Data           8  drv_can.o(.data)
    CAN2_0x1ff_Tx_Data                       0x20000268   Data           8  drv_can.o(.data)
    CAN2_0x200_Tx_Data                       0x20000270   Data           8  drv_can.o(.data)
    CAN2_0x2ff_Tx_Data                       0x20000278   Data           8  drv_can.o(.data)
    CAN2_0x3fe_Tx_Data                       0x20000280   Data           8  drv_can.o(.data)
    CAN2_0x4fe_Tx_Data                       0x20000288   Data           8  drv_can.o(.data)
    CAN_Supercap_Tx_Data                     0x20000290   Data           8  drv_can.o(.data)
    TIM1_Manage_Object                       0x2000029c   Data           8  drv_tim.o(.data)
    TIM2_Manage_Object                       0x200002a4   Data           8  drv_tim.o(.data)
    TIM3_Manage_Object                       0x200002ac   Data           8  drv_tim.o(.data)
    TIM4_Manage_Object                       0x200002b4   Data           8  drv_tim.o(.data)
    TIM5_Manage_Object                       0x200002bc   Data           8  drv_tim.o(.data)
    TIM6_Manage_Object                       0x200002c4   Data           8  drv_tim.o(.data)
    TIM7_Manage_Object                       0x200002cc   Data           8  drv_tim.o(.data)
    TIM8_Manage_Object                       0x200002d4   Data           8  drv_tim.o(.data)
    TIM9_Manage_Object                       0x200002dc   Data           8  drv_tim.o(.data)
    TIM10_Manage_Object                      0x200002e4   Data           8  drv_tim.o(.data)
    TIM11_Manage_Object                      0x200002ec   Data           8  drv_tim.o(.data)
    TIM12_Manage_Object                      0x200002f4   Data           8  drv_tim.o(.data)
    TIM13_Manage_Object                      0x200002fc   Data           8  drv_tim.o(.data)
    TIM14_Manage_Object                      0x20000304   Data           8  drv_tim.o(.data)
    DM_Motor_CAN_Message_Clear_Error         0x2000030c   Data           8  dvc_motor_dm.o(.data)
    DM_Motor_CAN_Message_Enter               0x20000314   Data           8  dvc_motor_dm.o(.data)
    DM_Motor_CAN_Message_Exit                0x2000031c   Data           8  dvc_motor_dm.o(.data)
    DM_Motor_CAN_Message_Save_Zero           0x20000324   Data           8  dvc_motor_dm.o(.data)
    serialplot                               0x20000334   Data          72  main.o(.bss)
    hcan1                                    0x2000037c   Data          40  can.o(.bss)
    huart2                                   0x200003a4   Data          72  usart.o(.bss)
    hdma_usart2_rx                           0x200003ec   Data          96  usart.o(.bss)
    hdma_usart2_tx                           0x2000044c   Data          96  usart.o(.bss)
    htim14                                   0x200004ac   Data          72  stm32f4xx_hal_timebase_tim.o(.bss)
    xQueueRegistry                           0x200004f4   Data          64  queue.o(.bss)
    CAN1_Manage_Object                       0x20004dc8   Data          44  drv_can.o(.bss)
    CAN2_Manage_Object                       0x20004df4   Data          44  drv_can.o(.bss)
    UART1_Manage_Object                      0x20004e20   Data         524  drv_uart.o(.bss)
    UART2_Manage_Object                      0x2000502c   Data         524  drv_uart.o(.bss)
    UART3_Manage_Object                      0x20005238   Data         524  drv_uart.o(.bss)
    UART4_Manage_Object                      0x20005444   Data         524  drv_uart.o(.bss)
    UART5_Manage_Object                      0x20005650   Data         524  drv_uart.o(.bss)
    UART6_Manage_Object                      0x2000585c   Data         524  drv_uart.o(.bss)
    UART7_Manage_Object                      0x20005a68   Data         524  drv_uart.o(.bss)
    UART8_Manage_Object                      0x20005c74   Data         524  drv_uart.o(.bss)
    __libspace_start                         0x20005fe4   Data          96  libspace.o(.bss)
    __temporary_stack_top$libspace           0x20006044   Data           0  libspace.o(.bss)



==============================================================================

Memory Map of the image

  Image Entry point : 0x080001ad

  Load Region LR_IROM1 (Base: 0x08000000, Size: 0x00007b4c, Max: 0x00200000, ABSOLUTE, COMPRESSED[0x00007848])

    Execution Region ER_IROM1 (Exec base: 0x08000000, Load base: 0x08000000, Size: 0x00007818, Max: 0x00200000, ABSOLUTE)

    Exec Addr    Load Addr    Size         Type   Attr      Idx    E Section Name        Object

    0x08000000   0x08000000   0x000001ac   Data   RO            3    RESET               startup_stm32f427xx.o
    0x080001ac   0x080001ac   0x00000008   Code   RO         6937  * !!!main             c_w.l(__main.o)
    0x080001b4   0x080001b4   0x00000034   Code   RO         7179    !!!scatter          c_w.l(__scatter.o)
    0x080001e8   0x080001e8   0x0000005a   Code   RO         7177    !!dczerorl2         c_w.l(__dczerorl2.o)
    0x08000242   0x08000242   0x00000002   PAD
    0x08000244   0x08000244   0x0000001c   Code   RO         7181    !!handler_zi        c_w.l(__scatter_zi.o)
    0x08000260   0x08000260   0x00000002   Code   RO         7101    .ARM.Collect$$libinit$$00000000  c_w.l(libinit.o)
    0x08000262   0x08000262   0x00000004   Code   RO         6984    .ARM.Collect$$libinit$$00000001  c_w.l(libinit2.o)
    0x08000266   0x08000266   0x00000000   Code   RO         6987    .ARM.Collect$$libinit$$00000004  c_w.l(libinit2.o)
    0x08000266   0x08000266   0x00000000   Code   RO         6990    .ARM.Collect$$libinit$$0000000A  c_w.l(libinit2.o)
    0x08000266   0x08000266   0x00000000   Code   RO         6992    .ARM.Collect$$libinit$$0000000C  c_w.l(libinit2.o)
    0x08000266   0x08000266   0x00000000   Code   RO         6994    .ARM.Collect$$libinit$$0000000E  c_w.l(libinit2.o)
    0x08000266   0x08000266   0x00000000   Code   RO         6997    .ARM.Collect$$libinit$$00000011  c_w.l(libinit2.o)
    0x08000266   0x08000266   0x00000000   Code   RO         6999    .ARM.Collect$$libinit$$00000013  c_w.l(libinit2.o)
    0x08000266   0x08000266   0x00000000   Code   RO         7001    .ARM.Collect$$libinit$$00000015  c_w.l(libinit2.o)
    0x08000266   0x08000266   0x00000000   Code   RO         7003    .ARM.Collect$$libinit$$00000017  c_w.l(libinit2.o)
    0x08000266   0x08000266   0x00000000   Code   RO         7005    .ARM.Collect$$libinit$$00000019  c_w.l(libinit2.o)
    0x08000266   0x08000266   0x00000000   Code   RO         7007    .ARM.Collect$$libinit$$0000001B  c_w.l(libinit2.o)
    0x08000266   0x08000266   0x00000000   Code   RO         7009    .ARM.Collect$$libinit$$0000001D  c_w.l(libinit2.o)
    0x08000266   0x08000266   0x00000000   Code   RO         7011    .ARM.Collect$$libinit$$0000001F  c_w.l(libinit2.o)
    0x08000266   0x08000266   0x00000000   Code   RO         7013    .ARM.Collect$$libinit$$00000021  c_w.l(libinit2.o)
    0x08000266   0x08000266   0x00000000   Code   RO         7015    .ARM.Collect$$libinit$$00000023  c_w.l(libinit2.o)
    0x08000266   0x08000266   0x00000000   Code   RO         7017    .ARM.Collect$$libinit$$00000025  c_w.l(libinit2.o)
    0x08000266   0x08000266   0x00000000   Code   RO         7021    .ARM.Collect$$libinit$$0000002C  c_w.l(libinit2.o)
    0x08000266   0x08000266   0x00000000   Code   RO         7023    .ARM.Collect$$libinit$$0000002E  c_w.l(libinit2.o)
    0x08000266   0x08000266   0x00000000   Code   RO         7025    .ARM.Collect$$libinit$$00000030  c_w.l(libinit2.o)
    0x08000266   0x08000266   0x00000004   Code   RO         7026    .ARM.Collect$$libinit$$00000031  c_w.l(libinit2.o)
    0x0800026a   0x0800026a   0x00000000   Code   RO         7027    .ARM.Collect$$libinit$$00000032  c_w.l(libinit2.o)
    0x0800026a   0x0800026a   0x00000002   Code   RO         7028    .ARM.Collect$$libinit$$00000033  c_w.l(libinit2.o)
    0x0800026c   0x0800026c   0x00000002   Code   RO         7142    .ARM.Collect$$libshutdown$$00000000  c_w.l(libshutdown.o)
    0x0800026e   0x0800026e   0x00000000   Code   RO         7158    .ARM.Collect$$libshutdown$$00000002  c_w.l(libshutdown2.o)
    0x0800026e   0x0800026e   0x00000000   Code   RO         7160    .ARM.Collect$$libshutdown$$00000004  c_w.l(libshutdown2.o)
    0x0800026e   0x0800026e   0x00000000   Code   RO         7162    .ARM.Collect$$libshutdown$$00000006  c_w.l(libshutdown2.o)
    0x0800026e   0x0800026e   0x00000000   Code   RO         7165    .ARM.Collect$$libshutdown$$00000009  c_w.l(libshutdown2.o)
    0x0800026e   0x0800026e   0x00000000   Code   RO         7168    .ARM.Collect$$libshutdown$$0000000C  c_w.l(libshutdown2.o)
    0x0800026e   0x0800026e   0x00000000   Code   RO         7170    .ARM.Collect$$libshutdown$$0000000E  c_w.l(libshutdown2.o)
    0x0800026e   0x0800026e   0x00000000   Code   RO         7173    .ARM.Collect$$libshutdown$$00000011  c_w.l(libshutdown2.o)
    0x0800026e   0x0800026e   0x00000002   Code   RO         7174    .ARM.Collect$$libshutdown$$00000012  c_w.l(libshutdown2.o)
    0x08000270   0x08000270   0x00000000   Code   RO         6973    .ARM.Collect$$rtentry$$00000000  c_w.l(__rtentry.o)
    0x08000270   0x08000270   0x00000000   Code   RO         7056    .ARM.Collect$$rtentry$$00000002  c_w.l(__rtentry2.o)
    0x08000270   0x08000270   0x00000006   Code   RO         7068    .ARM.Collect$$rtentry$$00000004  c_w.l(__rtentry4.o)
    0x08000276   0x08000276   0x00000000   Code   RO         7058    .ARM.Collect$$rtentry$$00000009  c_w.l(__rtentry2.o)
    0x08000276   0x08000276   0x00000004   Code   RO         7059    .ARM.Collect$$rtentry$$0000000A  c_w.l(__rtentry2.o)
    0x0800027a   0x0800027a   0x00000000   Code   RO         7061    .ARM.Collect$$rtentry$$0000000C  c_w.l(__rtentry2.o)
    0x0800027a   0x0800027a   0x00000008   Code   RO         7062    .ARM.Collect$$rtentry$$0000000D  c_w.l(__rtentry2.o)
    0x08000282   0x08000282   0x00000002   Code   RO         7104    .ARM.Collect$$rtexit$$00000000  c_w.l(rtexit.o)
    0x08000284   0x08000284   0x00000000   Code   RO         7124    .ARM.Collect$$rtexit$$00000002  c_w.l(rtexit2.o)
    0x08000284   0x08000284   0x00000004   Code   RO         7125    .ARM.Collect$$rtexit$$00000003  c_w.l(rtexit2.o)
    0x08000288   0x08000288   0x00000006   Code   RO         7126    .ARM.Collect$$rtexit$$00000004  c_w.l(rtexit2.o)
    0x0800028e   0x0800028e   0x00000002   PAD
    0x08000290   0x08000290   0x000000be   Code   RO         5413    .emb_text           port.o
    0x0800034e   0x0800034e   0x00000002   PAD
    0x08000350   0x08000350   0x00000040   Code   RO            4    .text               startup_stm32f427xx.o
    0x08000390   0x08000390   0x000000ee   Code   RO         6923    .text               c_w.l(lludivv7m.o)
    0x0800047e   0x0800047e   0x0000008a   Code   RO         6925    .text               c_w.l(rt_memcpy_v6.o)
    0x08000508   0x08000508   0x00000010   Code   RO         6929    .text               c_w.l(aeabi_memset.o)
    0x08000518   0x08000518   0x0000004e   Code   RO         6931    .text               c_w.l(rt_memclr_w.o)
    0x08000566   0x08000566   0x00000002   PAD
    0x08000568   0x08000568   0x00000080   Code   RO         6933    .text               c_w.l(strcmpv7m.o)
    0x080005e8   0x080005e8   0x00000006   Code   RO         6935    .text               c_w.l(heapauxi.o)
    0x080005ee   0x080005ee   0x00000002   PAD
    0x080005f0   0x080005f0   0x00000024   Code   RO         6942    .text               c_w.l(init_aeabi.o)
    0x08000614   0x08000614   0x00000016   Code   RO         6978    .text               c_w.l(_rserrno.o)
    0x0800062a   0x0800062a   0x00000064   Code   RO         6980    .text               c_w.l(rt_memcpy_w.o)
    0x0800068e   0x0800068e   0x00000044   Code   RO         6982    .text               c_w.l(rt_memclr.o)
    0x080006d2   0x080006d2   0x00000002   PAD
    0x080006d4   0x080006d4   0x00000008   Code   RO         7075    .text               c_w.l(rt_errno_addr_intlibspace.o)
    0x080006dc   0x080006dc   0x00000008   Code   RO         7081    .text               c_w.l(libspace.o)
    0x080006e4   0x080006e4   0x0000004a   Code   RO         7084    .text               c_w.l(sys_stackheap_outer.o)
    0x0800072e   0x0800072e   0x00000012   Code   RO         7086    .text               c_w.l(exit.o)
    0x08000740   0x08000740   0x0000000c   Code   RO         7118    .text               c_w.l(sys_exit.o)
    0x0800074c   0x0800074c   0x00000002   Code   RO         7120    .text               c_w.l(use_no_semi.o)
    0x0800074e   0x0800074e   0x00000000   Code   RO         7122    .text               c_w.l(indicate_semi.o)
    0x0800074e   0x0800074e   0x00000004   Code   RO          612    i.BusFault_Handler  stm32f4xx_it.o
    0x08000752   0x08000752   0x00000002   PAD
    0x08000754   0x08000754   0x00000010   Code   RO          613    i.CAN1_RX0_IRQHandler  stm32f4xx_it.o
    0x08000764   0x08000764   0x00000010   Code   RO          614    i.CAN1_RX1_IRQHandler  stm32f4xx_it.o
    0x08000774   0x08000774   0x00000014   Code   RO         6787    i.DJI_M3508_CAN_RxCpltCallback  motor_dji_task.o
    0x08000788   0x08000788   0x00000024   Code   RO         6788    i.DJI_M3508_Task    motor_dji_task.o
    0x080007ac   0x080007ac   0x00000074   Code   RO         6789    i.DJI_M3508_Task_Init  motor_dji_task.o
    0x08000820   0x08000820   0x00000010   Code   RO          615    i.DMA1_Stream5_IRQHandler  stm32f4xx_it.o
    0x08000830   0x08000830   0x00000010   Code   RO          616    i.DMA1_Stream6_IRQHandler  stm32f4xx_it.o
    0x08000840   0x08000840   0x00000034   Code   RO         2548    i.DMA_CalcBaseAndBitshift  stm32f4xx_hal_dma.o
    0x08000874   0x08000874   0x000000aa   Code   RO         2549    i.DMA_CheckFifoParam  stm32f4xx_hal_dma.o
    0x0800091e   0x0800091e   0x0000002c   Code   RO         2550    i.DMA_SetConfig     stm32f4xx_hal_dma.o
    0x0800094a   0x0800094a   0x00000002   Code   RO          617    i.DebugMon_Handler  stm32f4xx_it.o
    0x0800094c   0x0800094c   0x00000006   Code   RO           13    i.Error_Handler     main.o
    0x08000952   0x08000952   0x0000014a   Code   RO         1755    i.HAL_CAN_AddTxMessage  stm32f4xx_hal_can.o
    0x08000a9c   0x08000a9c   0x00000120   Code   RO         1756    i.HAL_CAN_ConfigFilter  stm32f4xx_hal_can.o
    0x08000bbc   0x08000bbc   0x00000002   Code   RO         1759    i.HAL_CAN_ErrorCallback  stm32f4xx_hal_can.o
    0x08000bbe   0x08000bbe   0x00000194   Code   RO         1762    i.HAL_CAN_GetRxMessage  stm32f4xx_hal_can.o
    0x08000d52   0x08000d52   0x0000024e   Code   RO         1766    i.HAL_CAN_IRQHandler  stm32f4xx_hal_can.o
    0x08000fa0   0x08000fa0   0x00000174   Code   RO         1767    i.HAL_CAN_Init      stm32f4xx_hal_can.o
    0x08001114   0x08001114   0x000000a8   Code   RO          502    i.HAL_CAN_MspInit   can.o
    0x080011bc   0x080011bc   0x00000002   Code   RO         1774    i.HAL_CAN_RxFifo0FullCallback  stm32f4xx_hal_can.o
    0x080011be   0x080011be   0x00000002   PAD
    0x080011c0   0x080011c0   0x00000058   Code   RO         5823    i.HAL_CAN_RxFifo0MsgPendingCallback  drv_can.o
    0x08001218   0x08001218   0x00000002   Code   RO         1776    i.HAL_CAN_RxFifo1FullCallback  stm32f4xx_hal_can.o
    0x0800121a   0x0800121a   0x00000002   PAD
    0x0800121c   0x0800121c   0x00000058   Code   RO         5824    i.HAL_CAN_RxFifo1MsgPendingCallback  drv_can.o
    0x08001274   0x08001274   0x00000002   Code   RO         1778    i.HAL_CAN_SleepCallback  stm32f4xx_hal_can.o
    0x08001276   0x08001276   0x0000005e   Code   RO         1779    i.HAL_CAN_Start     stm32f4xx_hal_can.o
    0x080012d4   0x080012d4   0x00000002   Code   RO         1781    i.HAL_CAN_TxMailbox0AbortCallback  stm32f4xx_hal_can.o
    0x080012d6   0x080012d6   0x00000002   Code   RO         1782    i.HAL_CAN_TxMailbox0CompleteCallback  stm32f4xx_hal_can.o
    0x080012d8   0x080012d8   0x00000002   Code   RO         1783    i.HAL_CAN_TxMailbox1AbortCallback  stm32f4xx_hal_can.o
    0x080012da   0x080012da   0x00000002   Code   RO         1784    i.HAL_CAN_TxMailbox1CompleteCallback  stm32f4xx_hal_can.o
    0x080012dc   0x080012dc   0x00000002   Code   RO         1785    i.HAL_CAN_TxMailbox2AbortCallback  stm32f4xx_hal_can.o
    0x080012de   0x080012de   0x00000002   Code   RO         1786    i.HAL_CAN_TxMailbox2CompleteCallback  stm32f4xx_hal_can.o
    0x080012e0   0x080012e0   0x00000002   Code   RO         1788    i.HAL_CAN_WakeUpFromRxMsgCallback  stm32f4xx_hal_can.o
    0x080012e2   0x080012e2   0x000000ac   Code   RO         2551    i.HAL_DMA_Abort     stm32f4xx_hal_dma.o
    0x0800138e   0x0800138e   0x00000028   Code   RO         2552    i.HAL_DMA_Abort_IT  stm32f4xx_hal_dma.o
    0x080013b6   0x080013b6   0x00000002   PAD
    0x080013b8   0x080013b8   0x00000240   Code   RO         2556    i.HAL_DMA_IRQHandler  stm32f4xx_hal_dma.o
    0x080015f8   0x080015f8   0x000000ec   Code   RO         2557    i.HAL_DMA_Init      stm32f4xx_hal_dma.o
    0x080016e4   0x080016e4   0x00000092   Code   RO         2561    i.HAL_DMA_Start_IT  stm32f4xx_hal_dma.o
    0x08001776   0x08001776   0x00000002   PAD
    0x08001778   0x08001778   0x00000028   Code   RO         3011    i.HAL_Delay         stm32f4xx_hal.o
    0x080017a0   0x080017a0   0x00000210   Code   RO         2444    i.HAL_GPIO_Init     stm32f4xx_hal_gpio.o
    0x080019b0   0x080019b0   0x0000000c   Code   RO         2448    i.HAL_GPIO_WritePin  stm32f4xx_hal_gpio.o
    0x080019bc   0x080019bc   0x0000000c   Code   RO         3019    i.HAL_GetTick       stm32f4xx_hal.o
    0x080019c8   0x080019c8   0x00000018   Code   RO         3025    i.HAL_IncTick       stm32f4xx_hal.o
    0x080019e0   0x080019e0   0x0000003c   Code   RO         3026    i.HAL_Init          stm32f4xx_hal.o
    0x08001a1c   0x08001a1c   0x000000b4   Code   RO          730    i.HAL_InitTick      stm32f4xx_hal_timebase_tim.o
    0x08001ad0   0x08001ad0   0x00000054   Code   RO          706    i.HAL_MspInit       stm32f4xx_hal_msp.o
    0x08001b24   0x08001b24   0x00000028   Code   RO         2854    i.HAL_NVIC_EnableIRQ  stm32f4xx_hal_cortex.o
    0x08001b4c   0x08001b4c   0x0000007c   Code   RO         2860    i.HAL_NVIC_SetPriority  stm32f4xx_hal_cortex.o
    0x08001bc8   0x08001bc8   0x00000028   Code   RO         2861    i.HAL_NVIC_SetPriorityGrouping  stm32f4xx_hal_cortex.o
    0x08001bf0   0x08001bf0   0x0000008c   Code   RO         2780    i.HAL_PWREx_EnableOverDrive  stm32f4xx_hal_pwr_ex.o
    0x08001c7c   0x08001c7c   0x00000184   Code   RO         1988    i.HAL_RCC_ClockConfig  stm32f4xx_hal_rcc.o
    0x08001e00   0x08001e00   0x00000044   Code   RO         1992    i.HAL_RCC_GetClockConfig  stm32f4xx_hal_rcc.o
    0x08001e44   0x08001e44   0x0000000c   Code   RO         1993    i.HAL_RCC_GetHCLKFreq  stm32f4xx_hal_rcc.o
    0x08001e50   0x08001e50   0x00000020   Code   RO         1995    i.HAL_RCC_GetPCLK1Freq  stm32f4xx_hal_rcc.o
    0x08001e70   0x08001e70   0x00000020   Code   RO         1996    i.HAL_RCC_GetPCLK2Freq  stm32f4xx_hal_rcc.o
    0x08001e90   0x08001e90   0x000000b0   Code   RO         1997    i.HAL_RCC_GetSysClockFreq  stm32f4xx_hal_rcc.o
    0x08001f40   0x08001f40   0x0000049c   Code   RO         2000    i.HAL_RCC_OscConfig  stm32f4xx_hal_rcc.o
    0x080023dc   0x080023dc   0x00000002   Code   RO         1486    i.HAL_TIMEx_BreakCallback  stm32f4xx_hal_tim_ex.o
    0x080023de   0x080023de   0x00000002   Code   RO         1487    i.HAL_TIMEx_CommutCallback  stm32f4xx_hal_tim_ex.o
    0x080023e0   0x080023e0   0x00000066   Code   RO          771    i.HAL_TIM_Base_Init  stm32f4xx_hal_tim.o
    0x08002446   0x08002446   0x00000002   Code   RO          773    i.HAL_TIM_Base_MspInit  stm32f4xx_hal_tim.o
    0x08002448   0x08002448   0x000000a8   Code   RO          776    i.HAL_TIM_Base_Start_IT  stm32f4xx_hal_tim.o
    0x080024f0   0x080024f0   0x00000002   Code   RO          805    i.HAL_TIM_IC_CaptureCallback  stm32f4xx_hal_tim.o
    0x080024f2   0x080024f2   0x0000016c   Code   RO          819    i.HAL_TIM_IRQHandler  stm32f4xx_hal_tim.o
    0x0800265e   0x0800265e   0x00000002   Code   RO          822    i.HAL_TIM_OC_DelayElapsedCallback  stm32f4xx_hal_tim.o
    0x08002660   0x08002660   0x00000002   Code   RO          849    i.HAL_TIM_PWM_PulseFinishedCallback  stm32f4xx_hal_tim.o
    0x08002662   0x08002662   0x00000002   PAD
    0x08002664   0x08002664   0x000001c4   Code   RO         5993    i.HAL_TIM_PeriodElapsedCallback  drv_tim.o
    0x08002828   0x08002828   0x00000002   Code   RO          862    i.HAL_TIM_TriggerCallback  stm32f4xx_hal_tim.o
    0x0800282a   0x0800282a   0x00000070   Code   RO         3284    i.HAL_UARTEx_ReceiveToIdle_DMA  stm32f4xx_hal_uart.o
    0x0800289a   0x0800289a   0x00000002   PAD
    0x0800289c   0x0800289c   0x00000188   Code   RO         6032    i.HAL_UARTEx_RxEventCallback  drv_uart.o
    0x08002a24   0x08002a24   0x00000002   Code   RO         3300    i.HAL_UART_ErrorCallback  stm32f4xx_hal_uart.o
    0x08002a26   0x08002a26   0x00000002   PAD
    0x08002a28   0x08002a28   0x00000308   Code   RO         3303    i.HAL_UART_IRQHandler  stm32f4xx_hal_uart.o
    0x08002d30   0x08002d30   0x00000076   Code   RO         3304    i.HAL_UART_Init     stm32f4xx_hal_uart.o
    0x08002da6   0x08002da6   0x00000002   PAD
    0x08002da8   0x08002da8   0x0000011c   Code   RO          571    i.HAL_UART_MspInit  usart.o
    0x08002ec4   0x08002ec4   0x00000002   Code   RO         3310    i.HAL_UART_RxCpltCallback  stm32f4xx_hal_uart.o
    0x08002ec6   0x08002ec6   0x00000002   Code   RO         3311    i.HAL_UART_RxHalfCpltCallback  stm32f4xx_hal_uart.o
    0x08002ec8   0x08002ec8   0x00000002   Code   RO         3315    i.HAL_UART_TxCpltCallback  stm32f4xx_hal_uart.o
    0x08002eca   0x08002eca   0x00000004   Code   RO          618    i.HardFault_Handler  stm32f4xx_it.o
    0x08002ece   0x08002ece   0x00000002   PAD
    0x08002ed0   0x08002ed0   0x00000014   Code   RO         6865    i.J4310_CAN_RxCpltCallback  motor_dm_task.o
    0x08002ee4   0x08002ee4   0x0000009c   Code   RO         6866    i.J4310_Task        motor_dm_task.o
    0x08002f80   0x08002f80   0x00000030   Code   RO         6867    i.J4310_Task_Init   motor_dm_task.o
    0x08002fb0   0x08002fb0   0x00000044   Code   RO          503    i.MX_CAN1_Init      can.o
    0x08002ff4   0x08002ff4   0x00000048   Code   RO          543    i.MX_DMA_Init       dma.o
    0x0800303c   0x0800303c   0x00000038   Code   RO          412    i.MX_FREERTOS_Init  freertos.o
    0x08003074   0x08003074   0x00000098   Code   RO          285    i.MX_GPIO_Init      gpio.o
    0x0800310c   0x0800310c   0x00000038   Code   RO          572    i.MX_USART2_UART_Init  usart.o
    0x08003144   0x08003144   0x00000004   Code   RO          619    i.MemManage_Handler  stm32f4xx_it.o
    0x08003148   0x08003148   0x00000004   Code   RO          620    i.NMI_Handler       stm32f4xx_it.o
    0x0800314c   0x0800314c   0x00000012   Code   RO          413    i.StartTask3508     freertos.o
    0x0800315e   0x0800315e   0x00000012   Code   RO          414    i.StartTaskJ4310    freertos.o
    0x08003170   0x08003170   0x00000016   Code   RO         4828    i.SysTick_Handler   cmsis_os2.o
    0x08003186   0x08003186   0x00000002   PAD
    0x08003188   0x08003188   0x00000014   Code   RO         3648    i.SystemInit        system_stm32f4xx.o
    0x0800319c   0x0800319c   0x00000010   Code   RO          621    i.TIM8_TRG_COM_TIM14_IRQHandler  stm32f4xx_it.o
    0x080031ac   0x080031ac   0x000000e0   Code   RO          864    i.TIM_Base_SetConfig  stm32f4xx_hal_tim.o
    0x0800328c   0x0800328c   0x00000012   Code   RO         3317    i.UART_DMAAbortOnError  stm32f4xx_hal_uart.o
    0x0800329e   0x0800329e   0x00000050   Code   RO         3318    i.UART_DMAError     stm32f4xx_hal_uart.o
    0x080032ee   0x080032ee   0x000000b4   Code   RO         3319    i.UART_DMAReceiveCplt  stm32f4xx_hal_uart.o
    0x080033a2   0x080033a2   0x00000024   Code   RO         3321    i.UART_DMARxHalfCplt  stm32f4xx_hal_uart.o
    0x080033c6   0x080033c6   0x0000006c   Code   RO         3327    i.UART_EndRxTransfer  stm32f4xx_hal_uart.o
    0x08003432   0x08003432   0x00000020   Code   RO         3328    i.UART_EndTransmit_IT  stm32f4xx_hal_uart.o
    0x08003452   0x08003452   0x00000026   Code   RO         3329    i.UART_EndTxTransfer  stm32f4xx_hal_uart.o
    0x08003478   0x08003478   0x000000fc   Code   RO         3330    i.UART_Receive_IT   stm32f4xx_hal_uart.o
    0x08003574   0x08003574   0x0000022c   Code   RO         3331    i.UART_SetConfig    stm32f4xx_hal_uart.o
    0x080037a0   0x080037a0   0x000000d8   Code   RO         3332    i.UART_Start_Receive_DMA  stm32f4xx_hal_uart.o
    0x08003878   0x08003878   0x00000060   Code   RO         3334    i.UART_Transmit_IT  stm32f4xx_hal_uart.o
    0x080038d8   0x080038d8   0x00000010   Code   RO          622    i.USART2_IRQHandler  stm32f4xx_it.o
    0x080038e8   0x080038e8   0x00000004   Code   RO          623    i.UsageFault_Handler  stm32f4xx_it.o
    0x080038ec   0x080038ec   0x00000014   Code   RO         5700    i._Z11BSP_DC24_LD20Enum_BSP_DC24_Status  drv_bsp.o
    0x08003900   0x08003900   0x00000014   Code   RO         5701    i._Z11BSP_DC24_LU20Enum_BSP_DC24_Status  drv_bsp.o
    0x08003914   0x08003914   0x00000014   Code   RO         5702    i._Z11BSP_DC24_RD20Enum_BSP_DC24_Status  drv_bsp.o
    0x08003928   0x08003928   0x00000014   Code   RO         5703    i._Z11BSP_DC24_RU20Enum_BSP_DC24_Status  drv_bsp.o
    0x0800393c   0x0800393c   0x00000028   Code   RO         5825    i._Z13CAN_Send_DataP17CAN_HandleTypeDeftPht  drv_can.o
    0x08003964   0x08003964   0x00000008   Code   RO           14    i._Z14TIM14_Callbackv  main.o
    0x0800396c   0x0800396c   0x0000006c   Code   RO         6085    i._Z16allocate_tx_dataP17CAN_HandleTypeDef17Enum_CAN_Motor_ID  dvc_motor.o
    0x080039d8   0x080039d8   0x00000032   Code   RO         5894    i._Z17Math_Float_To_Intfffii  drv_math.o
    0x08003a0a   0x08003a0a   0x00000032   Code   RO         5895    i._Z17Math_Int_To_Floatiiiff  drv_math.o
    0x08003a3c   0x08003a3c   0x000000bc   Code   RO           15    i._Z18SystemClock_Configv  main.o
    0x08003af8   0x08003af8   0x00000022   Code   RO           16    i._Z19CAN_Motor_Call_BackP20Struct_CAN_Rx_Buffer  main.o
    0x08003b1a   0x08003b1a   0x0000006e   Code   RO         5826    i._Z22CAN_Filter_Mask_ConfigP17CAN_HandleTypeDefhjj  drv_can.o
    0x08003b88   0x08003b88   0x00000022   Code   RO         5897    i._Z22Math_Endian_Reverse_16PvS_  drv_math.o
    0x08003baa   0x08003baa   0x00000002   PAD
    0x08003bac   0x08003bac   0x0000001c   Code   RO           17    i._Z25UART_Serialplot_Call_BackPht  main.o
    0x08003bc8   0x08003bc8   0x00000048   Code   RO         5827    i._Z29TIM_CAN_PeriodElapsedCallbackv  drv_can.o
    0x08003c10   0x08003c10   0x0000009a   Code   RO         5704    i._Z8BSP_Initjff    drv_bsp.o
    0x08003caa   0x08003caa   0x00000002   PAD
    0x08003cac   0x08003cac   0x00000084   Code   RO         5828    i._Z8CAN_InitP17CAN_HandleTypeDefPFvP20Struct_CAN_Rx_BufferE  drv_can.o
    0x08003d30   0x08003d30   0x0000014c   Code   RO         5994    i._Z8TIM_InitP17TIM_HandleTypeDefPFvvE  drv_tim.o
    0x08003e7c   0x08003e7c   0x00000014   Code   RO         5705    i._Z9BSP_LED_119Enum_BSP_LED_Status  drv_bsp.o
    0x08003e90   0x08003e90   0x00000014   Code   RO         5706    i._Z9BSP_LED_219Enum_BSP_LED_Status  drv_bsp.o
    0x08003ea4   0x08003ea4   0x00000014   Code   RO         5707    i._Z9BSP_LED_319Enum_BSP_LED_Status  drv_bsp.o
    0x08003eb8   0x08003eb8   0x00000014   Code   RO         5708    i._Z9BSP_LED_419Enum_BSP_LED_Status  drv_bsp.o
    0x08003ecc   0x08003ecc   0x00000014   Code   RO         5709    i._Z9BSP_LED_519Enum_BSP_LED_Status  drv_bsp.o
    0x08003ee0   0x08003ee0   0x00000014   Code   RO         5710    i._Z9BSP_LED_619Enum_BSP_LED_Status  drv_bsp.o
    0x08003ef4   0x08003ef4   0x00000014   Code   RO         5711    i._Z9BSP_LED_719Enum_BSP_LED_Status  drv_bsp.o
    0x08003f08   0x08003f08   0x00000018   Code   RO         5712    i._Z9BSP_LED_819Enum_BSP_LED_Status  drv_bsp.o
    0x08003f20   0x08003f20   0x00000018   Code   RO         5713    i._Z9BSP_LED_G19Enum_BSP_LED_Status  drv_bsp.o
    0x08003f38   0x08003f38   0x00000018   Code   RO         5714    i._Z9BSP_LED_R19Enum_BSP_LED_Status  drv_bsp.o
    0x08003f50   0x08003f50   0x00000168   Code   RO         6035    i._Z9UART_InitP20__UART_HandleTypeDefPFvPhtEt  drv_uart.o
    0x080040b8   0x080040b8   0x00000006   Code   RO         6114    i._ZN16Class_Motor_C62016Set_Target_OmegaEf  dvc_motor.o
    0x080040be   0x080040be   0x00000002   PAD
    0x080040c0   0x080040c0   0x000000e4   Code   RO         6117    i._ZN16Class_Motor_C62018CAN_RxCpltCallbackEPh  dvc_motor.o
    0x080041a4   0x080041a4   0x00000130   Code   RO         6122    i._ZN16Class_Motor_C62029TIM_PID_PeriodElapsedCallbackEv  dvc_motor.o
    0x080042d4   0x080042d4   0x00000058   Code   RO         6124    i._ZN16Class_Motor_C6204InitEP17CAN_HandleTypeDef17Enum_CAN_Motor_ID19Enum_Control_Methodff  dvc_motor.o
    0x0800432c   0x0800432c   0x00000028   Code   RO         6125    i._ZN16Class_Motor_C6206OutputEv  dvc_motor.o
    0x08004354   0x08004354   0x00000006   Code   RO         6127    i._ZN16Class_Motor_C6207Set_OutEf  dvc_motor.o
    0x0800435a   0x0800435a   0x00000002   PAD
    0x0800435c   0x0800435c   0x0000009c   Code   RO         6829    i._ZN16Class_Motor_C620C1Ev  motor_dji_task.o
    0x080043f8   0x080043f8   0x00000008   Code   RO         6691    i._ZN16Class_Serialplot18Get_Variable_IndexEv  dvc_serialplot.o
    0x08004400   0x08004400   0x0000006c   Code   RO         6693    i._ZN16Class_Serialplot19Judge_Variable_NameEv  dvc_serialplot.o
    0x0800446c   0x0800446c   0x00000018   Code   RO         6694    i._ZN16Class_Serialplot19UART_RxCpltCallbackEPh  dvc_serialplot.o
    0x08004484   0x08004484   0x000000dc   Code   RO         6695    i._ZN16Class_Serialplot20Judge_Variable_ValueEi  dvc_serialplot.o
    0x08004560   0x08004560   0x000000c4   Code   RO         6697    i._ZN16Class_Serialplot4InitEP20__UART_HandleTypeDefhPPc25Enum_Serialplot_Data_Typeh  dvc_serialplot.o
    0x08004624   0x08004624   0x0000011c   Code   RO         6566    i._ZN21Class_Motor_DM_Normal12Data_ProcessEv  dvc_motor_dm.o
    0x08004740   0x08004740   0x00000018   Code   RO         6568    i._ZN21Class_Motor_DM_Normal14CAN_Send_EnterEv  dvc_motor_dm.o
    0x08004758   0x08004758   0x00000014   Code   RO         6569    i._ZN21Class_Motor_DM_Normal18CAN_RxCpltCallbackEPh  dvc_motor_dm.o
    0x0800476c   0x0800476c   0x00000018   Code   RO         6571    i._ZN21Class_Motor_DM_Normal20CAN_Send_Clear_ErrorEv  dvc_motor_dm.o
    0x08004784   0x08004784   0x000000c4   Code   RO         6572    i._ZN21Class_Motor_DM_Normal30TIM_Send_PeriodElapsedCallbackEv  dvc_motor_dm.o
    0x08004848   0x08004848   0x0000002c   Code   RO         6573    i._ZN21Class_Motor_DM_Normal31TIM_Alive_PeriodElapsedCallbackEv  dvc_motor_dm.o
    0x08004874   0x08004874   0x00000074   Code   RO         6574    i._ZN21Class_Motor_DM_Normal4InitEP17CAN_HandleTypeDefhh28Enum_Motor_DM_Control_Methodffff  dvc_motor_dm.o
    0x080048e8   0x080048e8   0x00000198   Code   RO         6575    i._ZN21Class_Motor_DM_Normal6OutputEv  dvc_motor_dm.o
    0x08004a80   0x08004a80   0x00000006   Code   RO         5493    i._ZN9Class_PID10Set_TargetEf  alg_pid.o
    0x08004a86   0x08004a86   0x00000002   PAD
    0x08004a88   0x08004a88   0x00000274   Code   RO         5501    i._ZN9Class_PID32TIM_Adjust_PeriodElapsedCallbackEv  alg_pid.o
    0x08004cfc   0x08004cfc   0x00000030   Code   RO         5502    i._ZN9Class_PID4InitEfffffffffff16Enum_PID_D_First  alg_pid.o
    0x08004d2c   0x08004d2c   0x00000006   Code   RO         5503    i._ZN9Class_PID7Get_OutEv  alg_pid.o
    0x08004d32   0x08004d32   0x00000006   Code   RO         5508    i._ZN9Class_PID7Set_NowEf  alg_pid.o
    0x08004d38   0x08004d38   0x00000090   Code   RO         6826    i._ZN9Class_PIDC1Ev  motor_dji_task.o
    0x08004dc8   0x08004dc8   0x00000026   Code   RO         7036    i.__ARM_fpclassifyf  m_wm.l(fpclassifyf.o)
    0x08004dee   0x08004dee   0x00000002   PAD
    0x08004df0   0x08004df0   0x00000010   Code   RO         2867    i.__NVIC_GetPriorityGrouping  stm32f4xx_hal_cortex.o
    0x08004e00   0x08004e00   0x00000028   Code   RO         2868    i.__NVIC_SetPriority  stm32f4xx_hal_cortex.o
    0x08004e28   0x08004e28   0x00000006   Code   RO         4830    i.__get_IPSR        cmsis_os2.o
    0x08004e2e   0x08004e2e   0x00000002   PAD
    0x08004e30   0x08004e30   0x00000664   Code   RO         6947    i.__hardfp_powf     m_wm.l(powf.o)
    0x08005494   0x08005494   0x00000014   Code   RO         7038    i.__mathlib_flt_divzero  m_wm.l(funder.o)
    0x080054a8   0x080054a8   0x00000006   Code   RO         7040    i.__mathlib_flt_infnan2  m_wm.l(funder.o)
    0x080054ae   0x080054ae   0x00000002   PAD
    0x080054b0   0x080054b0   0x00000010   Code   RO         7041    i.__mathlib_flt_invalid  m_wm.l(funder.o)
    0x080054c0   0x080054c0   0x00000010   Code   RO         7042    i.__mathlib_flt_overflow  m_wm.l(funder.o)
    0x080054d0   0x080054d0   0x00000010   Code   RO         7044    i.__mathlib_flt_underflow  m_wm.l(funder.o)
    0x080054e0   0x080054e0   0x0000004c   Code   RO         6868    i.__sti___17_motor_dm_task_cpp_ec1aea4c  motor_dm_task.o
    0x0800552c   0x0800552c   0x00000010   Code   RO         6790    i.__sti___18_motor_dji_task_cpp_e8a5edbb  motor_dji_task.o
    0x0800553c   0x0800553c   0x00000020   Code   RO           18    i.__sti___6_main_c_fdcc5e8f  main.o
    0x0800555c   0x0800555c   0x000000a4   Code   RO           19    i.main              main.o
    0x08005600   0x08005600   0x0000001e   Code   RO         4831    i.osDelay           cmsis_os2.o
    0x0800561e   0x0800561e   0x00000002   PAD
    0x08005620   0x08005620   0x0000002c   Code   RO         4845    i.osKernelInitialize  cmsis_os2.o
    0x0800564c   0x0800564c   0x00000060   Code   RO         4848    i.osKernelStart     cmsis_os2.o
    0x080056ac   0x080056ac   0x000000b8   Code   RO         4890    i.osThreadNew       cmsis_os2.o
    0x08005764   0x08005764   0x0000007c   Code   RO         4265    i.prvAddCurrentTaskToDelayedList  tasks.o
    0x080057e0   0x080057e0   0x000000b8   Code   RO         4266    i.prvAddNewTaskToReadyList  tasks.o
    0x08005898   0x08005898   0x00000074   Code   RO         4641    i.prvCheckForValidListAndQueue  timers.o
    0x0800590c   0x0800590c   0x00000048   Code   RO         4267    i.prvCheckTasksWaitingTermination  tasks.o
    0x08005954   0x08005954   0x0000002a   Code   RO         3852    i.prvCopyDataFromQueue  queue.o
    0x0800597e   0x0800597e   0x0000007e   Code   RO         3853    i.prvCopyDataToQueue  queue.o
    0x080059fc   0x080059fc   0x00000050   Code   RO         4268    i.prvDeleteTCB      tasks.o
    0x08005a4c   0x08005a4c   0x00000028   Code   RO         4642    i.prvGetNextExpireTime  timers.o
    0x08005a74   0x08005a74   0x0000007c   Code   RO         5358    i.prvHeapInit       heap_4.o
    0x08005af0   0x08005af0   0x00000028   Code   RO         4269    i.prvIdleTask       tasks.o
    0x08005b18   0x08005b18   0x0000002a   Code   RO         3856    i.prvInitialiseNewQueue  queue.o
    0x08005b42   0x08005b42   0x000000be   Code   RO         4270    i.prvInitialiseNewTask  tasks.o
    0x08005c00   0x08005c00   0x00000068   Code   RO         4271    i.prvInitialiseTaskLists  tasks.o
    0x08005c68   0x08005c68   0x00000068   Code   RO         5359    i.prvInsertBlockIntoFreeList  heap_4.o
    0x08005cd0   0x08005cd0   0x00000058   Code   RO         4644    i.prvInsertTimerInActiveList  timers.o
    0x08005d28   0x08005d28   0x0000001a   Code   RO         3857    i.prvIsQueueEmpty   queue.o
    0x08005d42   0x08005d42   0x0000001e   Code   RO         3858    i.prvIsQueueFull    queue.o
    0x08005d60   0x08005d60   0x00000074   Code   RO         4645    i.prvProcessExpiredTimer  timers.o
    0x08005dd4   0x08005dd4   0x00000164   Code   RO         4646    i.prvProcessReceivedCommands  timers.o
    0x08005f38   0x08005f38   0x00000074   Code   RO         4647    i.prvProcessTimerOrBlockTask  timers.o
    0x08005fac   0x08005fac   0x00000034   Code   RO         4273    i.prvResetNextTaskUnblockTime  tasks.o
    0x08005fe0   0x08005fe0   0x0000002c   Code   RO         4648    i.prvSampleTimeNow  timers.o
    0x0800600c   0x0800600c   0x000000a4   Code   RO         4649    i.prvSwitchTimerLists  timers.o
    0x080060b0   0x080060b0   0x00000040   Code   RO         5414    i.prvTaskExitError  port.o
    0x080060f0   0x080060f0   0x0000001a   Code   RO         4650    i.prvTimerTask      timers.o
    0x0800610a   0x0800610a   0x0000007e   Code   RO         3859    i.prvUnlockQueue    queue.o
    0x08006188   0x08006188   0x0000014c   Code   RO         5360    i.pvPortMalloc      heap_4.o
    0x080062d4   0x080062d4   0x0000002c   Code   RO         5415    i.pxPortInitialiseStack  port.o
    0x08006300   0x08006300   0x00000028   Code   RO         3812    i.uxListRemove      list.o
    0x08006328   0x08006328   0x00000018   Code   RO         4902    i.vApplicationGetIdleTaskMemory  cmsis_os2.o
    0x08006340   0x08006340   0x00000018   Code   RO         4903    i.vApplicationGetTimerTaskMemory  cmsis_os2.o
    0x08006358   0x08006358   0x0000001a   Code   RO         3813    i.vListInitialise   list.o
    0x08006372   0x08006372   0x00000006   Code   RO         3814    i.vListInitialiseItem  list.o
    0x08006378   0x08006378   0x00000034   Code   RO         3815    i.vListInsert       list.o
    0x080063ac   0x080063ac   0x00000018   Code   RO         3816    i.vListInsertEnd    list.o
    0x080063c4   0x080063c4   0x00000054   Code   RO         5417    i.vPortEnterCritical  port.o
    0x08006418   0x08006418   0x0000003c   Code   RO         5418    i.vPortExitCritical  port.o
    0x08006454   0x08006454   0x000000a4   Code   RO         5361    i.vPortFree         heap_4.o
    0x080064f8   0x080064f8   0x00000028   Code   RO         5419    i.vPortSetupTimerInterrupt  port.o
    0x08006520   0x08006520   0x00000078   Code   RO         5420    i.vPortValidateInterruptPriority  port.o
    0x08006598   0x08006598   0x0000002c   Code   RO         3865    i.vQueueAddToRegistry  queue.o
    0x080065c4   0x080065c4   0x0000004a   Code   RO         3869    i.vQueueWaitForMessageRestricted  queue.o
    0x0800660e   0x0800660e   0x00000002   PAD
    0x08006610   0x08006610   0x0000005c   Code   RO         4286    i.vTaskDelay        tasks.o
    0x0800666c   0x0800666c   0x00000018   Code   RO         4291    i.vTaskInternalSetTimeOutState  tasks.o
    0x08006684   0x08006684   0x0000000c   Code   RO         4292    i.vTaskMissedYield  tasks.o
    0x08006690   0x08006690   0x00000038   Code   RO         4294    i.vTaskPlaceOnEventList  tasks.o
    0x080066c8   0x080066c8   0x00000040   Code   RO         4295    i.vTaskPlaceOnEventListRestricted  tasks.o
    0x08006708   0x08006708   0x000000b8   Code   RO         4303    i.vTaskStartScheduler  tasks.o
    0x080067c0   0x080067c0   0x00000010   Code   RO         4305    i.vTaskSuspendAll   tasks.o
    0x080067d0   0x080067d0   0x00000090   Code   RO         4306    i.vTaskSwitchContext  tasks.o
    0x08006860   0x08006860   0x00000168   Code   RO         5421    i.xPortStartScheduler  port.o
    0x080069c8   0x080069c8   0x00000034   Code   RO         5422    i.xPortSysTickHandler  port.o
    0x080069fc   0x080069fc   0x000000e0   Code   RO         3875    i.xQueueGenericCreateStatic  queue.o
    0x08006adc   0x08006adc   0x00000098   Code   RO         3876    i.xQueueGenericReset  queue.o
    0x08006b74   0x08006b74   0x000001a8   Code   RO         3877    i.xQueueGenericSend  queue.o
    0x08006d1c   0x08006d1c   0x000000fc   Code   RO         3878    i.xQueueGenericSendFromISR  queue.o
    0x08006e18   0x08006e18   0x00000168   Code   RO         3887    i.xQueueReceive     queue.o
    0x08006f80   0x08006f80   0x0000008c   Code   RO         4308    i.xTaskCheckForTimeOut  tasks.o
    0x0800700c   0x0800700c   0x00000064   Code   RO         4309    i.xTaskCreate       tasks.o
    0x08007070   0x08007070   0x000000ba   Code   RO         4310    i.xTaskCreateStatic  tasks.o
    0x0800712a   0x0800712a   0x00000002   PAD
    0x0800712c   0x0800712c   0x00000020   Code   RO         4314    i.xTaskGetSchedulerState  tasks.o
    0x0800714c   0x0800714c   0x0000000c   Code   RO         4315    i.xTaskGetTickCount  tasks.o
    0x08007158   0x08007158   0x00000144   Code   RO         4317    i.xTaskIncrementTick  tasks.o
    0x0800729c   0x0800729c   0x000000a4   Code   RO         4320    i.xTaskPriorityDisinherit  tasks.o
    0x08007340   0x08007340   0x00000098   Code   RO         4322    i.xTaskRemoveFromEventList  tasks.o
    0x080073d8   0x080073d8   0x00000104   Code   RO         4323    i.xTaskResumeAll    tasks.o
    0x080074dc   0x080074dc   0x00000078   Code   RO         4659    i.xTimerCreateTimerTask  timers.o
    0x08007554   0x08007554   0x00000084   Code   RO         4660    i.xTimerGenericCommand  timers.o
    0x080075d8   0x080075d8   0x00000030   Code   RO         5608    t._Z14Math_ConstrainIfET_PS0_S0_S0_  alg_pid.o
    0x08007608   0x08007608   0x0000001a   Code   RO         5601    t._Z8Math_AbsIfET_S0_  alg_pid.o
    0x08007622   0x08007622   0x0000000a   Code   RO         7079    x$fpl$fpinit        fz_wm.l(fpinit.o)
    0x0800762c   0x0800762c   0x00000000   Code   RO         7035    x$fpl$usenofp       fz_wm.l(usenofp.o)
    0x0800762c   0x0800762c   0x00000048   Data   RO          415    .constdata          freertos.o
    0x08007674   0x08007674   0x00000008   Data   RO         2563    .constdata          stm32f4xx_hal_dma.o
    0x0800767c   0x0800767c   0x00000018   Data   RO         3649    .constdata          system_stm32f4xx.o
    0x08007694   0x08007694   0x00000140   Data   RO         6950    .constdata          m_wm.l(powf.o)
    0x080077d4   0x080077d4   0x00000015   Data   RO          416    .conststring        freertos.o
    0x080077e9   0x080077e9   0x00000003   PAD
    0x080077ec   0x080077ec   0x00000020   Data   RO         7175    Region$$Table       anon$$obj.o
    0x0800780c   0x0800780c   0x00000004   Data   RO           29    .init_array         main.o
    0x08007810   0x0800780c   0x00000004   Data   RO         6796    .init_array         motor_dji_task.o
    0x08007814   0x0800780c   0x00000004   Data   RO         6875    .init_array         motor_dm_task.o
    0x08007818   0x0800780c   0x00000000   Data   RO         6940    .init_array         c_w.l(init_aeabi.o)


    Execution Region RW_IRAM2 (Exec base: 0x10000000, Load base: 0x08007848, Size: 0x00000000, Max: 0x00010000, ABSOLUTE)

    **** No section assigned to this execution region ****


    Execution Region RW_IRAM1 (Exec base: 0x20000000, Load base: 0x08007818, Size: 0x00006648, Max: 0x00030000, ABSOLUTE, COMPRESSED[0x00000030])

    Exec Addr    Load Addr    Size         Type   Attr      Idx    E Section Name        Object

    0x20000000   COMPRESSED   0x000001a8   Data   RW           28    .data               main.o
    0x200001a8   COMPRESSED   0x00000008   Data   RW          417    .data               freertos.o
    0x200001b0   COMPRESSED   0x00000009   Data   RW         3033    .data               stm32f4xx_hal.o
    0x200001b9   COMPRESSED   0x00000003   PAD
    0x200001bc   COMPRESSED   0x00000004   Data   RW         3650    .data               system_stm32f4xx.o
    0x200001c0   COMPRESSED   0x0000003c   Data   RW         4326    .data               tasks.o
    0x200001fc   COMPRESSED   0x00000014   Data   RW         4668    .data               timers.o
    0x20000210   COMPRESSED   0x00000004   Data   RW         4905    .data               cmsis_os2.o
    0x20000214   COMPRESSED   0x00000020   Data   RW         5367    .data               heap_4.o
    0x20000234   COMPRESSED   0x0000000c   Data   RW         5423    .data               port.o
    0x20000240   COMPRESSED   0x0000005c   Data   RW         5836    .data               drv_can.o
    0x2000029c   COMPRESSED   0x00000070   Data   RW         5997    .data               drv_tim.o
    0x2000030c   COMPRESSED   0x00000020   Data   RW         6594    .data               dvc_motor_dm.o
    0x2000032c   COMPRESSED   0x00000008   Data   RW         6874    .data               motor_dm_task.o
    0x20000334        -       0x00000048   Zero   RW           27    .bss                main.o
    0x2000037c        -       0x00000028   Zero   RW          504    .bss                can.o
    0x200003a4        -       0x00000108   Zero   RW          573    .bss                usart.o
    0x200004ac        -       0x00000048   Zero   RW          733    .bss                stm32f4xx_hal_timebase_tim.o
    0x200004f4        -       0x00000040   Zero   RW         3891    .bss                queue.o
    0x20000534        -       0x000004c4   Zero   RW         4325    .bss                tasks.o
    0x200009f8        -       0x00000118   Zero   RW         4667    .bss                timers.o
    0x20000b10        -       0x000006b8   Zero   RW         4904    .bss                cmsis_os2.o
    0x200011c8        -       0x00003c00   Zero   RW         5366    .bss                heap_4.o
    0x20004dc8        -       0x00000058   Zero   RW         5835    .bss                drv_can.o
    0x20004e20        -       0x00001060   Zero   RW         6040    .bss                drv_uart.o
    0x20005e80        -       0x000000f8   Zero   RW         6795    .bss                motor_dji_task.o
    0x20005f78        -       0x0000006c   Zero   RW         6873    .bss                motor_dm_task.o
    0x20005fe4        -       0x00000060   Zero   RW         7082    .bss                c_w.l(libspace.o)
    0x20006044   COMPRESSED   0x00000004   PAD
    0x20006048        -       0x00000200   Zero   RW            2    HEAP                startup_stm32f427xx.o
    0x20006248        -       0x00000400   Zero   RW            1    STACK               startup_stm32f427xx.o


==============================================================================

Image component sizes


      Code (inc. data)   RO Data    RW Data    ZI Data      Debug   Object Name

       768          6          0          0          0     671620   alg_pid.o
       236         22          0          0         40       1849   can.o
       430         38          0          4       1720      65315   cmsis_os2.o
        72          4          0          0          0        914   dma.o
       446         62          0          0          0       8343   drv_bsp.o
       530         66          0         92         88       6379   drv_can.o
       134          0          0          0          0       2713   drv_math.o
       784        222          0        112          0       3493   drv_tim.o
       752        130          0          0       4192       3412   drv_uart.o
       780         60          0          0          0     623548   dvc_motor.o
      1116         64          0         32          0      14047   dvc_motor_dm.o
       556         72          0          0          0       6995   dvc_serialplot.o
         0          0          0          0          0      19452   event_groups.o
        92         24         93          8          0      13402   freertos.o
       152         10          0          0          0     752923   gpio.o
       724         74          0         32      15360       5035   heap_4.o
       148          0          0          0          0       3746   list.o
       460         64          4        424         72     758094   main.o
       488         74          4          0        248       2642   motor_dji_task.o
       300         52          4          8        108      11854   motor_dm_task.o
      1014         92          0         12          0      11917   port.o
      1922         20          0          0         64      17660   queue.o
        64         26        428          0       1536        852   startup_stm32f427xx.o
       136         24          0          9          0       9058   stm32f4xx_hal.o
      2100          4          0          0          0      13308   stm32f4xx_hal_can.o
       260         22          0          0          0      33614   stm32f4xx_hal_cortex.o
      1436         16          8          0          0       7234   stm32f4xx_hal_dma.o
       540         54          0          0          0       2276   stm32f4xx_hal_gpio.o
        84          6          0          0          0       1002   stm32f4xx_hal_msp.o
       140         12          0          0          0       1424   stm32f4xx_hal_pwr_ex.o
      1888         94          0          0          0       6481   stm32f4xx_hal_rcc.o
       868         76          0          0          0       6818   stm32f4xx_hal_tim.o
         4          0          0          0          0       1753   stm32f4xx_hal_tim_ex.o
       180         20          0          0         72       1624   stm32f4xx_hal_timebase_tim.o
      2626         28          0          0          0      14597   stm32f4xx_hal_uart.o
       118         36          0          0          0       5957   stm32f4xx_it.o
         0          0          0          0          0        384   stream_buffer.o
        20          6         24          4          0       1279   system_stm32f4xx.o
      2808        346          0         60       1220      27810   tasks.o
      1318        124          0         20        280      33151   timers.o
       340         38          0          0        264       2048   usart.o

    ----------------------------------------------------------------------
     26876       2088        600        820      25264    3176023   Object Totals
         0          0         32          0          0          0   (incl. Generated)
        42          0          3          3          0          0   (incl. Padding)

    ----------------------------------------------------------------------

      Code (inc. data)   RO Data    RW Data    ZI Data      Debug   Library Member Name

        90          0          0          0          0          0   __dczerorl2.o
         8          0          0          0          0         68   __main.o
         0          0          0          0          0          0   __rtentry.o
        12          0          0          0          0          0   __rtentry2.o
         6          0          0          0          0          0   __rtentry4.o
        52          8          0          0          0          0   __scatter.o
        28          0          0          0          0          0   __scatter_zi.o
        22          0          0          0          0        100   _rserrno.o
        16          0          0          0          0         68   aeabi_memset.o
        18          0          0          0          0         80   exit.o
         6          0          0          0          0        152   heapauxi.o
         0          0          0          0          0          0   indicate_semi.o
        36         10          0          0          0         80   init_aeabi.o
         2          0          0          0          0          0   libinit.o
        10          0          0          0          0          0   libinit2.o
         2          0          0          0          0          0   libshutdown.o
         2          0          0          0          0          0   libshutdown2.o
         8          4          0          0         96         68   libspace.o
       238          0          0          0          0        100   lludivv7m.o
         8          4          0          0          0         68   rt_errno_addr_intlibspace.o
        68          0          0          0          0         68   rt_memclr.o
        78          0          0          0          0         80   rt_memclr_w.o
       138          0          0          0          0         68   rt_memcpy_v6.o
       100          0          0          0          0         80   rt_memcpy_w.o
         2          0          0          0          0          0   rtexit.o
        10          0          0          0          0          0   rtexit2.o
       128          0          0          0          0         68   strcmpv7m.o
        12          4          0          0          0         68   sys_exit.o
        74          0          0          0          0         80   sys_stackheap_outer.o
         2          0          0          0          0         68   use_no_semi.o
        10          0          0          0          0        116   fpinit.o
         0          0          0          0          0          0   usenofp.o
        38          0          0          0          0        116   fpclassifyf.o
        74         24          0          0          0        580   funder.o
      1636        110        320          0          0        372   powf.o

    ----------------------------------------------------------------------
      2948        164        320          0        100       2548   Library Totals
        14          0          0          0          4          0   (incl. Padding)

    ----------------------------------------------------------------------

      Code (inc. data)   RO Data    RW Data    ZI Data      Debug   Library Name

      1176         30          0          0         96       1364   c_w.l
        10          0          0          0          0        116   fz_wm.l
      1748        134        320          0          0       1068   m_wm.l

    ----------------------------------------------------------------------
      2948        164        320          0        100       2548   Library Totals

    ----------------------------------------------------------------------

==============================================================================


      Code (inc. data)   RO Data    RW Data    ZI Data      Debug   

     29824       2252        920        820      25364    3153995   Grand Totals
     29824       2252        920         48      25364    3153995   ELF Image Totals (compressed)
     29824       2252        920         48          0          0   ROM Totals

==============================================================================

    Total RO  Size (Code + RO Data)                30744 (  30.02kB)
    Total RW  Size (RW Data + ZI Data)             26184 (  25.57kB)
    Total ROM Size (Code + RO Data + RW Data)      30792 (  30.07kB)

==============================================================================

