Component: ARM Compiler 5.06 update 7 (build 960) Tool: armlink [4d3601]

==============================================================================

Section Cross References

    startup_stm32f427xx.o(STACK) refers (Special) to heapauxi.o(.text) for __use_two_region_memory
    startup_stm32f427xx.o(HEAP) refers (Special) to heapauxi.o(.text) for __use_two_region_memory
    startup_stm32f427xx.o(RESET) refers (Special) to heapauxi.o(.text) for __use_two_region_memory
    startup_stm32f427xx.o(RESET) refers to startup_stm32f427xx.o(STACK) for __initial_sp
    startup_stm32f427xx.o(RESET) refers to startup_stm32f427xx.o(.text) for Reset_Handler
    startup_stm32f427xx.o(RESET) refers to stm32f4xx_it.o(i.NMI_Handler) for NMI_Handler
    startup_stm32f427xx.o(RESET) refers to stm32f4xx_it.o(i.HardFault_Handler) for HardFault_Handler
    startup_stm32f427xx.o(RESET) refers to stm32f4xx_it.o(i.MemManage_Handler) for MemManage_Handler
    startup_stm32f427xx.o(RESET) refers to stm32f4xx_it.o(i.BusFault_Handler) for BusFault_Handler
    startup_stm32f427xx.o(RESET) refers to stm32f4xx_it.o(i.UsageFault_Handler) for UsageFault_Handler
    startup_stm32f427xx.o(RESET) refers to port.o(.emb_text) for SVC_Handler
    startup_stm32f427xx.o(RESET) refers to stm32f4xx_it.o(i.DebugMon_Handler) for DebugMon_Handler
    startup_stm32f427xx.o(RESET) refers to cmsis_os2.o(i.SysTick_Handler) for SysTick_Handler
    startup_stm32f427xx.o(RESET) refers to stm32f4xx_it.o(i.DMA1_Stream5_IRQHandler) for DMA1_Stream5_IRQHandler
    startup_stm32f427xx.o(RESET) refers to stm32f4xx_it.o(i.DMA1_Stream6_IRQHandler) for DMA1_Stream6_IRQHandler
    startup_stm32f427xx.o(RESET) refers to stm32f4xx_it.o(i.CAN1_RX0_IRQHandler) for CAN1_RX0_IRQHandler
    startup_stm32f427xx.o(RESET) refers to stm32f4xx_it.o(i.CAN1_RX1_IRQHandler) for CAN1_RX1_IRQHandler
    startup_stm32f427xx.o(RESET) refers to stm32f4xx_it.o(i.USART2_IRQHandler) for USART2_IRQHandler
    startup_stm32f427xx.o(RESET) refers to stm32f4xx_it.o(i.TIM8_TRG_COM_TIM14_IRQHandler) for TIM8_TRG_COM_TIM14_IRQHandler
    startup_stm32f427xx.o(RESET) refers to stm32f4xx_it.o(i.DMA2_Stream1_IRQHandler) for DMA2_Stream1_IRQHandler
    startup_stm32f427xx.o(RESET) refers to stm32f4xx_it.o(i.DMA2_Stream6_IRQHandler) for DMA2_Stream6_IRQHandler
    startup_stm32f427xx.o(RESET) refers to stm32f4xx_it.o(i.USART6_IRQHandler) for USART6_IRQHandler
    startup_stm32f427xx.o(.text) refers (Special) to heapauxi.o(.text) for __use_two_region_memory
    startup_stm32f427xx.o(.text) refers to system_stm32f4xx.o(i.SystemInit) for SystemInit
    startup_stm32f427xx.o(.text) refers to __main.o(!!!main) for __main
    startup_stm32f427xx.o(.text) refers to startup_stm32f427xx.o(HEAP) for Heap_Mem
    startup_stm32f427xx.o(.text) refers to startup_stm32f427xx.o(STACK) for Stack_Mem
    main.o(i._Z14TIM14_Callbackv) refers to stm32f4xx_hal.o(i.HAL_IncTick) for HAL_IncTick
    main.o(i._Z18SystemClock_Configv) refers to rt_memclr_w.o(.text) for __aeabi_memclr4
    main.o(i._Z18SystemClock_Configv) refers to stm32f4xx_hal_rcc.o(i.HAL_RCC_OscConfig) for HAL_RCC_OscConfig
    main.o(i._Z18SystemClock_Configv) refers to main.o(i.Error_Handler) for Error_Handler
    main.o(i._Z18SystemClock_Configv) refers to stm32f4xx_hal_pwr_ex.o(i.HAL_PWREx_EnableOverDrive) for HAL_PWREx_EnableOverDrive
    main.o(i._Z18SystemClock_Configv) refers to stm32f4xx_hal_rcc.o(i.HAL_RCC_ClockConfig) for HAL_RCC_ClockConfig
    main.o(i._Z19CAN_Motor_Call_BackP20Struct_CAN_Rx_Buffer) refers to motor_dji_task.o(i.DJI_M3508_CAN_RxCpltCallback) for DJI_M3508_CAN_RxCpltCallback
    main.o(i._Z19CAN_Motor_Call_BackP20Struct_CAN_Rx_Buffer) refers to motor_dm_task.o(i.J4310_CAN_RxCpltCallback) for J4310_CAN_RxCpltCallback
    main.o(i._Z25UART_Serialplot_Call_BackPht) refers to dvc_serialplot.o(i._ZN16Class_Serialplot19UART_RxCpltCallbackEPh) for Class_Serialplot::UART_RxCpltCallback(unsigned char*)
    main.o(i._Z25UART_Serialplot_Call_BackPht) refers to dvc_serialplot.o(i._ZN16Class_Serialplot18Get_Variable_IndexEv) for Class_Serialplot::Get_Variable_Index()
    main.o(i._Z25UART_Serialplot_Call_BackPht) refers to main.o(.bss) for serialplot
    main.o(i.__sti___6_main_c_fdcc5e8f) refers to main.o(.bss) for serialplot
    main.o(i.main) refers to stm32f4xx_hal.o(i.HAL_Init) for HAL_Init
    main.o(i.main) refers to main.o(i._Z18SystemClock_Configv) for SystemClock_Config()
    main.o(i.main) refers to gpio.o(i.MX_GPIO_Init) for MX_GPIO_Init
    main.o(i.main) refers to dma.o(i.MX_DMA_Init) for MX_DMA_Init
    main.o(i.main) refers to can.o(i.MX_CAN1_Init) for MX_CAN1_Init
    main.o(i.main) refers to usart.o(i.MX_USART2_UART_Init) for MX_USART2_UART_Init
    main.o(i.main) refers to usart.o(i.MX_USART6_UART_Init) for MX_USART6_UART_Init
    main.o(i.main) refers to drv_bsp.o(i._Z8BSP_Initjff) for BSP_Init(unsigned, float, float)
[...]
    HAL_Init                                 0x08002fa5   Thumb Code    54  stm32f4xx_hal.o(i.HAL_Init)
    HAL_InitTick                             0x08002fe1   Thumb Code   160  stm32f4xx_hal_timebase_tim.o(i.HAL_InitTick)
    HAL_MspInit                              0x08003095   Thumb Code    78  stm32f4xx_hal_msp.o(i.HAL_MspInit)
    HAL_NVIC_EnableIRQ                       0x080030e9   Thumb Code    40  stm32f4xx_hal_cortex.o(i.HAL_NVIC_EnableIRQ)
    HAL_NVIC_SetPriority                     0x08003111   Thumb Code   124  stm32f4xx_hal_cortex.o(i.HAL_NVIC_SetPriority)
    HAL_NVIC_SetPriorityGrouping             0x0800318d   Thumb Code    32  stm32f4xx_hal_cortex.o(i.HAL_NVIC_SetPriorityGrouping)
    HAL_PWREx_EnableOverDrive                0x080031b5   Thumb Code   128  stm32f4xx_hal_pwr_ex.o(i.HAL_PWREx_EnableOverDrive)
    HAL_RCC_ClockConfig                      0x08003241   Thumb Code   368  stm32f4xx_hal_rcc.o(i.HAL_RCC_ClockConfig)
    HAL_RCC_GetClockConfig                   0x080033c5   Thumb Code    58  stm32f4xx_hal_rcc.o(i.HAL_RCC_GetClockConfig)
    HAL_RCC_GetHCLKFreq                      0x08003409   Thumb Code     6  stm32f4xx_hal_rcc.o(i.HAL_RCC_GetHCLKFreq)
    HAL_RCC_GetPCLK1Freq                     0x08003415   Thumb Code    22  stm32f4xx_hal_rcc.o(i.HAL_RCC_GetPCLK1Freq)
    HAL_RCC_GetPCLK2Freq                     0x08003435   Thumb Code    22  stm32f4xx_hal_rcc.o(i.HAL_RCC_GetPCLK2Freq)
    HAL_RCC_GetSysClockFreq                  0x08003455   Thumb Code   162  stm32f4xx_hal_rcc.o(i.HAL_RCC_GetSysClockFreq)
    HAL_RCC_OscConfig                        0x08003505   Thumb Code  1172  stm32f4xx_hal_rcc.o(i.HAL_RCC_OscConfig)
    HAL_TIMEx_BreakCallback                  0x080039a1   Thumb Code     2  stm32f4xx_hal_tim_ex.o(i.HAL_TIMEx_BreakCallback)
    HAL_TIMEx_CommutCallback                 0x080039a3   Thumb Code     2  stm32f4xx_hal_tim_ex.o(i.HAL_TIMEx_CommutCallback)
    HAL_TIM_Base_Init                        0x080039a5   Thumb Code   102  stm32f4xx_hal_tim.o(i.HAL_TIM_Base_Init)
    HAL_TIM_Base_MspInit                     0x08003a0b   Thumb Code     2  stm32f4xx_hal_tim.o(i.HAL_TIM_Base_MspInit)
    HAL_TIM_Base_Start_IT                    0x08003a0d   Thumb Code   138  stm32f4xx_hal_tim.o(i.HAL_TIM_Base_Start_IT)
    HAL_TIM_IC_CaptureCallback               0x08003ab5   Thumb Code     2  stm32f4xx_hal_tim.o(i.HAL_TIM_IC_CaptureCallback)
    HAL_TIM_IRQHandler                       0x08003ab7   Thumb Code   364  stm32f4xx_hal_tim.o(i.HAL_TIM_IRQHandler)
    HAL_TIM_OC_DelayElapsedCallback          0x08003c23   Thumb Code     2  stm32f4xx_hal_tim.o(i.HAL_TIM_OC_DelayElapsedCallback)
    HAL_TIM_PWM_PulseFinishedCallback        0x08003c25   Thumb Code     2  stm32f4xx_hal_tim.o(i.HAL_TIM_PWM_PulseFinishedCallback)
    HAL_TIM_PeriodElapsedCallback            0x08003c29   Thumb Code   338  drv_tim.o(i.HAL_TIM_PeriodElapsedCallback)
    HAL_TIM_TriggerCallback                  0x08003ded   Thumb Code     2  stm32f4xx_hal_tim.o(i.HAL_TIM_TriggerCallback)
    HAL_UARTEx_ReceiveToIdle_DMA             0x08003def   Thumb Code   112  stm32f4xx_hal_uart.o(i.HAL_UARTEx_ReceiveToIdle_DMA)
    HAL_UARTEx_RxEventCallback               0x08003e61   Thumb Code   326  drv_uart.o(i.HAL_UARTEx_RxEventCallback)
    HAL_UART_ErrorCallback                   0x08003fe9   Thumb Code     2  stm32f4xx_hal_uart.o(i.HAL_UART_ErrorCallback)
    HAL_UART_IRQHandler                      0x08003fed   Thumb Code   772  stm32f4xx_hal_uart.o(i.HAL_UART_IRQHandler)
    HAL_UART_Init                            0x080042f5   Thumb Code   118  stm32f4xx_hal_uart.o(i.HAL_UART_Init)
    HAL_UART_MspInit                         0x0800436d   Thumb Code   506  usart.o(i.HAL_UART_MspInit)
    HAL_UART_RxCpltCallback                  0x08004595   Thumb Code     2  stm32f4xx_hal_uart.o(i.HAL_UART_RxCpltCallback)
    HAL_UART_RxHalfCpltCallback              0x08004597   Thumb Code     2  stm32f4xx_hal_uart.o(i.HAL_UART_RxHalfCpltCallback)
    HAL_UART_Transmit                        0x08004599   Thumb Code   190  stm32f4xx_hal_uart.o(i.HAL_UART_Transmit)
    HAL_UART_TxCpltCallback                  0x08004657   Thumb Code     2  stm32f4xx_hal_uart.o(i.HAL_UART_TxCpltCallback)
    HardFault_Handler                        0x08004659   Thumb Code     4  stm32f4xx_it.o(i.HardFault_Handler)
    J4310_CAN_RxCpltCallback                 0x0800465d   Thumb Code    14  motor_dm_task.o(i.J4310_CAN_RxCpltCallback)
    J4310_Task                               0x08004671   Thumb Code   132  motor_dm_task.o(i.J4310_Task)
    J4310_Task_Init                          0x0800470d   Thumb Code    36  motor_dm_task.o(i.J4310_Task_Init)
    MX_CAN1_Init                             0x0800473d   Thumb Code    60  can.o(i.MX_CAN1_Init)
    MX_DMA_Init                              0x08004781   Thumb Code   130  dma.o(i.MX_DMA_Init)
    MX_FREERTOS_Init                         0x08004809   Thumb Code    32  freertos.o(i.MX_FREERTOS_Init)
    MX_GPIO_Init                             0x08004841   Thumb Code   172  gpio.o(i.MX_GPIO_Init)
    MX_USART2_UART_Init                      0x080048f5   Thumb Code    44  usart.o(i.MX_USART2_UART_Init)
    MX_USART6_UART_Init                      0x0800492d   Thumb Code    46  usart.o(i.MX_USART6_UART_Init)
    MemManage_Handler                        0x08004965   Thumb Code     4  stm32f4xx_it.o(i.MemManage_Handler)
    NMI_Handler                              0x08004969   Thumb Code     4  stm32f4xx_it.o(i.NMI_Handler)
    StartTask3508                            0x0800496d   Thumb Code    18  freertos.o(i.StartTask3508)
    StartTaskJ4310                           0x0800497f   Thumb Code    18  freertos.o(i.StartTaskJ4310)
    SysTick_Handler                          0x08004991   Thumb Code    22  cmsis_os2.o(i.SysTick_Handler)
    SystemInit                               0x080049a9   Thumb Code    14  system_stm32f4xx.o(i.SystemInit)
    TIM8_TRG_COM_TIM14_IRQHandler            0x080049bd   Thumb Code    10  stm32f4xx_it.o(i.TIM8_TRG_COM_TIM14_IRQHandler)
    TIM_Base_SetConfig                       0x080049cd   Thumb Code   178  stm32f4xx_hal_tim.o(i.TIM_Base_SetConfig)
    UART_Start_Receive_DMA                   0x08004fc1   Thumb Code   202  stm32f4xx_hal_uart.o(i.UART_Start_Receive_DMA)
    USART2_IRQHandler                        0x08005185   Thumb Code    10  stm32f4xx_it.o(i.USART2_IRQHandler)
    USART6_IRQHandler                        0x08005195   Thumb Code    10  stm32f4xx_it.o(i.USART6_IRQHandler)
    UsageFault_Handler                       0x080051a5   Thumb Code     4  stm32f4xx_it.o(i.UsageFault_Handler)
    BSP_DC24_LD(Enum_BSP_DC24_Status)        0x080051a9   Thumb Code    16  drv_bsp.o(i._Z11BSP_DC24_LD20Enum_BSP_DC24_Status)
    BSP_DC24_LU(Enum_BSP_DC24_Status)        0x080051bd   Thumb Code    16  drv_bsp.o(i._Z11BSP_DC24_LU20Enum_BSP_DC24_Status)
    BSP_DC24_RD(Enum_BSP_DC24_Status)        0x080051d1   Thumb Code    16  drv_bsp.o(i._Z11BSP_DC24_RD20Enum_BSP_DC24_Status)
    BSP_DC24_RU(Enum_BSP_DC24_Status)        0x080051e5   Thumb Code    16  drv_bsp.o(i._Z11BSP_DC24_RU20Enum_BSP_DC24_Status)
    CAN_Send_Data(CAN_HandleTypeDef*, unsigned short, unsigned char*, unsigned short) 0x080051f9   Thumb Code    40  drv_can.o(i._Z13CAN_Send_DataP17CAN_HandleTypeDeftPht)
    TIM14_Callback()                         0x08005221   Thumb Code     8  main.o(i._Z14TIM14_Callbackv)
    allocate_tx_data(CAN_HandleTypeDef*, Enum_CAN_Motor_ID) 0x08005229   Thumb Code    92  dvc_motor.o(i._Z16allocate_tx_dataP17CAN_HandleTypeDef17Enum_CAN_Motor_ID)
    Math_Float_To_Int(float, float, float, int, int) 0x08005295   Thumb Code    50  drv_math.o(i._Z17Math_Float_To_Intfffii)
    Math_Int_To_Float(int, int, int, float, float) 0x080052c7   Thumb Code    50  drv_math.o(i._Z17Math_Int_To_Floatiiiff)
    SystemClock_Config()                     0x080052f9   Thumb Code   180  main.o(i._Z18SystemClock_Configv)
    CAN_Motor_Call_Back(Struct_CAN_Rx_Buffer*) 0x080053b5   Thumb Code    40  main.o(i._Z19CAN_Motor_Call_BackP20Struct_CAN_Rx_Buffer)
    CAN_Filter_Mask_Config(CAN_HandleTypeDef*, unsigned char, unsigned, unsigned) 0x080053dd   Thumb Code   110  drv_can.o(i._Z22CAN_Filter_Mask_ConfigP17CAN_HandleTypeDefhjj)
    Math_Endian_Reverse_16(void*, void*)     0x0800544b   Thumb Code    34  drv_math.o(i._Z22Math_Endian_Reverse_16PvS_)
    UART_Serialplot_Call_Back(unsigned char*, unsigned short) 0x0800546d   Thumb Code    24  main.o(i._Z25UART_Serialplot_Call_BackPht)
    TIM_CAN_PeriodElapsedCallback()          0x08005489   Thumb Code    54  drv_can.o(i._Z29TIM_CAN_PeriodElapsedCallbackv)
    BSP_Init(unsigned, float, float)         0x080054d1   Thumb Code   154  drv_bsp.o(i._Z8BSP_Initjff)
    CAN_Init(CAN_HandleTypeDef*, void(*)(Struct_CAN_Rx_Buffer*)) 0x0800556d   Thumb Code   116  drv_can.o(i._Z8CAN_InitP17CAN_HandleTypeDefPFvP20Struct_CAN_Rx_BufferE)
    TIM_Init(TIM_HandleTypeDef*, void(*)())  0x080055f1   Thumb Code   224  drv_tim.o(i._Z8TIM_InitP17TIM_HandleTypeDefPFvvE)
    BSP_LED_1(Enum_BSP_LED_Status)           0x0800573d   Thumb Code    16  drv_bsp.o(i._Z9BSP_LED_119Enum_BSP_LED_Status)
    BSP_LED_2(Enum_BSP_LED_Status)           0x08005751   Thumb Code    16  drv_bsp.o(i._Z9BSP_LED_219Enum_BSP_LED_Status)
    BSP_LED_3(Enum_BSP_LED_Status)           0x08005765   Thumb Code    16  drv_bsp.o(i._Z9BSP_LED_319Enum_BSP_LED_Status)
    BSP_LED_4(Enum_BSP_LED_Status)           0x08005779   Thumb Code    16  drv_bsp.o(i._Z9BSP_LED_419Enum_BSP_LED_Status)
    BSP_LED_5(Enum_BSP_LED_Status)           0x0800578d   Thumb Code    16  drv_bsp.o(i._Z9BSP_LED_519Enum_BSP_LED_Status)
    BSP_LED_6(Enum_BSP_LED_Status)           0x080057a1   Thumb Code    16  drv_bsp.o(i._Z9BSP_LED_619Enum_BSP_LED_Status)
    BSP_LED_7(Enum_BSP_LED_Status)           0x080057b5   Thumb Code    16  drv_bsp.o(i._Z9BSP_LED_719Enum_BSP_LED_Status)
    BSP_LED_8(Enum_BSP_LED_Status)           0x080057c9   Thumb Code    18  drv_bsp.o(i._Z9BSP_LED_819Enum_BSP_LED_Status)
    BSP_LED_G(Enum_BSP_LED_Status)           0x080057e1   Thumb Code    18  drv_bsp.o(i._Z9BSP_LED_G19Enum_BSP_LED_Status)
    BSP_LED_R(Enum_BSP_LED_Status)           0x080057f9   Thumb Code    18  drv_bsp.o(i._Z9BSP_LED_R19Enum_BSP_LED_Status)
    UART_Init(__UART_HandleTypeDef*, void(*)(unsigned char*, unsigned short), unsigned short) 0x08005811   Thumb Code   296  drv_uart.o(i._Z9UART_InitP20__UART_HandleTypeDefPFvPhtEt)
    Class_Motor_C620::Get_Now_Omega()        0x08005979   Thumb Code     6  dvc_motor.o(i._ZN16Class_Motor_C62013Get_Now_OmegaEv)
    Class_Motor_C620::Get_Target_Omega()     0x0800597f   Thumb Code     6  dvc_motor.o(i._ZN16Class_Motor_C62016Get_Target_OmegaEv)
    Class_Motor_C620::Set_Target_Omega(float) 0x08005985   Thumb Code     6  dvc_motor.o(i._ZN16Class_Motor_C62016Set_Target_OmegaEf)
    Class_Motor_C620::CAN_RxCpltCallback(unsigned char*) 0x0800598d   Thumb Code   218  dvc_motor.o(i._ZN16Class_Motor_C62018CAN_RxCpltCallbackEPh)
    Class_Motor_C620::TIM_PID_PeriodElapsedCallback() 0x08005a71   Thumb Code   300  dvc_motor.o(i._ZN16Class_Motor_C62029TIM_PID_PeriodElapsedCallbackEv)
    Class_Motor_C620::Init(CAN_HandleTypeDef*, Enum_CAN_Motor_ID, Enum_Control_Method, float, float) 0x08005ba1   Thumb Code    70  dvc_motor.o(i._ZN16Class_Motor_C6204InitEP17CAN_HandleTypeDef17Enum_CAN_Motor_ID19Enum_Control_Methodff)
    Class_Motor_C620::Output()               0x08005bf9   Thumb Code    40  dvc_motor.o(i._ZN16Class_Motor_C6206OutputEv)
    Class_Motor_C620::Set_Out(float)         0x08005c21   Thumb Code     6  dvc_motor.o(i._ZN16Class_Motor_C6207Set_OutEf)
    Class_Motor_C620::Class_Motor_C620()     0x08005c29   Thumb Code   144  motor_dji_task.o(i._ZN16Class_Motor_C620C1Ev)
    Class_Motor_C620::Class_Motor_C620__sub_object() 0x08005c29   Thumb Code     0  motor_dji_task.o(i._ZN16Class_Motor_C620C1Ev)
    Class_Serialplot::Get_Variable_Index()   0x08005cc5   Thumb Code     8  dvc_serialplot.o(i._ZN16Class_Serialplot18Get_Variable_IndexEv)
    Class_Serialplot::Judge_Variable_Name()  0x08005ccd   Thumb Code   108  dvc_serialplot.o(i._ZN16Class_Serialplot19Judge_Variable_NameEv)
    Class_Serialplot::UART_RxCpltCallback(unsigned char*) 0x08005d39   Thumb Code    24  dvc_serialplot.o(i._ZN16Class_Serialplot19UART_RxCpltCallbackEPh)
    Class_Serialplot::Judge_Variable_Value(int) 0x08005d51   Thumb Code   214  dvc_serialplot.o(i._ZN16Class_Serialplot20Judge_Variable_ValueEi)
    Class_Serialplot::Init(__UART_HandleTypeDef*, unsigned char, char**, Enum_Serialplot_Data_Type, unsigned char) 0x08005e2d   Thumb Code   130  dvc_serialplot.o(i._ZN16Class_Serialplot4InitEP20__UART_HandleTypeDefhPPc25Enum_Serialplot_Data_Typeh)
    Class_Motor_DM_Normal::Data_Process()    0x08005ef1   Thumb Code   270  dvc_motor_dm.o(i._ZN21Class_Motor_DM_Normal12Data_ProcessEv)
    Class_Motor_DM_Normal::CAN_Send_Enter()  0x0800600d   Thumb Code    20  dvc_motor_dm.o(i._ZN21Class_Motor_DM_Normal14CAN_Send_EnterEv)
    Class_Motor_DM_Normal::CAN_RxCpltCallback(unsigned char*) 0x08006025   Thumb Code    20  dvc_motor_dm.o(i._ZN21Class_Motor_DM_Normal18CAN_RxCpltCallbackEPh)
    Class_Motor_DM_Normal::CAN_Send_Clear_Error() 0x08006039   Thumb Code    20  dvc_motor_dm.o(i._ZN21Class_Motor_DM_Normal20CAN_Send_Clear_ErrorEv)
    Class_Motor_DM_Normal::TIM_Send_PeriodElapsedCallback() 0x08006051   Thumb Code   186  dvc_motor_dm.o(i._ZN21Class_Motor_DM_Normal30TIM_Send_PeriodElapsedCallbackEv)
    Class_Motor_DM_Normal::TIM_Alive_PeriodElapsedCallback() 0x08006115   Thumb Code    44  dvc_motor_dm.o(i._ZN21Class_Motor_DM_Normal31TIM_Alive_PeriodElapsedCallbackEv)
    Class_Motor_DM_Normal::Init(CAN_HandleTypeDef*, unsigned char, unsigned char, Enum_Motor_DM_Control_Method, float, float, float, float) 0x08006141   Thumb Code   100  dvc_motor_dm.o(i._ZN21Class_Motor_DM_Normal4InitEP17CAN_HandleTypeDefhh28Enum_Motor_DM_Control_Methodffff)
    Class_Motor_DM_Normal::Output()          0x080061b5   Thumb Code   392  dvc_motor_dm.o(i._ZN21Class_Motor_DM_Normal6OutputEv)
    Class_PID::Set_Target(float)             0x0800634d   Thumb Code     6  alg_pid.o(i._ZN9Class_PID10Set_TargetEf)
    Class_PID::TIM_Adjust_PeriodElapsedCallback() 0x08006355   Thumb Code   622  alg_pid.o(i._ZN9Class_PID32TIM_Adjust_PeriodElapsedCallbackEv)
    Class_PID::Init(float, float, float, float, float, float, float, float, float, float, float, Enum_PID_D_First) 0x080065c9   Thumb Code    48  alg_pid.o(i._ZN9Class_PID4InitEfffffffffff16Enum_PID_D_First)
    Class_PID::Get_Out()                     0x080065f9   Thumb Code     6  alg_pid.o(i._ZN9Class_PID7Get_OutEv)
    Class_PID::Set_Now(float)                0x080065ff   Thumb Code     6  alg_pid.o(i._ZN9Class_PID7Set_NowEf)
    Class_PID::Class_PID()                   0x08006605   Thumb Code   138  motor_dji_task.o(i._ZN9Class_PIDC1Ev)
    Class_PID::Class_PID__sub_object()       0x08006605   Thumb Code     0  motor_dji_task.o(i._ZN9Class_PIDC1Ev)
    __ARM_fpclassify                         0x08006695   Thumb Code    48  fpclassify.o(i.__ARM_fpclassify)
    __ARM_fpclassifyf                        0x080066c5   Thumb Code    38  fpclassifyf.o(i.__ARM_fpclassifyf)
    __hardfp_powf                            0x0800672d   Thumb Code  1606  powf.o(i.__hardfp_powf)
    __mathlib_powf                           0x0800672d   Thumb Code     0  powf.o(i.__hardfp_powf)
    __mathlib_flt_divzero                    0x08006d91   Thumb Code    14  funder.o(i.__mathlib_flt_divzero)
    __mathlib_flt_infnan2                    0x08006da5   Thumb Code     6  funder.o(i.__mathlib_flt_infnan2)
    __mathlib_flt_invalid                    0x08006dad   Thumb Code    10  funder.o(i.__mathlib_flt_invalid)
    __mathlib_flt_overflow                   0x08006dbd   Thumb Code    10  funder.o(i.__mathlib_flt_overflow)
    __mathlib_flt_underflow                  0x08006dcd   Thumb Code    10  funder.o(i.__mathlib_flt_underflow)
    _is_digit                                0x08006e59   Thumb Code    14  __printf_wp.o(i._is_digit)
    main                                     0x08006e69   Thumb Code   126  main.o(i.main)
    osDelay                                  0x08006f11   Thumb Code    30  cmsis_os2.o(i.osDelay)
    osKernelInitialize                       0x08006f31   Thumb Code    38  cmsis_os2.o(i.osKernelInitialize)
    osKernelStart                            0x08006f5d   Thumb Code    82  cmsis_os2.o(i.osKernelStart)
    osThreadNew                              0x08006fbd   Thumb Code   184  cmsis_os2.o(i.osThreadNew)
    pvPortMalloc                             0x08007a99   Thumb Code   306  heap_4.o(i.pvPortMalloc)
    pxPortInitialiseStack                    0x08007be5   Thumb Code    38  port.o(i.pxPortInitialiseStack)
    uart_printf                              0x08007c11   Thumb Code    48  uart_printf.o(i.uart_printf)
    uxListRemove                             0x08007c45   Thumb Code    40  list.o(i.uxListRemove)
    vApplicationGetIdleTaskMemory            0x08007c6d   Thumb Code    14  cmsis_os2.o(i.vApplicationGetIdleTaskMemory)
    vApplicationGetTimerTaskMemory           0x08007c85   Thumb Code    16  cmsis_os2.o(i.vApplicationGetTimerTaskMemory)
    vListInitialise                          0x08007c9d   Thumb Code    26  list.o(i.vListInitialise)
    vListInitialiseItem                      0x08007cb7   Thumb Code     6  list.o(i.vListInitialiseItem)
    vListInsert                              0x08007cbd   Thumb Code    52  list.o(i.vListInsert)
    vListInsertEnd                           0x08007cf1   Thumb Code    24  list.o(i.vListInsertEnd)
    vPortEnterCritical                       0x08007d09   Thumb Code    76  port.o(i.vPortEnterCritical)
    vPortExitCritical                        0x08007d5d   Thumb Code    56  port.o(i.vPortExitCritical)
    vPortFree                                0x08007d99   Thumb Code   150  heap_4.o(i.vPortFree)
    vPortSetupTimerInterrupt                 0x08007e3d   Thumb Code    36  port.o(i.vPortSetupTimerInterrupt)
    vPortValidateInterruptPriority           0x08007e65   Thumb Code   106  port.o(i.vPortValidateInterruptPriority)
    vQueueAddToRegistry                      0x08007edd   Thumb Code    38  queue.o(i.vQueueAddToRegistry)
    vQueueWaitForMessageRestricted           0x08007f09   Thumb Code    74  queue.o(i.vQueueWaitForMessageRestricted)
    vTaskDelay                               0x08007f55   Thumb Code    82  tasks.o(i.vTaskDelay)
    vTaskInternalSetTimeOutState             0x08007fb1   Thumb Code    14  tasks.o(i.vTaskInternalSetTimeOutState)
    vTaskMissedYield                         0x08007fc9   Thumb Code     8  tasks.o(i.vTaskMissedYield)
    vTaskPlaceOnEventList                    0x08007fd5   Thumb Code    52  tasks.o(i.vTaskPlaceOnEventList)
    vTaskPlaceOnEventListRestricted          0x0800800d   Thumb Code    60  tasks.o(i.vTaskPlaceOnEventListRestricted)
    vTaskStartScheduler                      0x0800804d   Thumb Code   156  tasks.o(i.vTaskStartScheduler)
    vTaskSuspendAll                          0x08008105   Thumb Code    12  tasks.o(i.vTaskSuspendAll)
    vTaskSwitchContext                       0x08008115   Thumb Code   122  tasks.o(i.vTaskSwitchContext)
    xPortStartScheduler                      0x080081a5   Thumb Code   330  port.o(i.xPortStartScheduler)
    xPortSysTickHandler                      0x0800830d   Thumb Code    46  port.o(i.xPortSysTickHandler)
    xQueueGenericCreateStatic                0x08008341   Thumb Code   224  queue.o(i.xQueueGenericCreateStatic)
    xQueueGenericReset                       0x08008421   Thumb Code   146  queue.o(i.xQueueGenericReset)
    xQueueGenericSend                        0x080084b9   Thumb Code   420  queue.o(i.xQueueGenericSend)
    xQueueGenericSendFromISR                 0x08008661   Thumb Code   252  queue.o(i.xQueueGenericSendFromISR)
    xQueueReceive                            0x0800875d   Thumb Code   356  queue.o(i.xQueueReceive)
    xTaskCheckForTimeOut                     0x080088c5   Thumb Code   132  tasks.o(i.xTaskCheckForTimeOut)
    xTaskCreate                              0x08008951   Thumb Code   100  tasks.o(i.xTaskCreate)
    xTaskCreateStatic                        0x080089b5   Thumb Code   186  tasks.o(i.xTaskCreateStatic)
    xTaskGetSchedulerState                   0x08008a71   Thumb Code    24  tasks.o(i.xTaskGetSchedulerState)
    xTaskGetTickCount                        0x08008a91   Thumb Code     6  tasks.o(i.xTaskGetTickCount)
    xTaskIncrementTick                       0x08008a9d   Thumb Code   280  tasks.o(i.xTaskIncrementTick)
    xTaskPriorityDisinherit                  0x08008be1   Thumb Code   152  tasks.o(i.xTaskPriorityDisinherit)
    xTaskRemoveFromEventList                 0x08008c85   Thumb Code   126  tasks.o(i.xTaskRemoveFromEventList)
    xTaskResumeAll                           0x08008d1d   Thumb Code   222  tasks.o(i.xTaskResumeAll)
    xTimerCreateTimerTask                    0x08008e21   Thumb Code   100  timers.o(i.xTimerCreateTimerTask)
    xTimerGenericCommand                     0x08008e99   Thumb Code   128  timers.o(i.xTimerGenericCommand)
    _get_lc_numeric                          0x08008f1d   Thumb Code    44  lc_numeric_c.o(locale$$code)
    _get_lc_ctype                            0x08008f49   Thumb Code    44  lc_ctype_c.o(locale$$code)
    T1 Math_Constrain<float>(T1*, T1, T1)    0x08008f75   Thumb Code    48  alg_pid.o(t._Z14Math_ConstrainIfET_PS0_S0_S0_)
    T1 Math_Abs<float>(T1)                   0x08008fa5   Thumb Code    26  alg_pid.o(t._Z8Math_AbsIfET_S0_)
    __fpl_dretinf                            0x08008fbf   Thumb Code    12  dretinf.o(x$fpl$dretinf)
    __aeabi_f2d                              0x08008fcd   Thumb Code     0  f2d.o(x$fpl$f2d)
    _f2d                                     0x08008fcd   Thumb Code    86  f2d.o(x$fpl$f2d)
    __fpl_fnaninf                            0x08009023   Thumb Code   140  fnaninf.o(x$fpl$fnaninf)
    _fp_init                                 0x080090af   Thumb Code    10  fpinit.o(x$fpl$fpinit)
    __fplib_config_fpu_vfp                   0x080090b7   Thumb Code     0  fpinit.o(x$fpl$fpinit)
    __fplib_config_pureend_doubles           0x080090b7   Thumb Code     0  fpinit.o(x$fpl$fpinit)
    _printf_fp_dec                           0x080090b9   Thumb Code     4  printf1.o(x$fpl$printf1)
    TaskJ4310_attributes                     0x080090bc   Data          36  freertos.o(.constdata)
    __I$use$fp                               0x080090bc   Number         0  usenofp.o(x$fpl$usenofp)
    Task3508_attributes                      0x080090e0   Data          36  freertos.o(.constdata)
    AHBPrescTable                            0x0800910c   Data          16  system_stm32f4xx.o(.constdata)
    APBPrescTable                            0x0800911c   Data           8  system_stm32f4xx.o(.constdata)
    Region$$Table$$Base                      0x08009354   Number         0  anon$$obj.o(Region$$Table)
    Region$$Table$$Limit                     0x08009374   Number         0  anon$$obj.o(Region$$Table)
    __ctype                                  0x0800939d   Data           0  lc_ctype_c.o(locale$$data)
    SHT$$INIT_ARRAY$$Base                    0x080094a0   Number         0  main.o(.init_array)
    SHT$$INIT_ARRAY$$Limit                   0x080094ac   Number         0  init_aeabi.o(.init_array)
    init_finished                            0x20000000   Data           1  main.o(.data)
    Target_Angle_3508                        0x20000004   Data           4  main.o(.data)
    Now_Angle_3508                           0x20000008   Data           4  main.o(.data)
    Target_Omega_3508                        0x2000000c   Data           4  main.o(.data)
    Now_Omega_3508                           0x20000010   Data           4  main.o(.data)
    Counter                                  0x20000014   Data           4  main.o(.data)
    TaskJ4310Handle                          0x200001a8   Data           4  freertos.o(.data)
    Task3508Handle                           0x200001ac   Data           4  freertos.o(.data)
    uwTick                                   0x200001b0   Data           4  stm32f4xx_hal.o(.data)
    uwTickPrio                               0x200001b4   Data           4  stm32f4xx_hal.o(.data)
    uwTickFreq                               0x200001b8   Data           1  stm32f4xx_hal.o(.data)
    SystemCoreClock                          0x200001bc   Data           4  system_stm32f4xx.o(.data)
    pxCurrentTCB                             0x200001c0   Data           4  tasks.o(.data)
    CAN1_0x1ff_Tx_Data                       0x20000240   Data           8  drv_can.o(.data)
    CAN1_0x200_Tx_Data                       0x20000248   Data           8  drv_can.o(.data)
    CAN1_0x2ff_Tx_Data                       0x20000250   Data           8  drv_can.o(.data)
    CAN1_0x3fe_Tx_Data                       0x20000258   Data           8  drv_can.o(.data)
    CAN1_0x4fe_Tx_Data                       0x20000260   Data           8  drv_can.o(.data)
    CAN2_0x1ff_Tx_Data                       0x20000268   Data           8  drv_can.o(.data)
    CAN2_0x200_Tx_Data                       0x20000270   Data           8  drv_can.o(.data)
    CAN2_0x2ff_Tx_Data                       0x20000278   Data           8  drv_can.o(.data)
    CAN2_0x3fe_Tx_Data                       0x20000280   Data           8  drv_can.o(.data)
    CAN2_0x4fe_Tx_Data                       0x20000288   Data           8  drv_can.o(.data)
    CAN_Supercap_Tx_Data                     0x20000290   Data           8  drv_can.o(.data)
    TIM1_Manage_Object                       0x2000029c   Data           8  drv_tim.o(.data)
    TIM2_Manage_Object                       0x200002a4   Data           8  drv_tim.o(.data)
    TIM3_Manage_Object                       0x200002ac   Data           8  drv_tim.o(.data)
    TIM4_Manage_Object                       0x200002b4   Data           8  drv_tim.o(.data)
    TIM5_Manage_Object                       0x200002bc   Data           8  drv_tim.o(.data)
    TIM6_Manage_Object                       0x200002c4   Data           8  drv_tim.o(.data)
    TIM7_Manage_Object                       0x200002cc   Data           8  drv_tim.o(.data)
    TIM8_Manage_Object                       0x200002d4   Data           8  drv_tim.o(.data)
    TIM9_Manage_Object                       0x200002dc   Data           8  drv_tim.o(.data)
    TIM10_Manage_Object                      0x200002e4   Data           8  drv_tim.o(.data)
    TIM11_Manage_Object                      0x200002ec   Data           8  drv_tim.o(.data)
    TIM12_Manage_Object                      0x200002f4   Data           8  drv_tim.o(.data)
    TIM13_Manage_Object                      0x200002fc   Data           8  drv_tim.o(.data)
    TIM14_Manage_Object                      0x20000304   Data           8  drv_tim.o(.data)
    DM_Motor_CAN_Message_Clear_Error         0x2000030c   Data           8  dvc_motor_dm.o(.data)
    DM_Motor_CAN_Message_Enter               0x20000314   Data           8  dvc_motor_dm.o(.data)
    DM_Motor_CAN_Message_Exit                0x2000031c   Data           8  dvc_motor_dm.o(.data)
    DM_Motor_CAN_Message_Save_Zero           0x20000324   Data           8  dvc_motor_dm.o(.data)
    serialplot                               0x20000334   Data          72  main.o(.bss)
    hcan1                                    0x2000037c   Data          40  can.o(.bss)
    huart2                                   0x200003a4   Data          72  usart.o(.bss)
    huart6                                   0x200003ec   Data          72  usart.o(.bss)
    hdma_usart2_rx                           0x20000434   Data          96  usart.o(.bss)
    hdma_usart2_tx                           0x20000494   Data          96  usart.o(.bss)
    hdma_usart6_rx                           0x200004f4   Data          96  usart.o(.bss)
    hdma_usart6_tx                           0x20000554   Data          96  usart.o(.bss)
    htim14                                   0x200005b4   Data          72  stm32f4xx_hal_timebase_tim.o(.bss)
    xQueueRegistry                           0x200005fc   Data          64  queue.o(.bss)
    CAN1_Manage_Object                       0x20004ed0   Data          44  drv_can.o(.bss)
    CAN2_Manage_Object                       0x20004efc   Data          44  drv_can.o(.bss)
    UART1_Manage_Object                      0x20004f28   Data         524  drv_uart.o(.bss)
    UART2_Manage_Object                      0x20005134   Data         524  drv_uart.o(.bss)
    UART3_Manage_Object                      0x20005340   Data         524  drv_uart.o(.bss)
    UART4_Manage_Object                      0x2000554c   Data         524  drv_uart.o(.bss)
    UART5_Manage_Object                      0x20005758   Data         524  drv_uart.o(.bss)
    UART6_Manage_Object                      0x20005964   Data         524  drv_uart.o(.bss)
    UART7_Manage_Object                      0x20005b70   Data         524  drv_uart.o(.bss)
    UART8_Manage_Object                      0x20005d7c   Data         524  drv_uart.o(.bss)
    __libspace_start                         0x200060ec   Data          96  libspace.o(.bss)
    __temporary_stack_top$libspace           0x2000614c   Data           0  libspace.o(.bss)



==============================================================================

Memory Map of the image

  Image Entry point : 0x080001ad

  Load Region LR_IROM1 (Base: 0x08000000, Size: 0x000097e0, Max: 0x00200000, ABSOLUTE, COMPRESSED[0x000094dc])

    Execution Region ER_IROM1 (Exec base: 0x08000000, Load base: 0x08000000, Size: 0x000094ac, Max: 0x00200000, ABSOLUTE)

    Exec Addr    Load Addr    Size         Type   Attr      Idx    E Section Name        Object

    0x08000000   0x08000000   0x000001ac   Data   RO            3    RESET               startup_stm32f427xx.o
    0x080001ac   0x080001ac   0x00000008   Code   RO         7366  * !!!main             c_w.l(__main.o)
    0x080001b4   0x080001b4   0x00000034   Code   RO         8053    !!!scatter          c_w.l(__scatter.o)
    0x080001e8   0x080001e8   0x0000005a   Code   RO         8051    !!dczerorl2         c_w.l(__dczerorl2.o)
    0x08000242   0x08000242   0x00000002   PAD
    0x08000244   0x08000244   0x0000001c   Code   RO         8055    !!handler_zi        c_w.l(__scatter_zi.o)
    0x08000260   0x08000260   0x00000000   Code   RO         7693    .ARM.Collect$$_printf_percent$$00000000  c_w.l(_printf_percent.o)
    0x08000260   0x08000260   0x00000006   Code   RO         7682    .ARM.Collect$$_printf_percent$$00000001  c_w.l(_printf_n.o)
    0x08000266   0x08000266   0x00000006   Code   RO         7684    .ARM.Collect$$_printf_percent$$00000002  c_w.l(_printf_p.o)
    0x0800026c   0x0800026c   0x00000006   Code   RO         7689    .ARM.Collect$$_printf_percent$$00000003  c_w.l(_printf_f.o)
    0x08000272   0x08000272   0x00000006   Code   RO         7690    .ARM.Collect$$_printf_percent$$00000004  c_w.l(_printf_e.o)
    0x08000278   0x08000278   0x00000006   Code   RO         7691    .ARM.Collect$$_printf_percent$$00000005  c_w.l(_printf_g.o)
    0x0800027e   0x0800027e   0x00000006   Code   RO         7692    .ARM.Collect$$_printf_percent$$00000006  c_w.l(_printf_a.o)
    0x08000284   0x08000284   0x0000000a   Code   RO         7697    .ARM.Collect$$_printf_percent$$00000007  c_w.l(_printf_ll.o)
    0x0800028e   0x0800028e   0x00000006   Code   RO         7686    .ARM.Collect$$_printf_percent$$00000008  c_w.l(_printf_i.o)
    0x08000294   0x08000294   0x00000006   Code   RO         7687    .ARM.Collect$$_printf_percent$$00000009  c_w.l(_printf_d.o)
    0x0800029a   0x0800029a   0x00000006   Code   RO         7688    .ARM.Collect$$_printf_percent$$0000000A  c_w.l(_printf_u.o)
    0x080002a0   0x080002a0   0x00000006   Code   RO         7685    .ARM.Collect$$_printf_percent$$0000000B  c_w.l(_printf_o.o)
    0x080002a6   0x080002a6   0x00000006   Code   RO         7683    .ARM.Collect$$_printf_percent$$0000000C  c_w.l(_printf_x.o)
    0x080002ac   0x080002ac   0x00000006   Code   RO         7694    .ARM.Collect$$_printf_percent$$0000000D  c_w.l(_printf_lli.o)
    0x080002b2   0x080002b2   0x00000006   Code   RO         7695    .ARM.Collect$$_printf_percent$$0000000E  c_w.l(_printf_lld.o)
    0x080002b8   0x080002b8   0x00000006   Code   RO         7696    .ARM.Collect$$_printf_percent$$0000000F  c_w.l(_printf_llu.o)
    0x080002be   0x080002be   0x00000006   Code   RO         7701    .ARM.Collect$$_printf_percent$$00000010  c_w.l(_printf_llo.o)
    0x080002c4   0x080002c4   0x00000006   Code   RO         7702    .ARM.Collect$$_printf_percent$$00000011  c_w.l(_printf_llx.o)
    0x080002ca   0x080002ca   0x0000000a   Code   RO         7698    .ARM.Collect$$_printf_percent$$00000012  c_w.l(_printf_l.o)
    0x080002d4   0x080002d4   0x00000006   Code   RO         7680    .ARM.Collect$$_printf_percent$$00000013  c_w.l(_printf_c.o)
    0x080002da   0x080002da   0x00000006   Code   RO         7681    .ARM.Collect$$_printf_percent$$00000014  c_w.l(_printf_s.o)
    0x080002e0   0x080002e0   0x00000006   Code   RO         7699    .ARM.Collect$$_printf_percent$$00000015  c_w.l(_printf_lc.o)
    0x080002e6   0x080002e6   0x00000006   Code   RO         7700    .ARM.Collect$$_printf_percent$$00000016  c_w.l(_printf_ls.o)
    0x080002ec   0x080002ec   0x00000004   Code   RO         7858    .ARM.Collect$$_printf_percent$$00000017  c_w.l(_printf_percent_end.o)
    0x080002f0   0x080002f0   0x00000002   Code   RO         7961    .ARM.Collect$$libinit$$00000000  c_w.l(libinit.o)
    0x080002f2   0x080002f2   0x00000004   Code   RO         7707    .ARM.Collect$$libinit$$00000001  c_w.l(libinit2.o)
    0x080002f6   0x080002f6   0x00000000   Code   RO         7710    .ARM.Collect$$libinit$$00000004  c_w.l(libinit2.o)
    0x080002f6   0x080002f6   0x00000000   Code   RO         7713    .ARM.Collect$$libinit$$0000000A  c_w.l(libinit2.o)
    0x080002f6   0x080002f6   0x00000000   Code   RO         7715    .ARM.Collect$$libinit$$0000000C  c_w.l(libinit2.o)
    0x080002f6   0x080002f6   0x00000000   Code   RO         7717    .ARM.Collect$$libinit$$0000000E  c_w.l(libinit2.o)
    0x080002f6   0x080002f6   0x00000006   Code   RO         7718    .ARM.Collect$$libinit$$0000000F  c_w.l(libinit2.o)
    0x080002fc   0x080002fc   0x00000000   Code   RO         7720    .ARM.Collect$$libinit$$00000011  c_w.l(libinit2.o)
    0x080002fc   0x080002fc   0x0000000c   Code   RO         7721    .ARM.Collect$$libinit$$00000012  c_w.l(libinit2.o)
    0x08000308   0x08000308   0x00000000   Code   RO         7722    .ARM.Collect$$libinit$$00000013  c_w.l(libinit2.o)
    0x08000308   0x08000308   0x00000000   Code   RO         7724    .ARM.Collect$$libinit$$00000015  c_w.l(libinit2.o)
    0x08000308   0x08000308   0x0000000a   Code   RO         7725    .ARM.Collect$$libinit$$00000016  c_w.l(libinit2.o)
    0x08000312   0x08000312   0x00000000   Code   RO         7726    .ARM.Collect$$libinit$$00000017  c_w.l(libinit2.o)
    0x08000312   0x08000312   0x00000000   Code   RO         7728    .ARM.Collect$$libinit$$00000019  c_w.l(libinit2.o)
    0x08000312   0x08000312   0x00000000   Code   RO         7730    .ARM.Collect$$libinit$$0000001B  c_w.l(libinit2.o)
    0x08000312   0x08000312   0x00000000   Code   RO         7732    .ARM.Collect$$libinit$$0000001D  c_w.l(libinit2.o)
    0x08000312   0x08000312   0x00000000   Code   RO         7734    .ARM.Collect$$libinit$$0000001F  c_w.l(libinit2.o)
    0x08000312   0x08000312   0x00000000   Code   RO         7736    .ARM.Collect$$libinit$$00000021  c_w.l(libinit2.o)
    0x08000312   0x08000312   0x00000000   Code   RO         7738    .ARM.Collect$$libinit$$00000023  c_w.l(libinit2.o)
    0x08000312   0x08000312   0x00000000   Code   RO         7740    .ARM.Collect$$libinit$$00000025  c_w.l(libinit2.o)
    0x08000312   0x08000312   0x00000000   Code   RO         7744    .ARM.Collect$$libinit$$0000002C  c_w.l(libinit2.o)
    0x08000312   0x08000312   0x00000000   Code   RO         7746    .ARM.Collect$$libinit$$0000002E  c_w.l(libinit2.o)
    0x08000312   0x08000312   0x00000000   Code   RO         7748    .ARM.Collect$$libinit$$00000030  c_w.l(libinit2.o)
    0x08000312   0x08000312   0x00000004   Code   RO         7749    .ARM.Collect$$libinit$$00000031  c_w.l(libinit2.o)
    0x08000316   0x08000316   0x00000000   Code   RO         7750    .ARM.Collect$$libinit$$00000032  c_w.l(libinit2.o)
    0x08000316   0x08000316   0x00000002   Code   RO         7751    .ARM.Collect$$libinit$$00000033  c_w.l(libinit2.o)
    0x08000318   0x08000318   0x00000002   Code   RO         8036    .ARM.Collect$$libshutdown$$00000000  c_w.l(libshutdown.o)
    0x0800031a   0x0800031a   0x00000000   Code   RO         8013    .ARM.Collect$$libshutdown$$00000002  c_w.l(libshutdown2.o)
    0x0800031a   0x0800031a   0x00000000   Code   RO         8015    .ARM.Collect$$libshutdown$$00000004  c_w.l(libshutdown2.o)
    0x0800031a   0x0800031a   0x00000000   Code   RO         8017    .ARM.Collect$$libshutdown$$00000006  c_w.l(libshutdown2.o)
    0x0800031a   0x0800031a   0x00000000   Code   RO         8020    .ARM.Collect$$libshutdown$$00000009  c_w.l(libshutdown2.o)
    0x0800031a   0x0800031a   0x00000000   Code   RO         8023    .ARM.Collect$$libshutdown$$0000000C  c_w.l(libshutdown2.o)
    0x0800031a   0x0800031a   0x00000000   Code   RO         8025    .ARM.Collect$$libshutdown$$0000000E  c_w.l(libshutdown2.o)
    0x0800031a   0x0800031a   0x00000000   Code   RO         8028    .ARM.Collect$$libshutdown$$00000011  c_w.l(libshutdown2.o)
    0x0800031a   0x0800031a   0x00000002   Code   RO         8029    .ARM.Collect$$libshutdown$$00000012  c_w.l(libshutdown2.o)
    0x0800031c   0x0800031c   0x00000000   Code   RO         7547    .ARM.Collect$$rtentry$$00000000  c_w.l(__rtentry.o)
    0x0800031c   0x0800031c   0x00000000   Code   RO         7798    .ARM.Collect$$rtentry$$00000002  c_w.l(__rtentry2.o)
    0x0800031c   0x0800031c   0x00000006   Code   RO         7810    .ARM.Collect$$rtentry$$00000004  c_w.l(__rtentry4.o)
    0x08000322   0x08000322   0x00000000   Code   RO         7800    .ARM.Collect$$rtentry$$00000009  c_w.l(__rtentry2.o)
    0x08000322   0x08000322   0x00000004   Code   RO         7801    .ARM.Collect$$rtentry$$0000000A  c_w.l(__rtentry2.o)
    0x08000326   0x08000326   0x00000000   Code   RO         7803    .ARM.Collect$$rtentry$$0000000C  c_w.l(__rtentry2.o)
    0x08000326   0x08000326   0x00000008   Code   RO         7804    .ARM.Collect$$rtentry$$0000000D  c_w.l(__rtentry2.o)
    0x0800032e   0x0800032e   0x00000002   Code   RO         7971    .ARM.Collect$$rtexit$$00000000  c_w.l(rtexit.o)
    0x08000330   0x08000330   0x00000000   Code   RO         7996    .ARM.Collect$$rtexit$$00000002  c_w.l(rtexit2.o)
    0x08000330   0x08000330   0x00000004   Code   RO         7997    .ARM.Collect$$rtexit$$00000003  c_w.l(rtexit2.o)
    0x08000334   0x08000334   0x00000006   Code   RO         7998    .ARM.Collect$$rtexit$$00000004  c_w.l(rtexit2.o)
    0x0800033a   0x0800033a   0x00000002   PAD
    0x0800033c   0x0800033c   0x000000be   Code   RO         5548    .emb_text           port.o
    0x080003fa   0x080003fa   0x00000002   PAD
    0x080003fc   0x080003fc   0x00000040   Code   RO            4    .text               startup_stm32f427xx.o
    0x0800043c   0x0800043c   0x000000ee   Code   RO         7350    .text               c_w.l(lludivv7m.o)
    0x0800052a   0x0800052a   0x00000002   PAD
    0x0800052c   0x0800052c   0x00000034   Code   RO         7352    .text               c_w.l(c89vsnprintf.o)
    0x08000560   0x08000560   0x0000008a   Code   RO         7354    .text               c_w.l(rt_memcpy_v6.o)
    0x080005ea   0x080005ea   0x00000010   Code   RO         7358    .text               c_w.l(aeabi_memset.o)
    0x080005fa   0x080005fa   0x0000004e   Code   RO         7360    .text               c_w.l(rt_memclr_w.o)
    0x08000648   0x08000648   0x00000080   Code   RO         7362    .text               c_w.l(strcmpv7m.o)
    0x080006c8   0x080006c8   0x00000006   Code   RO         7364    .text               c_w.l(heapauxi.o)
    0x080006ce   0x080006ce   0x00000002   PAD
    0x080006d0   0x080006d0   0x00000024   Code   RO         7371    .text               c_w.l(init_aeabi.o)
    0x080006f4   0x080006f4   0x00000016   Code   RO         7608    .text               c_w.l(_rserrno.o)
    0x0800070a   0x0800070a   0x0000004e   Code   RO         7612    .text               c_w.l(_printf_pad.o)
    0x08000758   0x08000758   0x00000024   Code   RO         7614    .text               c_w.l(_printf_truncate.o)
    0x0800077c   0x0800077c   0x00000052   Code   RO         7616    .text               c_w.l(_printf_str.o)
    0x080007ce   0x080007ce   0x00000002   PAD
    0x080007d0   0x080007d0   0x00000078   Code   RO         7618    .text               c_w.l(_printf_dec.o)
    0x08000848   0x08000848   0x00000028   Code   RO         7620    .text               c_w.l(_printf_charcount.o)
    0x08000870   0x08000870   0x00000030   Code   RO         7622    .text               c_w.l(_printf_char_common.o)
    0x080008a0   0x080008a0   0x0000000a   Code   RO         7624    .text               c_w.l(_sputc.o)
    0x080008aa   0x080008aa   0x00000010   Code   RO         7626    .text               c_w.l(_snputc.o)
    0x080008ba   0x080008ba   0x00000002   PAD
    0x080008bc   0x080008bc   0x000000bc   Code   RO         7628    .text               c_w.l(_printf_wctomb.o)
    0x08000978   0x08000978   0x0000007c   Code   RO         7631    .text               c_w.l(_printf_longlong_dec.o)
    0x080009f4   0x080009f4   0x00000070   Code   RO         7637    .text               c_w.l(_printf_oct_int_ll.o)
    0x08000a64   0x08000a64   0x00000094   Code   RO         7657    .text               c_w.l(_printf_hex_int_ll_ptr.o)
    0x08000af8   0x08000af8   0x00000188   Code   RO         7677    .text               c_w.l(__printf_flags_ss_wp.o)
    0x08000c80   0x08000c80   0x00000064   Code   RO         7703    .text               c_w.l(rt_memcpy_w.o)
    0x08000ce4   0x08000ce4   0x00000044   Code   RO         7705    .text               c_w.l(rt_memclr.o)
    0x08000d28   0x08000d28   0x00000008   Code   RO         7822    .text               c_w.l(rt_errno_addr_intlibspace.o)
    0x08000d30   0x08000d30   0x0000008a   Code   RO         7846    .text               c_w.l(lludiv10.o)
    0x08000dba   0x08000dba   0x000000b2   Code   RO         7848    .text               c_w.l(_printf_intcommon.o)
    0x08000e6c   0x08000e6c   0x0000041e   Code   RO         7850    .text               c_w.l(_printf_fp_dec.o)
    0x0800128a   0x0800128a   0x0000002c   Code   RO         7854    .text               c_w.l(_printf_char.o)
    0x080012b6   0x080012b6   0x0000002c   Code   RO         7856    .text               c_w.l(_printf_wchar.o)
    0x080012e2   0x080012e2   0x00000040   Code   RO         7859    .text               c_w.l(_wcrtomb.o)
    0x08001322   0x08001322   0x00000002   PAD
    0x08001324   0x08001324   0x00000008   Code   RO         7878    .text               c_w.l(libspace.o)
    0x0800132c   0x0800132c   0x0000004a   Code   RO         7881    .text               c_w.l(sys_stackheap_outer.o)
    0x08001376   0x08001376   0x00000002   PAD
    0x08001378   0x08001378   0x00000010   Code   RO         7883    .text               c_w.l(rt_ctype_table.o)
    0x08001388   0x08001388   0x00000008   Code   RO         7888    .text               c_w.l(rt_locale_intlibspace.o)
    0x08001390   0x08001390   0x00000080   Code   RO         7905    .text               c_w.l(_printf_fp_infnan.o)
    0x08001410   0x08001410   0x000000e4   Code   RO         7907    .text               c_w.l(bigflt0.o)
    0x080014f4   0x080014f4   0x00000012   Code   RO         7935    .text               c_w.l(exit.o)
    0x08001506   0x08001506   0x00000002   PAD
    0x08001508   0x08001508   0x0000000c   Code   RO         7969    .text               c_w.l(sys_exit.o)
    0x08001514   0x08001514   0x00000002   Code   RO         7992    .text               c_w.l(use_no_semi.o)
    0x08001516   0x08001516   0x00000000   Code   RO         7994    .text               c_w.l(indicate_semi.o)
    0x08001516   0x08001516   0x0000003e   Code   RO         7910    CL$$btod_d2e        c_w.l(btod.o)
    0x08001554   0x08001554   0x00000046   Code   RO         7912    CL$$btod_d2e_denorm_low  c_w.l(btod.o)
    0x0800159a   0x0800159a   0x00000060   Code   RO         7911    CL$$btod_d2e_norm_op1  c_w.l(btod.o)
    0x080015fa   0x080015fa   0x00000338   Code   RO         7920    CL$$btod_div_common  c_w.l(btod.o)
    0x08001932   0x08001932   0x000000dc   Code   RO         7917    CL$$btod_e2e        c_w.l(btod.o)
    0x08001a0e   0x08001a0e   0x0000002a   Code   RO         7914    CL$$btod_ediv       c_w.l(btod.o)
    0x08001a38   0x08001a38   0x0000002a   Code   RO         7913    CL$$btod_emul       c_w.l(btod.o)
    0x08001a62   0x08001a62   0x00000244   Code   RO         7919    CL$$btod_mult_common  c_w.l(btod.o)
    0x08001ca6   0x08001ca6   0x00000004   Code   RO          697    i.BusFault_Handler  stm32f4xx_it.o
    0x08001caa   0x08001caa   0x00000002   PAD
    0x08001cac   0x08001cac   0x00000010   Code   RO          698    i.CAN1_RX0_IRQHandler  stm32f4xx_it.o
    0x08001cbc   0x08001cbc   0x00000010   Code   RO          699    i.CAN1_RX1_IRQHandler  stm32f4xx_it.o
    0x08001ccc   0x08001ccc   0x00000014   Code   RO         7190    i.DJI_M3508_CAN_RxCpltCallback  motor_dji_task.o
    0x08001ce0   0x08001ce0   0x0000006c   Code   RO         7191    i.DJI_M3508_Task    motor_dji_task.o
    0x08001d4c   0x08001d4c   0x00000078   Code   RO         7192    i.DJI_M3508_Task_Init  motor_dji_task.o
    0x08001dc4   0x08001dc4   0x00000010   Code   RO          700    i.DMA1_Stream5_IRQHandler  stm32f4xx_it.o
    0x08001dd4   0x08001dd4   0x00000010   Code   RO          701    i.DMA1_Stream6_IRQHandler  stm32f4xx_it.o
    0x08001de4   0x08001de4   0x00000010   Code   RO          702    i.DMA2_Stream1_IRQHandler  stm32f4xx_it.o
    0x08001df4   0x08001df4   0x00000010   Code   RO          703    i.DMA2_Stream6_IRQHandler  stm32f4xx_it.o
    0x08001e04   0x08001e04   0x00000034   Code   RO         2651    i.DMA_CalcBaseAndBitshift  stm32f4xx_hal_dma.o
    0x08001e38   0x08001e38   0x000000aa   Code   RO         2652    i.DMA_CheckFifoParam  stm32f4xx_hal_dma.o
    0x08001ee2   0x08001ee2   0x0000002c   Code   RO         2653    i.DMA_SetConfig     stm32f4xx_hal_dma.o
    0x08001f0e   0x08001f0e   0x00000002   Code   RO          704    i.DebugMon_Handler  stm32f4xx_it.o
    0x08001f10   0x08001f10   0x00000006   Code   RO           13    i.Error_Handler     main.o
    0x08001f16   0x08001f16   0x0000014a   Code   RO         1858    i.HAL_CAN_AddTxMessage  stm32f4xx_hal_can.o
    0x08002060   0x08002060   0x00000120   Code   RO         1859    i.HAL_CAN_ConfigFilter  stm32f4xx_hal_can.o
    0x08002180   0x08002180   0x00000002   Code   RO         1862    i.HAL_CAN_ErrorCallback  stm32f4xx_hal_can.o
    0x08002182   0x08002182   0x00000194   Code   RO         1865    i.HAL_CAN_GetRxMessage  stm32f4xx_hal_can.o
    0x08002316   0x08002316   0x0000024e   Code   RO         1869    i.HAL_CAN_IRQHandler  stm32f4xx_hal_can.o
    0x08002564   0x08002564   0x00000174   Code   RO         1870    i.HAL_CAN_Init      stm32f4xx_hal_can.o
    0x080026d8   0x080026d8   0x000000a8   Code   RO          581    i.HAL_CAN_MspInit   can.o
    0x08002780   0x08002780   0x00000002   Code   RO         1877    i.HAL_CAN_RxFifo0FullCallback  stm32f4xx_hal_can.o
    0x08002782   0x08002782   0x00000002   PAD
    0x08002784   0x08002784   0x00000058   Code   RO         5994    i.HAL_CAN_RxFifo0MsgPendingCallback  drv_can.o
    0x080027dc   0x080027dc   0x00000002   Code   RO         1879    i.HAL_CAN_RxFifo1FullCallback  stm32f4xx_hal_can.o
    0x080027de   0x080027de   0x00000002   PAD
    0x080027e0   0x080027e0   0x00000058   Code   RO         5995    i.HAL_CAN_RxFifo1MsgPendingCallback  drv_can.o
    0x08002838   0x08002838   0x00000002   Code   RO         1881    i.HAL_CAN_SleepCallback  stm32f4xx_hal_can.o
    0x0800283a   0x0800283a   0x0000005e   Code   RO         1882    i.HAL_CAN_Start     stm32f4xx_hal_can.o
    0x08002898   0x08002898   0x00000002   Code   RO         1884    i.HAL_CAN_TxMailbox0AbortCallback  stm32f4xx_hal_can.o
    0x0800289a   0x0800289a   0x00000002   Code   RO         1885    i.HAL_CAN_TxMailbox0CompleteCallback  stm32f4xx_hal_can.o
    0x0800289c   0x0800289c   0x00000002   Code   RO         1886    i.HAL_CAN_TxMailbox1AbortCallback  stm32f4xx_hal_can.o
    0x0800289e   0x0800289e   0x00000002   Code   RO         1887    i.HAL_CAN_TxMailbox1CompleteCallback  stm32f4xx_hal_can.o
    0x080028a0   0x080028a0   0x00000002   Code   RO         1888    i.HAL_CAN_TxMailbox2AbortCallback  stm32f4xx_hal_can.o
    0x080028a2   0x080028a2   0x00000002   Code   RO         1889    i.HAL_CAN_TxMailbox2CompleteCallback  stm32f4xx_hal_can.o
    0x080028a4   0x080028a4   0x00000002   Code   RO         1891    i.HAL_CAN_WakeUpFromRxMsgCallback  stm32f4xx_hal_can.o
    0x080028a6   0x080028a6   0x000000ac   Code   RO         2654    i.HAL_DMA_Abort     stm32f4xx_hal_dma.o
    0x08002952   0x08002952   0x00000028   Code   RO         2655    i.HAL_DMA_Abort_IT  stm32f4xx_hal_dma.o
    0x0800297a   0x0800297a   0x00000002   PAD
    0x0800297c   0x0800297c   0x00000240   Code   RO         2659    i.HAL_DMA_IRQHandler  stm32f4xx_hal_dma.o
    0x08002bbc   0x08002bbc   0x000000ec   Code   RO         2660    i.HAL_DMA_Init      stm32f4xx_hal_dma.o
    0x08002ca8   0x08002ca8   0x00000092   Code   RO         2664    i.HAL_DMA_Start_IT  stm32f4xx_hal_dma.o
    0x08002d3a   0x08002d3a   0x00000002   PAD
    0x08002d3c   0x08002d3c   0x00000028   Code   RO         3114    i.HAL_Delay         stm32f4xx_hal.o
    0x08002d64   0x08002d64   0x00000210   Code   RO         2547    i.HAL_GPIO_Init     stm32f4xx_hal_gpio.o
    0x08002f74   0x08002f74   0x0000000c   Code   RO         2551    i.HAL_GPIO_WritePin  stm32f4xx_hal_gpio.o
    0x08002f80   0x08002f80   0x0000000c   Code   RO         3122    i.HAL_GetTick       stm32f4xx_hal.o
    0x08002f8c   0x08002f8c   0x00000018   Code   RO         3128    i.HAL_IncTick       stm32f4xx_hal.o
    0x08002fa4   0x08002fa4   0x0000003c   Code   RO         3129    i.HAL_Init          stm32f4xx_hal.o
    0x08002fe0   0x08002fe0   0x000000b4   Code   RO          833    i.HAL_InitTick      stm32f4xx_hal_timebase_tim.o
    0x08003094   0x08003094   0x00000054   Code   RO          809    i.HAL_MspInit       stm32f4xx_hal_msp.o
    0x080030e8   0x080030e8   0x00000028   Code   RO         2957    i.HAL_NVIC_EnableIRQ  stm32f4xx_hal_cortex.o
    0x08003110   0x08003110   0x0000007c   Code   RO         2963    i.HAL_NVIC_SetPriority  stm32f4xx_hal_cortex.o
    0x0800318c   0x0800318c   0x00000028   Code   RO         2964    i.HAL_NVIC_SetPriorityGrouping  stm32f4xx_hal_cortex.o
    0x080031b4   0x080031b4   0x0000008c   Code   RO         2883    i.HAL_PWREx_EnableOverDrive  stm32f4xx_hal_pwr_ex.o
    0x08003240   0x08003240   0x00000184   Code   RO         2091    i.HAL_RCC_ClockConfig  stm32f4xx_hal_rcc.o
    0x080033c4   0x080033c4   0x00000044   Code   RO         2095    i.HAL_RCC_GetClockConfig  stm32f4xx_hal_rcc.o
    0x08003408   0x08003408   0x0000000c   Code   RO         2096    i.HAL_RCC_GetHCLKFreq  stm32f4xx_hal_rcc.o
    0x08003414   0x08003414   0x00000020   Code   RO         2098    i.HAL_RCC_GetPCLK1Freq  stm32f4xx_hal_rcc.o
    0x08003434   0x08003434   0x00000020   Code   RO         2099    i.HAL_RCC_GetPCLK2Freq  stm32f4xx_hal_rcc.o
    0x08003454   0x08003454   0x000000b0   Code   RO         2100    i.HAL_RCC_GetSysClockFreq  stm32f4xx_hal_rcc.o
    0x08003504   0x08003504   0x0000049c   Code   RO         2103    i.HAL_RCC_OscConfig  stm32f4xx_hal_rcc.o
    0x080039a0   0x080039a0   0x00000002   Code   RO         1589    i.HAL_TIMEx_BreakCallback  stm32f4xx_hal_tim_ex.o
    0x080039a2   0x080039a2   0x00000002   Code   RO         1590    i.HAL_TIMEx_CommutCallback  stm32f4xx_hal_tim_ex.o
    0x080039a4   0x080039a4   0x00000066   Code   RO          874    i.HAL_TIM_Base_Init  stm32f4xx_hal_tim.o
    0x08003a0a   0x08003a0a   0x00000002   Code   RO          876    i.HAL_TIM_Base_MspInit  stm32f4xx_hal_tim.o
    0x08003a0c   0x08003a0c   0x000000a8   Code   RO          879    i.HAL_TIM_Base_Start_IT  stm32f4xx_hal_tim.o
    0x08003ab4   0x08003ab4   0x00000002   Code   RO          908    i.HAL_TIM_IC_CaptureCallback  stm32f4xx_hal_tim.o
    0x08003ab6   0x08003ab6   0x0000016c   Code   RO          922    i.HAL_TIM_IRQHandler  stm32f4xx_hal_tim.o
    0x08003c22   0x08003c22   0x00000002   Code   RO          925    i.HAL_TIM_OC_DelayElapsedCallback  stm32f4xx_hal_tim.o
    0x08003c24   0x08003c24   0x00000002   Code   RO          952    i.HAL_TIM_PWM_PulseFinishedCallback  stm32f4xx_hal_tim.o
    0x08003c26   0x08003c26   0x00000002   PAD
    0x08003c28   0x08003c28   0x000001c4   Code   RO         6167    i.HAL_TIM_PeriodElapsedCallback  drv_tim.o
    0x08003dec   0x08003dec   0x00000002   Code   RO          965    i.HAL_TIM_TriggerCallback  stm32f4xx_hal_tim.o
    0x08003dee   0x08003dee   0x00000070   Code   RO         3387    i.HAL_UARTEx_ReceiveToIdle_DMA  stm32f4xx_hal_uart.o
    0x08003e5e   0x08003e5e   0x00000002   PAD
    0x08003e60   0x08003e60   0x00000188   Code   RO         6206    i.HAL_UARTEx_RxEventCallback  drv_uart.o
    0x08003fe8   0x08003fe8   0x00000002   Code   RO         3403    i.HAL_UART_ErrorCallback  stm32f4xx_hal_uart.o
    0x08003fea   0x08003fea   0x00000002   PAD
    0x08003fec   0x08003fec   0x00000308   Code   RO         3406    i.HAL_UART_IRQHandler  stm32f4xx_hal_uart.o
    0x080042f4   0x080042f4   0x00000076   Code   RO         3407    i.HAL_UART_Init     stm32f4xx_hal_uart.o
    0x0800436a   0x0800436a   0x00000002   PAD
    0x0800436c   0x0800436c   0x00000228   Code   RO          650    i.HAL_UART_MspInit  usart.o
    0x08004594   0x08004594   0x00000002   Code   RO         3413    i.HAL_UART_RxCpltCallback  stm32f4xx_hal_uart.o
    0x08004596   0x08004596   0x00000002   Code   RO         3414    i.HAL_UART_RxHalfCpltCallback  stm32f4xx_hal_uart.o
    0x08004598   0x08004598   0x000000be   Code   RO         3415    i.HAL_UART_Transmit  stm32f4xx_hal_uart.o
    0x08004656   0x08004656   0x00000002   Code   RO         3418    i.HAL_UART_TxCpltCallback  stm32f4xx_hal_uart.o
    0x08004658   0x08004658   0x00000004   Code   RO          705    i.HardFault_Handler  stm32f4xx_it.o
    0x0800465c   0x0800465c   0x00000014   Code   RO         7289    i.J4310_CAN_RxCpltCallback  motor_dm_task.o
    0x08004670   0x08004670   0x0000009c   Code   RO         7290    i.J4310_Task        motor_dm_task.o
    0x0800470c   0x0800470c   0x00000030   Code   RO         7291    i.J4310_Task_Init   motor_dm_task.o
    0x0800473c   0x0800473c   0x00000044   Code   RO          582    i.MX_CAN1_Init      can.o
    0x08004780   0x08004780   0x00000088   Code   RO          622    i.MX_DMA_Init       dma.o
    0x08004808   0x08004808   0x00000038   Code   RO          412    i.MX_FREERTOS_Init  freertos.o
    0x08004840   0x08004840   0x000000b4   Code   RO          285    i.MX_GPIO_Init      gpio.o
    0x080048f4   0x080048f4   0x00000038   Code   RO          651    i.MX_USART2_UART_Init  usart.o
    0x0800492c   0x0800492c   0x00000038   Code   RO          652    i.MX_USART6_UART_Init  usart.o
    0x08004964   0x08004964   0x00000004   Code   RO          706    i.MemManage_Handler  stm32f4xx_it.o
    0x08004968   0x08004968   0x00000004   Code   RO          707    i.NMI_Handler       stm32f4xx_it.o
    0x0800496c   0x0800496c   0x00000012   Code   RO          413    i.StartTask3508     freertos.o
    0x0800497e   0x0800497e   0x00000012   Code   RO          414    i.StartTaskJ4310    freertos.o
    0x08004990   0x08004990   0x00000016   Code   RO         4959    i.SysTick_Handler   cmsis_os2.o
    0x080049a6   0x080049a6   0x00000002   PAD
    0x080049a8   0x080049a8   0x00000014   Code   RO         3751    i.SystemInit        system_stm32f4xx.o
    0x080049bc   0x080049bc   0x00000010   Code   RO          708    i.TIM8_TRG_COM_TIM14_IRQHandler  stm32f4xx_it.o
    0x080049cc   0x080049cc   0x000000e0   Code   RO          967    i.TIM_Base_SetConfig  stm32f4xx_hal_tim.o
    0x08004aac   0x08004aac   0x00000012   Code   RO         3420    i.UART_DMAAbortOnError  stm32f4xx_hal_uart.o
    0x08004abe   0x08004abe   0x00000050   Code   RO         3421    i.UART_DMAError     stm32f4xx_hal_uart.o
    0x08004b0e   0x08004b0e   0x000000b4   Code   RO         3422    i.UART_DMAReceiveCplt  stm32f4xx_hal_uart.o
    0x08004bc2   0x08004bc2   0x00000024   Code   RO         3424    i.UART_DMARxHalfCplt  stm32f4xx_hal_uart.o
    0x08004be6   0x08004be6   0x0000006c   Code   RO         3430    i.UART_EndRxTransfer  stm32f4xx_hal_uart.o
    0x08004c52   0x08004c52   0x00000020   Code   RO         3431    i.UART_EndTransmit_IT  stm32f4xx_hal_uart.o
    0x08004c72   0x08004c72   0x00000026   Code   RO         3432    i.UART_EndTxTransfer  stm32f4xx_hal_uart.o
    0x08004c98   0x08004c98   0x000000fc   Code   RO         3433    i.UART_Receive_IT   stm32f4xx_hal_uart.o
    0x08004d94   0x08004d94   0x0000022c   Code   RO         3434    i.UART_SetConfig    stm32f4xx_hal_uart.o
    0x08004fc0   0x08004fc0   0x000000d8   Code   RO         3435    i.UART_Start_Receive_DMA  stm32f4xx_hal_uart.o
    0x08005098   0x08005098   0x00000060   Code   RO         3437    i.UART_Transmit_IT  stm32f4xx_hal_uart.o
    0x080050f8   0x080050f8   0x0000008c   Code   RO         3438    i.UART_WaitOnFlagUntilTimeout  stm32f4xx_hal_uart.o
    0x08005184   0x08005184   0x00000010   Code   RO          709    i.USART2_IRQHandler  stm32f4xx_it.o
    0x08005194   0x08005194   0x00000010   Code   RO          710    i.USART6_IRQHandler  stm32f4xx_it.o
    0x080051a4   0x080051a4   0x00000004   Code   RO          711    i.UsageFault_Handler  stm32f4xx_it.o
    0x080051a8   0x080051a8   0x00000014   Code   RO         5868    i._Z11BSP_DC24_LD20Enum_BSP_DC24_Status  drv_bsp.o
    0x080051bc   0x080051bc   0x00000014   Code   RO         5869    i._Z11BSP_DC24_LU20Enum_BSP_DC24_Status  drv_bsp.o
    0x080051d0   0x080051d0   0x00000014   Code   RO         5870    i._Z11BSP_DC24_RD20Enum_BSP_DC24_Status  drv_bsp.o
    0x080051e4   0x080051e4   0x00000014   Code   RO         5871    i._Z11BSP_DC24_RU20Enum_BSP_DC24_Status  drv_bsp.o
    0x080051f8   0x080051f8   0x00000028   Code   RO         5996    i._Z13CAN_Send_DataP17CAN_HandleTypeDeftPht  drv_can.o
    0x08005220   0x08005220   0x00000008   Code   RO           14    i._Z14TIM14_Callbackv  main.o
    0x08005228   0x08005228   0x0000006c   Code   RO         6303    i._Z16allocate_tx_dataP17CAN_HandleTypeDef17Enum_CAN_Motor_ID  dvc_motor.o
    0x08005294   0x08005294   0x00000032   Code   RO         6065    i._Z17Math_Float_To_Intfffii  drv_math.o
    0x080052c6   0x080052c6   0x00000032   Code   RO         6066    i._Z17Math_Int_To_Floatiiiff  drv_math.o
    0x080052f8   0x080052f8   0x000000bc   Code   RO           15    i._Z18SystemClock_Configv  main.o
    0x080053b4   0x080053b4   0x00000028   Code   RO           16    i._Z19CAN_Motor_Call_BackP20Struct_CAN_Rx_Buffer  main.o
    0x080053dc   0x080053dc   0x0000006e   Code   RO         5997    i._Z22CAN_Filter_Mask_ConfigP17CAN_HandleTypeDefhjj  drv_can.o
    0x0800544a   0x0800544a   0x00000022   Code   RO         6068    i._Z22Math_Endian_Reverse_16PvS_  drv_math.o
    0x0800546c   0x0800546c   0x0000001c   Code   RO           17    i._Z25UART_Serialplot_Call_BackPht  main.o
    0x08005488   0x08005488   0x00000048   Code   RO         5998    i._Z29TIM_CAN_PeriodElapsedCallbackv  drv_can.o
    0x080054d0   0x080054d0   0x0000009a   Code   RO         5872    i._Z8BSP_Initjff    drv_bsp.o
    0x0800556a   0x0800556a   0x00000002   PAD
    0x0800556c   0x0800556c   0x00000084   Code   RO         5999    i._Z8CAN_InitP17CAN_HandleTypeDefPFvP20Struct_CAN_Rx_BufferE  drv_can.o
    0x080055f0   0x080055f0   0x0000014c   Code   RO         6168    i._Z8TIM_InitP17TIM_HandleTypeDefPFvvE  drv_tim.o
    0x0800573c   0x0800573c   0x00000014   Code   RO         5873    i._Z9BSP_LED_119Enum_BSP_LED_Status  drv_bsp.o
    0x08005750   0x08005750   0x00000014   Code   RO         5874    i._Z9BSP_LED_219Enum_BSP_LED_Status  drv_bsp.o
    0x08005764   0x08005764   0x00000014   Code   RO         5875    i._Z9BSP_LED_319Enum_BSP_LED_Status  drv_bsp.o
    0x08005778   0x08005778   0x00000014   Code   RO         5876    i._Z9BSP_LED_419Enum_BSP_LED_Status  drv_bsp.o
    0x0800578c   0x0800578c   0x00000014   Code   RO         5877    i._Z9BSP_LED_519Enum_BSP_LED_Status  drv_bsp.o
    0x080057a0   0x080057a0   0x00000014   Code   RO         5878    i._Z9BSP_LED_619Enum_BSP_LED_Status  drv_bsp.o
    0x080057b4   0x080057b4   0x00000014   Code   RO         5879    i._Z9BSP_LED_719Enum_BSP_LED_Status  drv_bsp.o
    0x080057c8   0x080057c8   0x00000018   Code   RO         5880    i._Z9BSP_LED_819Enum_BSP_LED_Status  drv_bsp.o
    0x080057e0   0x080057e0   0x00000018   Code   RO         5881    i._Z9BSP_LED_G19Enum_BSP_LED_Status  drv_bsp.o
    0x080057f8   0x080057f8   0x00000018   Code   RO         5882    i._Z9BSP_LED_R19Enum_BSP_LED_Status  drv_bsp.o
    0x08005810   0x08005810   0x00000168   Code   RO         6209    i._Z9UART_InitP20__UART_HandleTypeDefPFvPhtEt  drv_uart.o
    0x08005978   0x08005978   0x00000006   Code   RO         6326    i._ZN16Class_Motor_C62013Get_Now_OmegaEv  dvc_motor.o
    0x0800597e   0x0800597e   0x00000006   Code   RO         6330    i._ZN16Class_Motor_C62016Get_Target_OmegaEv  dvc_motor.o
    0x08005984   0x08005984   0x00000006   Code   RO         6332    i._ZN16Class_Motor_C62016Set_Target_OmegaEf  dvc_motor.o
    0x0800598a   0x0800598a   0x00000002   PAD
    0x0800598c   0x0800598c   0x000000e4   Code   RO         6335    i._ZN16Class_Motor_C62018CAN_RxCpltCallbackEPh  dvc_motor.o
    0x08005a70   0x08005a70   0x00000130   Code   RO         6340    i._ZN16Class_Motor_C62029TIM_PID_PeriodElapsedCallbackEv  dvc_motor.o
    0x08005ba0   0x08005ba0   0x00000058   Code   RO         6342    i._ZN16Class_Motor_C6204InitEP17CAN_HandleTypeDef17Enum_CAN_Motor_ID19Enum_Control_Methodff  dvc_motor.o
    0x08005bf8   0x08005bf8   0x00000028   Code   RO         6343    i._ZN16Class_Motor_C6206OutputEv  dvc_motor.o
    0x08005c20   0x08005c20   0x00000006   Code   RO         6345    i._ZN16Class_Motor_C6207Set_OutEf  dvc_motor.o
    0x08005c26   0x08005c26   0x00000002   PAD
    0x08005c28   0x08005c28   0x0000009c   Code   RO         7232    i._ZN16Class_Motor_C620C1Ev  motor_dji_task.o
    0x08005cc4   0x08005cc4   0x00000008   Code   RO         6915    i._ZN16Class_Serialplot18Get_Variable_IndexEv  dvc_serialplot.o
    0x08005ccc   0x08005ccc   0x0000006c   Code   RO         6917    i._ZN16Class_Serialplot19Judge_Variable_NameEv  dvc_serialplot.o
    0x08005d38   0x08005d38   0x00000018   Code   RO         6918    i._ZN16Class_Serialplot19UART_RxCpltCallbackEPh  dvc_serialplot.o
    0x08005d50   0x08005d50   0x000000dc   Code   RO         6919    i._ZN16Class_Serialplot20Judge_Variable_ValueEi  dvc_serialplot.o
    0x08005e2c   0x08005e2c   0x000000c4   Code   RO         6921    i._ZN16Class_Serialplot4InitEP20__UART_HandleTypeDefhPPc25Enum_Serialplot_Data_Typeh  dvc_serialplot.o
    0x08005ef0   0x08005ef0   0x0000011c   Code   RO         6790    i._ZN21Class_Motor_DM_Normal12Data_ProcessEv  dvc_motor_dm.o
    0x0800600c   0x0800600c   0x00000018   Code   RO         6792    i._ZN21Class_Motor_DM_Normal14CAN_Send_EnterEv  dvc_motor_dm.o
    0x08006024   0x08006024   0x00000014   Code   RO         6793    i._ZN21Class_Motor_DM_Normal18CAN_RxCpltCallbackEPh  dvc_motor_dm.o
    0x08006038   0x08006038   0x00000018   Code   RO         6795    i._ZN21Class_Motor_DM_Normal20CAN_Send_Clear_ErrorEv  dvc_motor_dm.o
    0x08006050   0x08006050   0x000000c4   Code   RO         6796    i._ZN21Class_Motor_DM_Normal30TIM_Send_PeriodElapsedCallbackEv  dvc_motor_dm.o
    0x08006114   0x08006114   0x0000002c   Code   RO         6797    i._ZN21Class_Motor_DM_Normal31TIM_Alive_PeriodElapsedCallbackEv  dvc_motor_dm.o
    0x08006140   0x08006140   0x00000074   Code   RO         6798    i._ZN21Class_Motor_DM_Normal4InitEP17CAN_HandleTypeDefhh28Enum_Motor_DM_Control_Methodffff  dvc_motor_dm.o
    0x080061b4   0x080061b4   0x00000198   Code   RO         6799    i._ZN21Class_Motor_DM_Normal6OutputEv  dvc_motor_dm.o
    0x0800634c   0x0800634c   0x00000006   Code   RO         5628    i._ZN9Class_PID10Set_TargetEf  alg_pid.o
    0x08006352   0x08006352   0x00000002   PAD
    0x08006354   0x08006354   0x00000274   Code   RO         5636    i._ZN9Class_PID32TIM_Adjust_PeriodElapsedCallbackEv  alg_pid.o
    0x080065c8   0x080065c8   0x00000030   Code   RO         5637    i._ZN9Class_PID4InitEfffffffffff16Enum_PID_D_First  alg_pid.o
    0x080065f8   0x080065f8   0x00000006   Code   RO         5638    i._ZN9Class_PID7Get_OutEv  alg_pid.o
    0x080065fe   0x080065fe   0x00000006   Code   RO         5643    i._ZN9Class_PID7Set_NowEf  alg_pid.o
    0x08006604   0x08006604   0x00000090   Code   RO         7229    i._ZN9Class_PIDC1Ev  motor_dji_task.o
    0x08006694   0x08006694   0x00000030   Code   RO         7965    i.__ARM_fpclassify  m_wm.l(fpclassify.o)
    0x080066c4   0x080066c4   0x00000026   Code   RO         7776    i.__ARM_fpclassifyf  m_wm.l(fpclassifyf.o)
    0x080066ea   0x080066ea   0x00000002   PAD
    0x080066ec   0x080066ec   0x00000010   Code   RO         2970    i.__NVIC_GetPriorityGrouping  stm32f4xx_hal_cortex.o
    0x080066fc   0x080066fc   0x00000028   Code   RO         2971    i.__NVIC_SetPriority  stm32f4xx_hal_cortex.o
    0x08006724   0x08006724   0x00000006   Code   RO         4961    i.__get_IPSR        cmsis_os2.o
    0x0800672a   0x0800672a   0x00000002   PAD
    0x0800672c   0x0800672c   0x00000664   Code   RO         7521    i.__hardfp_powf     m_wm.l(powf.o)
    0x08006d90   0x08006d90   0x00000014   Code   RO         7778    i.__mathlib_flt_divzero  m_wm.l(funder.o)
    0x08006da4   0x08006da4   0x00000006   Code   RO         7780    i.__mathlib_flt_infnan2  m_wm.l(funder.o)
    0x08006daa   0x08006daa   0x00000002   PAD
    0x08006dac   0x08006dac   0x00000010   Code   RO         7781    i.__mathlib_flt_invalid  m_wm.l(funder.o)
    0x08006dbc   0x08006dbc   0x00000010   Code   RO         7782    i.__mathlib_flt_overflow  m_wm.l(funder.o)
    0x08006dcc   0x08006dcc   0x00000010   Code   RO         7784    i.__mathlib_flt_underflow  m_wm.l(funder.o)
    0x08006ddc   0x08006ddc   0x0000004c   Code   RO         7292    i.__sti___17_motor_dm_task_cpp_ec1aea4c  motor_dm_task.o
    0x08006e28   0x08006e28   0x00000010   Code   RO         7193    i.__sti___18_motor_dji_task_cpp_e8a5edbb  motor_dji_task.o
    0x08006e38   0x08006e38   0x00000020   Code   RO           18    i.__sti___6_main_c_fdcc5e8f  main.o
    0x08006e58   0x08006e58   0x0000000e   Code   RO         7670    i._is_digit         c_w.l(__printf_wp.o)
    0x08006e66   0x08006e66   0x00000002   PAD
    0x08006e68   0x08006e68   0x000000a8   Code   RO           19    i.main              main.o
    0x08006f10   0x08006f10   0x0000001e   Code   RO         4962    i.osDelay           cmsis_os2.o
    0x08006f2e   0x08006f2e   0x00000002   PAD
    0x08006f30   0x08006f30   0x0000002c   Code   RO         4976    i.osKernelInitialize  cmsis_os2.o
    0x08006f5c   0x08006f5c   0x00000060   Code   RO         4979    i.osKernelStart     cmsis_os2.o
    0x08006fbc   0x08006fbc   0x000000b8   Code   RO         5021    i.osThreadNew       cmsis_os2.o
    0x08007074   0x08007074   0x0000007c   Code   RO         4396    i.prvAddCurrentTaskToDelayedList  tasks.o
    0x080070f0   0x080070f0   0x000000b8   Code   RO         4397    i.prvAddNewTaskToReadyList  tasks.o
    0x080071a8   0x080071a8   0x00000074   Code   RO         4772    i.prvCheckForValidListAndQueue  timers.o
    0x0800721c   0x0800721c   0x00000048   Code   RO         4398    i.prvCheckTasksWaitingTermination  tasks.o
    0x08007264   0x08007264   0x0000002a   Code   RO         3983    i.prvCopyDataFromQueue  queue.o
    0x0800728e   0x0800728e   0x0000007e   Code   RO         3984    i.prvCopyDataToQueue  queue.o
    0x0800730c   0x0800730c   0x00000050   Code   RO         4399    i.prvDeleteTCB      tasks.o
    0x0800735c   0x0800735c   0x00000028   Code   RO         4773    i.prvGetNextExpireTime  timers.o
    0x08007384   0x08007384   0x0000007c   Code   RO         5493    i.prvHeapInit       heap_4.o
    0x08007400   0x08007400   0x00000028   Code   RO         4400    i.prvIdleTask       tasks.o
    0x08007428   0x08007428   0x0000002a   Code   RO         3987    i.prvInitialiseNewQueue  queue.o
    0x08007452   0x08007452   0x000000be   Code   RO         4401    i.prvInitialiseNewTask  tasks.o
    0x08007510   0x08007510   0x00000068   Code   RO         4402    i.prvInitialiseTaskLists  tasks.o
    0x08007578   0x08007578   0x00000068   Code   RO         5494    i.prvInsertBlockIntoFreeList  heap_4.o
    0x080075e0   0x080075e0   0x00000058   Code   RO         4775    i.prvInsertTimerInActiveList  timers.o
    0x08007638   0x08007638   0x0000001a   Code   RO         3988    i.prvIsQueueEmpty   queue.o
    0x08007652   0x08007652   0x0000001e   Code   RO         3989    i.prvIsQueueFull    queue.o
    0x08007670   0x08007670   0x00000074   Code   RO         4776    i.prvProcessExpiredTimer  timers.o
    0x080076e4   0x080076e4   0x00000164   Code   RO         4777    i.prvProcessReceivedCommands  timers.o
    0x08007848   0x08007848   0x00000074   Code   RO         4778    i.prvProcessTimerOrBlockTask  timers.o
    0x080078bc   0x080078bc   0x00000034   Code   RO         4404    i.prvResetNextTaskUnblockTime  tasks.o
    0x080078f0   0x080078f0   0x0000002c   Code   RO         4779    i.prvSampleTimeNow  timers.o
    0x0800791c   0x0800791c   0x000000a4   Code   RO         4780    i.prvSwitchTimerLists  timers.o
    0x080079c0   0x080079c0   0x00000040   Code   RO         5549    i.prvTaskExitError  port.o
    0x08007a00   0x08007a00   0x0000001a   Code   RO         4781    i.prvTimerTask      timers.o
    0x08007a1a   0x08007a1a   0x0000007e   Code   RO         3990    i.prvUnlockQueue    queue.o
    0x08007a98   0x08007a98   0x0000014c   Code   RO         5495    i.pvPortMalloc      heap_4.o
    0x08007be4   0x08007be4   0x0000002c   Code   RO         5550    i.pxPortInitialiseStack  port.o
    0x08007c10   0x08007c10   0x00000034   Code   RO         6259    i.uart_printf       uart_printf.o
    0x08007c44   0x08007c44   0x00000028   Code   RO         3943    i.uxListRemove      list.o
    0x08007c6c   0x08007c6c   0x00000018   Code   RO         5033    i.vApplicationGetIdleTaskMemory  cmsis_os2.o
    0x08007c84   0x08007c84   0x00000018   Code   RO         5034    i.vApplicationGetTimerTaskMemory  cmsis_os2.o
    0x08007c9c   0x08007c9c   0x0000001a   Code   RO         3944    i.vListInitialise   list.o
    0x08007cb6   0x08007cb6   0x00000006   Code   RO         3945    i.vListInitialiseItem  list.o
    0x08007cbc   0x08007cbc   0x00000034   Code   RO         3946    i.vListInsert       list.o
    0x08007cf0   0x08007cf0   0x00000018   Code   RO         3947    i.vListInsertEnd    list.o
    0x08007d08   0x08007d08   0x00000054   Code   RO         5552    i.vPortEnterCritical  port.o
    0x08007d5c   0x08007d5c   0x0000003c   Code   RO         5553    i.vPortExitCritical  port.o
    0x08007d98   0x08007d98   0x000000a4   Code   RO         5496    i.vPortFree         heap_4.o
    0x08007e3c   0x08007e3c   0x00000028   Code   RO         5554    i.vPortSetupTimerInterrupt  port.o
    0x08007e64   0x08007e64   0x00000078   Code   RO         5555    i.vPortValidateInterruptPriority  port.o
    0x08007edc   0x08007edc   0x0000002c   Code   RO         3996    i.vQueueAddToRegistry  queue.o
    0x08007f08   0x08007f08   0x0000004a   Code   RO         4000    i.vQueueWaitForMessageRestricted  queue.o
    0x08007f52   0x08007f52   0x00000002   PAD
    0x08007f54   0x08007f54   0x0000005c   Code   RO         4417    i.vTaskDelay        tasks.o
    0x08007fb0   0x08007fb0   0x00000018   Code   RO         4422    i.vTaskInternalSetTimeOutState  tasks.o
    0x08007fc8   0x08007fc8   0x0000000c   Code   RO         4423    i.vTaskMissedYield  tasks.o
    0x08007fd4   0x08007fd4   0x00000038   Code   RO         4425    i.vTaskPlaceOnEventList  tasks.o
    0x0800800c   0x0800800c   0x00000040   Code   RO         4426    i.vTaskPlaceOnEventListRestricted  tasks.o
    0x0800804c   0x0800804c   0x000000b8   Code   RO         4434    i.vTaskStartScheduler  tasks.o
    0x08008104   0x08008104   0x00000010   Code   RO         4436    i.vTaskSuspendAll   tasks.o
    0x08008114   0x08008114   0x00000090   Code   RO         4437    i.vTaskSwitchContext  tasks.o
    0x080081a4   0x080081a4   0x00000168   Code   RO         5556    i.xPortStartScheduler  port.o
    0x0800830c   0x0800830c   0x00000034   Code   RO         5557    i.xPortSysTickHandler  port.o
    0x08008340   0x08008340   0x000000e0   Code   RO         4006    i.xQueueGenericCreateStatic  queue.o
    0x08008420   0x08008420   0x00000098   Code   RO         4007    i.xQueueGenericReset  queue.o
    0x080084b8   0x080084b8   0x000001a8   Code   RO         4008    i.xQueueGenericSend  queue.o
    0x08008660   0x08008660   0x000000fc   Code   RO         4009    i.xQueueGenericSendFromISR  queue.o
    0x0800875c   0x0800875c   0x00000168   Code   RO         4018    i.xQueueReceive     queue.o
    0x080088c4   0x080088c4   0x0000008c   Code   RO         4439    i.xTaskCheckForTimeOut  tasks.o
    0x08008950   0x08008950   0x00000064   Code   RO         4440    i.xTaskCreate       tasks.o
    0x080089b4   0x080089b4   0x000000ba   Code   RO         4441    i.xTaskCreateStatic  tasks.o
    0x08008a6e   0x08008a6e   0x00000002   PAD
    0x08008a70   0x08008a70   0x00000020   Code   RO         4445    i.xTaskGetSchedulerState  tasks.o
    0x08008a90   0x08008a90   0x0000000c   Code   RO         4446    i.xTaskGetTickCount  tasks.o
    0x08008a9c   0x08008a9c   0x00000144   Code   RO         4448    i.xTaskIncrementTick  tasks.o
    0x08008be0   0x08008be0   0x000000a4   Code   RO         4451    i.xTaskPriorityDisinherit  tasks.o
    0x08008c84   0x08008c84   0x00000098   Code   RO         4453    i.xTaskRemoveFromEventList  tasks.o
    0x08008d1c   0x08008d1c   0x00000104   Code   RO         4454    i.xTaskResumeAll    tasks.o
    0x08008e20   0x08008e20   0x00000078   Code   RO         4790    i.xTimerCreateTimerTask  timers.o
    0x08008e98   0x08008e98   0x00000084   Code   RO         4791    i.xTimerGenericCommand  timers.o
    0x08008f1c   0x08008f1c   0x0000002c   Code   RO         7933    locale$$code        c_w.l(lc_numeric_c.o)
    0x08008f48   0x08008f48   0x0000002c   Code   RO         7980    locale$$code        c_w.l(lc_ctype_c.o)
    0x08008f74   0x08008f74   0x00000030   Code   RO         5743    t._Z14Math_ConstrainIfET_PS0_S0_S0_  alg_pid.o
    0x08008fa4   0x08008fa4   0x0000001a   Code   RO         5736    t._Z8Math_AbsIfET_S0_  alg_pid.o
    0x08008fbe   0x08008fbe   0x0000000c   Code   RO         7765    x$fpl$dretinf       fz_wm.l(dretinf.o)
    0x08008fca   0x08008fca   0x00000002   PAD
    0x08008fcc   0x08008fcc   0x00000056   Code   RO         7483    x$fpl$f2d           fz_wm.l(f2d.o)
    0x08009022   0x08009022   0x0000008c   Code   RO         7767    x$fpl$fnaninf       fz_wm.l(fnaninf.o)
    0x080090ae   0x080090ae   0x0000000a   Code   RO         7876    x$fpl$fpinit        fz_wm.l(fpinit.o)
    0x080090b8   0x080090b8   0x00000004   Code   RO         7773    x$fpl$printf1       fz_wm.l(printf1.o)
    0x080090bc   0x080090bc   0x00000000   Code   RO         7775    x$fpl$usenofp       fz_wm.l(usenofp.o)
    0x080090bc   0x080090bc   0x00000048   Data   RO          415    .constdata          freertos.o
    0x08009104   0x08009104   0x00000008   Data   RO         2666    .constdata          stm32f4xx_hal_dma.o
    0x0800910c   0x0800910c   0x00000018   Data   RO         3752    .constdata          system_stm32f4xx.o
    0x08009124   0x08009124   0x00000140   Data   RO         7524    .constdata          m_wm.l(powf.o)
    0x08009264   0x08009264   0x00000008   Data   RO         7629    .constdata          c_w.l(_printf_wctomb.o)
    0x0800926c   0x0800926c   0x00000028   Data   RO         7658    .constdata          c_w.l(_printf_hex_int_ll_ptr.o)
    0x08009294   0x08009294   0x00000011   Data   RO         7678    .constdata          c_w.l(__printf_flags_ss_wp.o)
    0x080092a5   0x080092a5   0x00000003   PAD
    0x080092a8   0x080092a8   0x00000094   Data   RO         7908    .constdata          c_w.l(bigflt0.o)
    0x0800933c   0x0800933c   0x00000015   Data   RO          416    .conststring        freertos.o
    0x08009351   0x08009351   0x00000003   PAD
    0x08009354   0x08009354   0x00000020   Data   RO         8049    Region$$Table       anon$$obj.o
    0x08009374   0x08009374   0x0000001c   Data   RO         7932    locale$$data        c_w.l(lc_numeric_c.o)
    0x08009390   0x08009390   0x00000110   Data   RO         7979    locale$$data        c_w.l(lc_ctype_c.o)
    0x080094a0   0x080094a0   0x00000004   Data   RO           29    .init_array         main.o
    0x080094a4   0x080094a0   0x00000004   Data   RO         7199    .init_array         motor_dji_task.o
    0x080094a8   0x080094a0   0x00000004   Data   RO         7299    .init_array         motor_dm_task.o
    0x080094ac   0x080094a0   0x00000000   Data   RO         7369    .init_array         c_w.l(init_aeabi.o)


    Execution Region RW_IRAM2 (Exec base: 0x10000000, Load base: 0x080094dc, Size: 0x00000000, Max: 0x00010000, ABSOLUTE)

    **** No section assigned to this execution region ****


    Execution Region RW_IRAM1 (Exec base: 0x20000000, Load base: 0x080094ac, Size: 0x00006750, Max: 0x00030000, ABSOLUTE, COMPRESSED[0x00000030])

    Exec Addr    Load Addr    Size         Type   Attr      Idx    E Section Name        Object

    0x20000000   COMPRESSED   0x000001a8   Data   RW           28    .data               main.o
    0x200001a8   COMPRESSED   0x00000008   Data   RW          417    .data               freertos.o
    0x200001b0   COMPRESSED   0x00000009   Data   RW         3136    .data               stm32f4xx_hal.o
    0x200001b9   COMPRESSED   0x00000003   PAD
    0x200001bc   COMPRESSED   0x00000004   Data   RW         3753    .data               system_stm32f4xx.o
    0x200001c0   COMPRESSED   0x0000003c   Data   RW         4457    .data               tasks.o
    0x200001fc   COMPRESSED   0x00000014   Data   RW         4799    .data               timers.o
    0x20000210   COMPRESSED   0x00000004   Data   RW         5036    .data               cmsis_os2.o
    0x20000214   COMPRESSED   0x00000020   Data   RW         5502    .data               heap_4.o
    0x20000234   COMPRESSED   0x0000000c   Data   RW         5558    .data               port.o
    0x20000240   COMPRESSED   0x0000005c   Data   RW         6007    .data               drv_can.o
    0x2000029c   COMPRESSED   0x00000070   Data   RW         6171    .data               drv_tim.o
    0x2000030c   COMPRESSED   0x00000020   Data   RW         6818    .data               dvc_motor_dm.o
    0x2000032c   COMPRESSED   0x00000008   Data   RW         7298    .data               motor_dm_task.o
    0x20000334        -       0x00000048   Zero   RW           27    .bss                main.o
    0x2000037c        -       0x00000028   Zero   RW          583    .bss                can.o
    0x200003a4        -       0x00000210   Zero   RW          653    .bss                usart.o
    0x200005b4        -       0x00000048   Zero   RW          836    .bss                stm32f4xx_hal_timebase_tim.o
    0x200005fc        -       0x00000040   Zero   RW         4022    .bss                queue.o
    0x2000063c        -       0x000004c4   Zero   RW         4456    .bss                tasks.o
    0x20000b00        -       0x00000118   Zero   RW         4798    .bss                timers.o
    0x20000c18        -       0x000006b8   Zero   RW         5035    .bss                cmsis_os2.o
    0x200012d0        -       0x00003c00   Zero   RW         5501    .bss                heap_4.o
    0x20004ed0        -       0x00000058   Zero   RW         6006    .bss                drv_can.o
    0x20004f28        -       0x00001060   Zero   RW         6214    .bss                drv_uart.o
    0x20005f88        -       0x000000f8   Zero   RW         7198    .bss                motor_dji_task.o
    0x20006080        -       0x0000006c   Zero   RW         7297    .bss                motor_dm_task.o
    0x200060ec        -       0x00000060   Zero   RW         7879    .bss                c_w.l(libspace.o)
    0x2000614c   COMPRESSED   0x00000004   PAD
    0x20006150        -       0x00000200   Zero   RW            2    HEAP                startup_stm32f427xx.o
    0x20006350        -       0x00000400   Zero   RW            1    STACK               startup_stm32f427xx.o


==============================================================================

Image component sizes


      Code (inc. data)   RO Data    RW Data    ZI Data      Debug   Object Name

       768          6          0          0          0     676692   alg_pid.o
       236         22          0          0         40       1849   can.o
       430         38          0          4       1720      65315   cmsis_os2.o
         0          0          0          0          0       7080   croutine.o
       136          6          0          0          0        970   dma.o
       446         62          0          0          0       9171   drv_bsp.o
       530         66          0         92         88       6379   drv_can.o
       134          0          0          0          0       2713   drv_math.o
       784        222          0        112          0       3493   drv_tim.o
       752        130          0          0       4192       3412   drv_uart.o
       792         60          0          0          0     625868   dvc_motor.o
      1116         64          0         32          0      14047   dvc_motor_dm.o
       556         72          0          0          0       6995   dvc_serialplot.o
         0          0          0          0          0      19452   event_groups.o
        92         24         93          8          0       6230   freertos.o
       180          8          0          0          0     752963   gpio.o
       724         74          0         32      15360       5035   heap_4.o
       148          0          0          0          0       3746   list.o
       470         64          4        424         72     755931   main.o
       564         86          4          0        248       7902   motor_dji_task.o
       300         52          4          8        108      11854   motor_dm_task.o
      1014         92          0         12          0      11917   port.o
      1922         20          0          0         64      17660   queue.o
        64         26        428          0       1536        852   startup_stm32f427xx.o
       136         24          0          9          0       9058   stm32f4xx_hal.o
      2100          4          0          0          0      13308   stm32f4xx_hal_can.o
       260         22          0          0          0      33614   stm32f4xx_hal_cortex.o
      1436         16          8          0          0       7234   stm32f4xx_hal_dma.o
       540         54          0          0          0       2276   stm32f4xx_hal_gpio.o
        84          6          0          0          0       1002   stm32f4xx_hal_msp.o
       140         12          0          0          0       1424   stm32f4xx_hal_pwr_ex.o
      1888         94          0          0          0       6481   stm32f4xx_hal_rcc.o
       868         76          0          0          0       6818   stm32f4xx_hal_tim.o
         4          0          0          0          0       1753   stm32f4xx_hal_tim_ex.o
       180         20          0          0         72       1624   stm32f4xx_hal_timebase_tim.o
      2956         28          0          0          0      16617   stm32f4xx_hal_uart.o
       166         54          0          0          0       7497   stm32f4xx_it.o
         0          0          0          0          0        384   stream_buffer.o
        20          6         24          4          0       1279   system_stm32f4xx.o
      2808        346          0         60       1220      27810   tasks.o
      1318        124          0         20        280      33151   timers.o
        52          4          0          0          0       1250   uart_printf.o
       664         68          0          0        528       2915   usart.o

    ----------------------------------------------------------------------
     27816       2152        600        820      25528    3193021   Object Totals
         0          0         32          0          0          0   (incl. Generated)
        38          0          3          3          0          0   (incl. Padding)

    ----------------------------------------------------------------------

      Code (inc. data)   RO Data    RW Data    ZI Data      Debug   Library Member Name

        90          0          0          0          0          0   __dczerorl2.o
         8          0          0          0          0         68   __main.o
       392          4         17          0          0         92   __printf_flags_ss_wp.o
        14          0          0          0          0         68   __printf_wp.o
         0          0          0          0          0          0   __rtentry.o
        12          0          0          0          0          0   __rtentry2.o
         6          0          0          0          0          0   __rtentry4.o
        52          8          0          0          0          0   __scatter.o
        28          0          0          0          0          0   __scatter_zi.o
         6          0          0          0          0          0   _printf_a.o
         6          0          0          0          0          0   _printf_c.o
        44          0          0          0          0        108   _printf_char.o
        48          6          0          0          0         96   _printf_char_common.o
        40          0          0          0          0         68   _printf_charcount.o
         6          0          0          0          0          0   _printf_d.o
       120         16          0          0          0         92   _printf_dec.o
         6          0          0          0          0          0   _printf_e.o
         6          0          0          0          0          0   _printf_f.o
      1054          0          0          0          0        216   _printf_fp_dec.o
       128         16          0          0          0         84   _printf_fp_infnan.o
         6          0          0          0          0          0   _printf_g.o
       148          4         40          0          0        160   _printf_hex_int_ll_ptr.o
         6          0          0          0          0          0   _printf_i.o
       178          0          0          0          0         88   _printf_intcommon.o
        10          0          0          0          0          0   _printf_l.o
         6          0          0          0          0          0   _printf_lc.o
        10          0          0          0          0          0   _printf_ll.o
         6          0          0          0          0          0   _printf_lld.o
         6          0          0          0          0          0   _printf_lli.o
         6          0          0          0          0          0   _printf_llo.o
         6          0          0          0          0          0   _printf_llu.o
         6          0          0          0          0          0   _printf_llx.o
       124         16          0          0          0         92   _printf_longlong_dec.o
         6          0          0          0          0          0   _printf_ls.o
         6          0          0          0          0          0   _printf_n.o
         6          0          0          0          0          0   _printf_o.o
       112         10          0          0          0        124   _printf_oct_int_ll.o
         6          0          0          0          0          0   _printf_p.o
        78          0          0          0          0        108   _printf_pad.o
         0          0          0          0          0          0   _printf_percent.o
         4          0          0          0          0          0   _printf_percent_end.o
         6          0          0          0          0          0   _printf_s.o
        82          0          0          0          0         80   _printf_str.o
        36          0          0          0          0         84   _printf_truncate.o
         6          0          0          0          0          0   _printf_u.o
        44          0          0          0          0        108   _printf_wchar.o
       188          6          8          0          0         92   _printf_wctomb.o
         6          0          0          0          0          0   _printf_x.o
        22          0          0          0          0        100   _rserrno.o
        16          0          0          0          0         68   _snputc.o
        10          0          0          0          0         68   _sputc.o
        64          0          0          0          0         92   _wcrtomb.o
        16          0          0          0          0         68   aeabi_memset.o
       228          4        148          0          0         96   bigflt0.o
      1936        128          0          0          0        672   btod.o
        52          4          0          0          0         80   c89vsnprintf.o
        18          0          0          0          0         80   exit.o
         6          0          0          0          0        152   heapauxi.o
         0          0          0          0          0          0   indicate_semi.o
        36         10          0          0          0         80   init_aeabi.o
        44         10        272          0          0         76   lc_ctype_c.o
        44         10         28          0          0         76   lc_numeric_c.o
         2          0          0          0          0          0   libinit.o
        38          0          0          0          0          0   libinit2.o
         2          0          0          0          0          0   libshutdown.o
         2          0          0          0          0          0   libshutdown2.o
         8          4          0          0         96         68   libspace.o
       138          0          0          0          0         80   lludiv10.o
       238          0          0          0          0        100   lludivv7m.o
        16          4          0          0          0         76   rt_ctype_table.o
         8          4          0          0          0         68   rt_errno_addr_intlibspace.o
         8          4          0          0          0         68   rt_locale_intlibspace.o
        68          0          0          0          0         68   rt_memclr.o
        78          0          0          0          0         80   rt_memclr_w.o
       138          0          0          0          0         68   rt_memcpy_v6.o
       100          0          0          0          0         80   rt_memcpy_w.o
         2          0          0          0          0          0   rtexit.o
        10          0          0          0          0          0   rtexit2.o
       128          0          0          0          0         68   strcmpv7m.o
        12          4          0          0          0         68   sys_exit.o
        74          0          0          0          0         80   sys_stackheap_outer.o
         2          0          0          0          0         68   use_no_semi.o
        12          0          0          0          0        116   dretinf.o
        86          4          0          0          0        132   f2d.o
       140          4          0          0          0        132   fnaninf.o
        10          0          0          0          0        116   fpinit.o
         4          0          0          0          0        116   printf1.o
         0          0          0          0          0          0   usenofp.o
        48          0          0          0          0        124   fpclassify.o
        38          0          0          0          0        116   fpclassifyf.o
        74         24          0          0          0        580   funder.o
      1636        110        320          0          0        372   powf.o

    ----------------------------------------------------------------------
      8808        414        836          0        100       6380   Library Totals
        26          0          3          0          4          0   (incl. Padding)

    ----------------------------------------------------------------------

      Code (inc. data)   RO Data    RW Data    ZI Data      Debug   Library Name

      6734        272        513          0         96       4576   c_w.l
       252          8          0          0          0        612   fz_wm.l
      1796        134        320          0          0       1192   m_wm.l

    ----------------------------------------------------------------------
      8808        414        836          0        100       6380   Library Totals

    ----------------------------------------------------------------------

==============================================================================


      Code (inc. data)   RO Data    RW Data    ZI Data      Debug   

     36624       2566       1436        820      25628    3171553   Grand Totals
     36624       2566       1436         48      25628    3171553   ELF Image Totals (compressed)
     36624       2566       1436         48          0          0   ROM Totals

==============================================================================

    Total RO  Size (Code + RO Data)                38060 (  37.17kB)
    Total RW  Size (RW Data + ZI Data)             26448 (  25.83kB)
    Total ROM Size (Code + RO Data + RW Data)      38108 (  37.21kB)

==============================================================================

